---
http_interactions:
- request:
    method: post
    uri: https://api.stripe.com/v1/tokens
    body:
      encoding: UTF-8
      string: card[number]=4242424242424242&card[exp_month]=4&card[exp_year]=2018&card[cvc]=314
    headers:
      Accept:
      - "*/*; q=0.5, application/xml"
      Accept-Encoding:
      - gzip, deflate
      User-Agent:
      - Stripe/v1 RubyBindings/1.30.2
      Authorization:
      - Bearer sk_test_testfaketestfaketestfake
      Content-Type:
      - application/x-www-form-urlencoded
      X-Stripe-Client-User-Agent:
      - '{"bindings_version":"1.30.2","lang":"ruby","lang_version":"2.3.0 p0 (2015-12-25)","platform":"x86_64-linux","engine":"ruby","publisher":"stripe","uname":"Linux
        version 4.10.0-33-generic (buildd@lgw01-22) (gcc version 5.4.0 20160609 (Ubuntu
        5.4.0-6ubuntu1~16.04.4) ) #37~16.04.1-Ubuntu SMP Fri Aug 11 14:07:24 UTC 2017","hostname":"Sleede-SylvainPC"}'
      Content-Length:
      - '81'
  response:
    status:
      code: 200
      message: OK
    headers:
      Server:
      - nginx
      Date:
      - Mon, 18 Sep 2017 08:53:02 GMT
      Content-Type:
      - application/json
      Content-Length:
      - '779'
      Connection:
      - keep-alive
      Access-Control-Allow-Credentials:
      - 'true'
      Access-Control-Allow-Methods:
      - GET, POST, HEAD, OPTIONS, DELETE
      Access-Control-Allow-Origin:
      - "*"
      Access-Control-Expose-Headers:
      - X-Stripe-Privileged-Session-Required,stripe-manage-version,X-Stripe-External-Auth-Required
      Access-Control-Max-Age:
      - '300'
      Cache-Control:
      - no-cache, no-store
      Request-Id:
      - req_vbKmqleGbrZcOb
      Stripe-Version:
      - '2015-10-16'
      Strict-Transport-Security:
      - max-age=31556926; includeSubDomains
    body:
      encoding: UTF-8
      string: |
        {
          "id": "tok_1B3Kzy2sOmf47Nz9sGjFTkgo",
          "object": "token",
          "card": {
            "id": "card_1B3Kzy2sOmf47Nz9TT6Gk2oJ",
            "object": "card",
            "address_city": null,
            "address_country": null,
            "address_line1": null,
            "address_line1_check": null,
            "address_line2": null,
            "address_state": null,
            "address_zip": null,
            "address_zip_check": null,
            "brand": "Visa",
            "country": "US",
            "cvc_check": "unchecked",
            "dynamic_last4": null,
            "exp_month": 4,
            "exp_year": 2018,
            "fingerprint": "o52jybR7bnmNn6AT",
            "funding": "credit",
            "last4": "4242",
            "metadata": {},
            "name": null,
            "tokenization_method": null
          },
          "client_ip": "90.112.59.71",
          "created": 1505724782,
          "livemode": false,
          "type": "card",
          "used": false
        }
    http_version: 
  recorded_at: Mon, 18 Sep 2017 08:53:02 GMT
- request:
    method: get
    uri: https://api.stripe.com/v1/invoiceitems?customer=cus_8Di1wjdVktv5kt&limit=100
    body:
      encoding: US-ASCII
      string: ''
    headers:
      Accept:
      - "*/*; q=0.5, application/xml"
      Accept-Encoding:
      - gzip, deflate
      User-Agent:
      - Stripe/v1 RubyBindings/1.30.2
      Authorization:
      - Bearer sk_test_testfaketestfaketestfake
      Content-Type:
      - application/x-www-form-urlencoded
      X-Stripe-Client-User-Agent:
      - '{"bindings_version":"1.30.2","lang":"ruby","lang_version":"2.3.0 p0 (2015-12-25)","platform":"x86_64-linux","engine":"ruby","publisher":"stripe","uname":"Linux
        version 4.10.0-33-generic (buildd@lgw01-22) (gcc version 5.4.0 20160609 (Ubuntu
        5.4.0-6ubuntu1~16.04.4) ) #37~16.04.1-Ubuntu SMP Fri Aug 11 14:07:24 UTC 2017","hostname":"Sleede-SylvainPC"}'
  response:
    status:
      code: 200
      message: OK
    headers:
      Server:
      - nginx
      Date:
      - Mon, 18 Sep 2017 08:53:03 GMT
      Content-Type:
      - application/json
      Content-Length:
      - '6932'
      Connection:
      - keep-alive
      Access-Control-Allow-Credentials:
      - 'true'
      Access-Control-Allow-Methods:
      - GET, POST, HEAD, OPTIONS, DELETE
      Access-Control-Allow-Origin:
      - "*"
      Access-Control-Expose-Headers:
      - X-Stripe-Privileged-Session-Required,stripe-manage-version,X-Stripe-External-Auth-Required
      Access-Control-Max-Age:
      - '300'
      Cache-Control:
      - no-cache, no-store
      Request-Id:
      - req_BimRmUWzO804MR
      Stripe-Version:
      - '2015-10-16'
      Strict-Transport-Security:
      - max-age=31556926; includeSubDomains
    body:
      encoding: UTF-8
      string: |
        {
          "object": "list",
          "data": [
            {
              "id": "ii_1B3Kuo2sOmf47Nz9egmtGncE",
              "object": "invoiceitem",
              "amount": 3200,
              "currency": "usd",
              "customer": "cus_8Di1wjdVktv5kt",
              "date": 1505724462,
              "description": "FORM1+ imprimante 3D September 17, 2017 14:00 - 03:00 PM",
              "discountable": true,
              "invoice": "in_1B3Kut2sOmf47Nz9ht8mAIGU",
              "livemode": false,
              "metadata": {},
              "period": {
                "start": 1505724462,
                "end": 1505724462
              },
              "plan": null,
              "proration": false,
              "quantity": null,
              "subscription": null
            },
            {
              "id": "ii_1B3KuK2sOmf47Nz9RqRGmh0l",
              "object": "invoiceitem",
              "amount": 5100,
              "currency": "usd",
              "customer": "cus_8Di1wjdVktv5kt",
              "date": 1505724432,
              "description": "Formation Imprimante 3D September 18, 2017 08:00 - 12:00 PM",
              "discountable": true,
              "invoice": "in_1B3KuO2sOmf47Nz9invMhPqV",
              "livemode": false,
              "metadata": {},
              "period": {
                "start": 1505724432,
                "end": 1505724432
              },
              "plan": null,
              "proration": false,
              "quantity": null,
              "subscription": null
            },
            {
              "id": "ii_1B3Ku62sOmf47Nz92wSUMzHq",
              "object": "invoiceitem",
              "amount": -675,
              "currency": "usd",
              "customer": "cus_8Di1wjdVktv5kt",
              "date": 1505724418,
              "description": "coupon SUNNYFABLAB",
              "discountable": false,
              "invoice": "in_1B3Ku92sOmf47Nz9MmYnmpwr",
              "livemode": false,
              "metadata": {},
              "period": {
                "start": 1505724418,
                "end": 1505724418
              },
              "plan": null,
              "proration": false,
              "quantity": null,
              "subscription": null
            },
            {
              "id": "ii_1B3Ku52sOmf47Nz9vmqyS5Gy",
              "object": "invoiceitem",
              "amount": 1500,
              "currency": "usd",
              "customer": "cus_8Di1wjdVktv5kt",
              "date": 1505724417,
              "description": "FORM1+ imprimante 3D September 17, 2017 14:00 - 03:00 PM",
              "discountable": true,
              "invoice": "in_1B3Ku92sOmf47Nz9MmYnmpwr",
              "livemode": false,
              "metadata": {},
              "period": {
                "start": 1505724417,
                "end": 1505724417
              },
              "plan": null,
              "proration": false,
              "quantity": null,
              "subscription": null
            },
            {
              "id": "ii_18rRuK2sOmf47Nz9ye4DQ4PM",
              "object": "invoiceitem",
              "amount": -510,
              "currency": "usd",
              "customer": "cus_8Di1wjdVktv5kt",
              "date": 1473338732,
              "description": "coupon XMAS10",
              "discountable": false,
              "invoice": "in_18rRuO2sOmf47Nz9qbfxBA0D",
              "livemode": false,
              "metadata": {},
              "period": {
                "start": 1473338732,
                "end": 1473338732
              },
              "plan": null,
              "proration": false,
              "quantity": null,
              "subscription": null
            },
            {
              "id": "ii_18rRuJ2sOmf47Nz9S7f6qfEz",
              "object": "invoiceitem",
              "amount": 5100,
              "currency": "usd",
              "customer": "cus_8Di1wjdVktv5kt",
              "date": 1473338731,
              "description": "Formation Imprimante 3D September 05, 2016 08:00 - 09:00 AM",
              "discountable": true,
              "invoice": "in_18rRuO2sOmf47Nz9qbfxBA0D",
              "livemode": false,
              "metadata": {},
              "period": {
                "start": 1473338731,
                "end": 1473338731
              },
              "plan": null,
              "proration": false,
              "quantity": null,
              "subscription": null
            },
            {
              "id": "ii_18rNSp2sOmf47Nz9S0rJVP2a",
              "object": "invoiceitem",
              "amount": -450,
              "currency": "usd",
              "customer": "cus_8Di1wjdVktv5kt",
              "date": 1473321651,
              "description": "coupon SUNNYFABLAB",
              "discountable": false,
              "invoice": "in_18rNSq2sOmf47Nz91hxlGSa7",
              "livemode": false,
              "metadata": {},
              "period": {
                "start": 1473321651,
                "end": 1473321651
              },
              "plan": null,
              "proration": false,
              "quantity": null,
              "subscription": null
            },
            {
              "id": "ii_18rNSm2sOmf47Nz9R11Svoer",
              "object": "invoiceitem",
              "amount": -225,
              "currency": "usd",
              "customer": "cus_8Di1wjdVktv5kt",
              "date": 1473321648,
              "description": "coupon SUNNYFABLAB",
              "discountable": false,
              "invoice": "in_18rNSq2sOmf47Nz91hxlGSa7",
              "livemode": false,
              "metadata": {},
              "period": {
                "start": 1473321648,
                "end": 1473321648
              },
              "plan": null,
              "proration": false,
              "quantity": null,
              "subscription": null
            },
            {
              "id": "ii_18rNSm2sOmf47Nz9avgL9KyW",
              "object": "invoiceitem",
              "amount": 1500,
              "currency": "usd",
              "customer": "cus_8Di1wjdVktv5kt",
              "date": 1473321648,
              "description": "FORM1+ imprimante 3D September 04, 2016 14:00 - 03:00 PM",
              "discountable": true,
              "invoice": "in_18rNSq2sOmf47Nz91hxlGSa7",
              "livemode": false,
              "metadata": {},
              "period": {
                "start": 1473321648,
                "end": 1473321648
              },
              "plan": null,
              "proration": false,
              "quantity": null,
              "subscription": null
            },
            {
              "id": "ii_17xeeI2sOmf47Nz9qEhwu9J6",
              "object": "invoiceitem",
              "amount": 5100,
              "currency": "usd",
              "customer": "cus_8Di1wjdVktv5kt",
              "date": 1460041342,
              "description": "Formation Imprimante 3D April 12, 2016 08:00 - 12:00 PM",
              "discountable": true,
              "invoice": "in_17xeeM2sOmf47Nz9kzn0pC8f",
              "livemode": false,
              "metadata": {},
              "period": {
                "start": 1460041342,
                "end": 1460041342
              },
              "plan": null,
              "proration": false,
              "quantity": null,
              "subscription": null
            },
            {
              "id": "ii_17xHFG2sOmf47Nz9hhIaJZtF",
              "object": "invoiceitem",
              "amount": 3200,
              "currency": "usd",
              "customer": "cus_8Di1wjdVktv5kt",
              "date": 1459951378,
              "description": "FORM1+ imprimante 3D April 11, 2016 14:00 - 03:00 PM",
              "discountable": true,
              "invoice": "in_17xHFK2sOmf47Nz9jegPFlNt",
              "livemode": false,
              "metadata": {},
              "period": {
                "start": 1459951378,
                "end": 1459951378
              },
              "plan": null,
              "proration": false,
              "quantity": null,
              "subscription": null
            },
            {
              "id": "ii_17xHF82sOmf47Nz9QT6BnkAZ",
              "object": "invoiceitem",
              "amount": 5100,
              "currency": "usd",
              "customer": "cus_8Di1wjdVktv5kt",
              "date": 1459951370,
              "description": "Formation Imprimante 3D April 12, 2016 08:00 - 09:00 AM",
              "discountable": true,
              "invoice": "in_17xHFC2sOmf47Nz9ZZeO0yST",
              "livemode": false,
              "metadata": {},
              "period": {
                "start": 1459951370,
                "end": 1459951370
              },
              "plan": null,
              "proration": false,
              "quantity": null,
              "subscription": null
            }
          ],
          "has_more": false,
          "url": "/v1/invoiceitems"
        }
    http_version: 
  recorded_at: Mon, 18 Sep 2017 08:53:03 GMT
- request:
    method: post
    uri: https://api.stripe.com/v1/invoiceitems
    body:
      encoding: UTF-8
      string: customer=cus_8Di1wjdVktv5kt&amount=1500&currency=usd&description=FORM1%2B+imprimante+3D+September+17%2C+2017+14%3A00+-+03%3A00+PM
    headers:
      Accept:
      - "*/*; q=0.5, application/xml"
      Accept-Encoding:
      - gzip, deflate
      User-Agent:
      - Stripe/v1 RubyBindings/1.30.2
      Authorization:
      - Bearer sk_test_testfaketestfaketestfake
      Content-Type:
      - application/x-www-form-urlencoded
      X-Stripe-Client-User-Agent:
      - '{"bindings_version":"1.30.2","lang":"ruby","lang_version":"2.3.0 p0 (2015-12-25)","platform":"x86_64-linux","engine":"ruby","publisher":"stripe","uname":"Linux
        version 4.10.0-33-generic (buildd@lgw01-22) (gcc version 5.4.0 20160609 (Ubuntu
        5.4.0-6ubuntu1~16.04.4) ) #37~16.04.1-Ubuntu SMP Fri Aug 11 14:07:24 UTC 2017","hostname":"Sleede-SylvainPC"}'
      Content-Length:
      - '129'
  response:
    status:
      code: 200
      message: OK
    headers:
      Server:
      - nginx
      Date:
      - Mon, 18 Sep 2017 08:53:04 GMT
      Content-Type:
      - application/json
      Content-Length:
      - '473'
      Connection:
      - keep-alive
      Access-Control-Allow-Credentials:
      - 'true'
      Access-Control-Allow-Methods:
      - GET, POST, HEAD, OPTIONS, DELETE
      Access-Control-Allow-Origin:
      - "*"
      Access-Control-Expose-Headers:
      - X-Stripe-Privileged-Session-Required,stripe-manage-version,X-Stripe-External-Auth-Required
      Access-Control-Max-Age:
      - '300'
      Cache-Control:
      - no-cache, no-store
      Request-Id:
      - req_3uaSnoGLh6fY1j
      Stripe-Version:
      - '2015-10-16'
      Strict-Transport-Security:
      - max-age=31556926; includeSubDomains
    body:
      encoding: UTF-8
      string: |
        {
          "id": "ii_1B3L002sOmf47Nz9FjqPZEye",
          "object": "invoiceitem",
          "amount": 1500,
          "currency": "usd",
          "customer": "cus_8Di1wjdVktv5kt",
          "date": 1505724784,
          "description": "FORM1+ imprimante 3D September 17, 2017 14:00 - 03:00 PM",
          "discountable": true,
          "invoice": null,
          "livemode": false,
          "metadata": {},
          "period": {
            "start": 1505724784,
            "end": 1505724784
          },
          "plan": null,
          "proration": false,
          "quantity": null,
          "subscription": null
        }
    http_version: 
  recorded_at: Mon, 18 Sep 2017 08:53:05 GMT
- request:
    method: post
    uri: https://api.stripe.com/v1/invoiceitems
    body:
      encoding: UTF-8
      string: customer=cus_8Di1wjdVktv5kt&amount=-675&currency=usd&description=coupon+SUNNYFABLAB
    headers:
      Accept:
      - "*/*; q=0.5, application/xml"
      Accept-Encoding:
      - gzip, deflate
      User-Agent:
      - Stripe/v1 RubyBindings/1.30.2
      Authorization:
      - Bearer sk_test_testfaketestfaketestfake
      Content-Type:
      - application/x-www-form-urlencoded
      X-Stripe-Client-User-Agent:
      - '{"bindings_version":"1.30.2","lang":"ruby","lang_version":"2.3.0 p0 (2015-12-25)","platform":"x86_64-linux","engine":"ruby","publisher":"stripe","uname":"Linux
        version 4.10.0-33-generic (buildd@lgw01-22) (gcc version 5.4.0 20160609 (Ubuntu
        5.4.0-6ubuntu1~16.04.4) ) #37~16.04.1-Ubuntu SMP Fri Aug 11 14:07:24 UTC 2017","hostname":"Sleede-SylvainPC"}'
      Content-Length:
      - '83'
  response:
    status:
      code: 200
      message: OK
    headers:
      Server:
      - nginx
      Date:
      - Mon, 18 Sep 2017 08:53:05 GMT
      Content-Type:
      - application/json
      Content-Length:
      - '436'
      Connection:
      - keep-alive
      Access-Control-Allow-Credentials:
      - 'true'
      Access-Control-Allow-Methods:
      - GET, POST, HEAD, OPTIONS, DELETE
      Access-Control-Allow-Origin:
      - "*"
      Access-Control-Expose-Headers:
      - X-Stripe-Privileged-Session-Required,stripe-manage-version,X-Stripe-External-Auth-Required
      Access-Control-Max-Age:
      - '300'
      Cache-Control:
      - no-cache, no-store
      Request-Id:
      - req_PvqUnWyunXe4ET
      Stripe-Version:
      - '2015-10-16'
      Strict-Transport-Security:
      - max-age=31556926; includeSubDomains
    body:
      encoding: UTF-8
      string: |
        {
          "id": "ii_1B3L012sOmf47Nz948JNFRoK",
          "object": "invoiceitem",
          "amount": -675,
          "currency": "usd",
          "customer": "cus_8Di1wjdVktv5kt",
          "date": 1505724785,
          "description": "coupon SUNNYFABLAB",
          "discountable": false,
          "invoice": null,
          "livemode": false,
          "metadata": {},
          "period": {
            "start": 1505724785,
            "end": 1505724785
          },
          "plan": null,
          "proration": false,
          "quantity": null,
          "subscription": null
        }
    http_version: 
  recorded_at: Mon, 18 Sep 2017 08:53:05 GMT
- request:
    method: get
    uri: https://api.stripe.com/v1/customers/cus_8Di1wjdVktv5kt
    body:
      encoding: US-ASCII
      string: ''
    headers:
      Accept:
      - "*/*; q=0.5, application/xml"
      Accept-Encoding:
      - gzip, deflate
      User-Agent:
      - Stripe/v1 RubyBindings/1.30.2
      Authorization:
      - Bearer sk_test_testfaketestfaketestfake
      Content-Type:
      - application/x-www-form-urlencoded
      X-Stripe-Client-User-Agent:
      - '{"bindings_version":"1.30.2","lang":"ruby","lang_version":"2.3.0 p0 (2015-12-25)","platform":"x86_64-linux","engine":"ruby","publisher":"stripe","uname":"Linux
        version 4.10.0-33-generic (buildd@lgw01-22) (gcc version 5.4.0 20160609 (Ubuntu
        5.4.0-6ubuntu1~16.04.4) ) #37~16.04.1-Ubuntu SMP Fri Aug 11 14:07:24 UTC 2017","hostname":"Sleede-SylvainPC"}'
  response:
    status:
      code: 200
      message: OK
    headers:
      Server:
      - nginx
      Date:
      - Mon, 18 Sep 2017 08:53:06 GMT
      Content-Type:
      - application/json
      Content-Length:
      - '5626'
      Connection:
      - keep-alive
      Access-Control-Allow-Credentials:
      - 'true'
      Access-Control-Allow-Methods:
      - GET, POST, HEAD, OPTIONS, DELETE
      Access-Control-Allow-Origin:
      - "*"
      Access-Control-Expose-Headers:
      - X-Stripe-Privileged-Session-Required,stripe-manage-version,X-Stripe-External-Auth-Required
      Access-Control-Max-Age:
      - '300'
      Cache-Control:
      - no-cache, no-store
      Request-Id:
      - req_RWcPI7fiydE5H4
      Stripe-Version:
      - '2015-10-16'
      Strict-Transport-Security:
      - max-age=31556926; includeSubDomains
    body:
      encoding: UTF-8
      string: |
        {
          "id": "cus_8Di1wjdVktv5kt",
          "object": "customer",
          "account_balance": 0,
          "created": 1459948888,
          "currency": "usd",
          "default_source": "card_1B3KvG2sOmf47Nz9vdggtLMh",
          "delinquent": false,
          "description": "Jean Dupond",
          "discount": null,
          "email": "jean.dupond@gmail.com",
          "livemode": false,
          "metadata": {},
          "shipping": null,
          "sources": {
            "object": "list",
            "data": [
              {
                "id": "card_1B3KvG2sOmf47Nz9vdggtLMh",
                "object": "card",
                "address_city": null,
                "address_country": null,
                "address_line1": null,
                "address_line1_check": null,
                "address_line2": null,
                "address_state": null,
                "address_zip": null,
                "address_zip_check": null,
                "brand": "Visa",
                "country": "US",
                "customer": "cus_8Di1wjdVktv5kt",
                "cvc_check": "pass",
                "dynamic_last4": null,
                "exp_month": 4,
                "exp_year": 2018,
                "fingerprint": "o52jybR7bnmNn6AT",
                "funding": "credit",
                "last4": "4242",
                "metadata": {},
                "name": null,
                "tokenization_method": null
              }
            ],
            "has_more": false,
            "total_count": 1,
            "url": "/v1/customers/cus_8Di1wjdVktv5kt/sources"
          },
          "subscriptions": {
            "object": "list",
            "data": [
              {
                "id": "sub_BQBH03MUz5WO4y",
                "object": "subscription",
                "application_fee_percent": null,
                "billing": "charge_automatically",
                "cancel_at_period_end": true,
                "canceled_at": 1505724499,
                "created": 1505724494,
                "current_period_end": 1508316494,
                "current_period_start": 1505724494,
                "customer": "cus_8Di1wjdVktv5kt",
                "discount": null,
                "ended_at": null,
                "items": {
                  "object": "list",
                  "data": [
                    {
                      "id": "si_1B3KvK2sOmf47Nz9mNLN0l2q",
                      "object": "subscription_item",
                      "created": 1505724494,
                      "metadata": {},
                      "plan": {
                        "id": "mensuel-standard-month-20160404171519",
                        "object": "plan",
                        "amount": 3000,
                        "created": 1459782921,
                        "currency": "usd",
                        "interval": "month",
                        "interval_count": 1,
                        "livemode": false,
                        "metadata": {},
                        "name": "Mensuel - standard, association - month",
                        "statement_descriptor": null,
                        "trial_period_days": null
                      },
                      "quantity": 1
                    }
                  ],
                  "has_more": false,
                  "total_count": 1,
                  "url": "/v1/subscription_items?subscription=sub_BQBH03MUz5WO4y"
                },
                "livemode": false,
                "metadata": {},
                "plan": {
                  "id": "mensuel-standard-month-20160404171519",
                  "object": "plan",
                  "amount": 3000,
                  "created": 1459782921,
                  "currency": "usd",
                  "interval": "month",
                  "interval_count": 1,
                  "livemode": false,
                  "metadata": {},
                  "name": "Mensuel - standard, association - month",
                  "statement_descriptor": null,
                  "trial_period_days": null
                },
                "quantity": 1,
                "start": 1505724494,
                "status": "active",
                "tax_percent": null,
                "trial_end": null,
                "trial_start": null
              },
              {
                "id": "sub_BQBGRftUBikhtm",
                "object": "subscription",
                "application_fee_percent": null,
                "billing": "charge_automatically",
                "cancel_at_period_end": true,
                "canceled_at": 1505724425,
                "created": 1505724421,
                "current_period_end": 1508316421,
                "current_period_start": 1505724421,
                "customer": "cus_8Di1wjdVktv5kt",
                "discount": null,
                "ended_at": null,
                "items": {
                  "object": "list",
                  "data": [
                    {
                      "id": "si_1B3Ku92sOmf47Nz9sdo927vf",
                      "object": "subscription_item",
                      "created": 1505724421,
                      "metadata": {},
                      "plan": {
                        "id": "mensuel-standard-month-20160404171519",
                        "object": "plan",
                        "amount": 3000,
                        "created": 1459782921,
                        "currency": "usd",
                        "interval": "month",
                        "interval_count": 1,
                        "livemode": false,
                        "metadata": {},
                        "name": "Mensuel - standard, association - month",
                        "statement_descriptor": null,
                        "trial_period_days": null
                      },
                      "quantity": 1
                    }
                  ],
                  "has_more": false,
                  "total_count": 1,
                  "url": "/v1/subscription_items?subscription=sub_BQBGRftUBikhtm"
                },
                "livemode": false,
                "metadata": {},
                "plan": {
                  "id": "mensuel-standard-month-20160404171519",
                  "object": "plan",
                  "amount": 3000,
                  "created": 1459782921,
                  "currency": "usd",
                  "interval": "month",
                  "interval_count": 1,
                  "livemode": false,
                  "metadata": {},
                  "name": "Mensuel - standard, association - month",
                  "statement_descriptor": null,
                  "trial_period_days": null
                },
                "quantity": 1,
                "start": 1505724421,
                "status": "active",
                "tax_percent": null,
                "trial_end": null,
                "trial_start": null
              }
            ],
            "has_more": false,
            "total_count": 2,
            "url": "/v1/customers/cus_8Di1wjdVktv5kt/subscriptions"
          }
        }
    http_version: 
  recorded_at: Mon, 18 Sep 2017 08:53:06 GMT
- request:
    method: get
    uri: https://api.stripe.com/v1/customers/cus_8Di1wjdVktv5kt
    body:
      encoding: US-ASCII
      string: ''
    headers:
      Accept:
      - "*/*; q=0.5, application/xml"
      Accept-Encoding:
      - gzip, deflate
      User-Agent:
      - Stripe/v1 RubyBindings/1.30.2
      Authorization:
      - Bearer sk_test_testfaketestfaketestfake
      Content-Type:
      - application/x-www-form-urlencoded
      X-Stripe-Client-User-Agent:
      - '{"bindings_version":"1.30.2","lang":"ruby","lang_version":"2.3.0 p0 (2015-12-25)","platform":"x86_64-linux","engine":"ruby","publisher":"stripe","uname":"Linux
        version 4.10.0-33-generic (buildd@lgw01-22) (gcc version 5.4.0 20160609 (Ubuntu
        5.4.0-6ubuntu1~16.04.4) ) #37~16.04.1-Ubuntu SMP Fri Aug 11 14:07:24 UTC 2017","hostname":"Sleede-SylvainPC"}'
  response:
    status:
      code: 200
      message: OK
    headers:
      Server:
      - nginx
      Date:
      - Mon, 18 Sep 2017 08:53:07 GMT
      Content-Type:
      - application/json
      Content-Length:
      - '5626'
      Connection:
      - keep-alive
      Access-Control-Allow-Credentials:
      - 'true'
      Access-Control-Allow-Methods:
      - GET, POST, HEAD, OPTIONS, DELETE
      Access-Control-Allow-Origin:
      - "*"
      Access-Control-Expose-Headers:
      - X-Stripe-Privileged-Session-Required,stripe-manage-version,X-Stripe-External-Auth-Required
      Access-Control-Max-Age:
      - '300'
      Cache-Control:
      - no-cache, no-store
      Request-Id:
      - req_Q3pIj8r3XdrR0g
      Stripe-Version:
      - '2015-10-16'
      Strict-Transport-Security:
      - max-age=31556926; includeSubDomains
    body:
      encoding: UTF-8
      string: |
        {
          "id": "cus_8Di1wjdVktv5kt",
          "object": "customer",
          "account_balance": 0,
          "created": 1459948888,
          "currency": "usd",
          "default_source": "card_1B3KvG2sOmf47Nz9vdggtLMh",
          "delinquent": false,
          "description": "Jean Dupond",
          "discount": null,
          "email": "jean.dupond@gmail.com",
          "livemode": false,
          "metadata": {},
          "shipping": null,
          "sources": {
            "object": "list",
            "data": [
              {
                "id": "card_1B3KvG2sOmf47Nz9vdggtLMh",
                "object": "card",
                "address_city": null,
                "address_country": null,
                "address_line1": null,
                "address_line1_check": null,
                "address_line2": null,
                "address_state": null,
                "address_zip": null,
                "address_zip_check": null,
                "brand": "Visa",
                "country": "US",
                "customer": "cus_8Di1wjdVktv5kt",
                "cvc_check": "pass",
                "dynamic_last4": null,
                "exp_month": 4,
                "exp_year": 2018,
                "fingerprint": "o52jybR7bnmNn6AT",
                "funding": "credit",
                "last4": "4242",
                "metadata": {},
                "name": null,
                "tokenization_method": null
              }
            ],
            "has_more": false,
            "total_count": 1,
            "url": "/v1/customers/cus_8Di1wjdVktv5kt/sources"
          },
          "subscriptions": {
            "object": "list",
            "data": [
              {
                "id": "sub_BQBH03MUz5WO4y",
                "object": "subscription",
                "application_fee_percent": null,
                "billing": "charge_automatically",
                "cancel_at_period_end": true,
                "canceled_at": 1505724499,
                "created": 1505724494,
                "current_period_end": 1508316494,
                "current_period_start": 1505724494,
                "customer": "cus_8Di1wjdVktv5kt",
                "discount": null,
                "ended_at": null,
                "items": {
                  "object": "list",
                  "data": [
                    {
                      "id": "si_1B3KvK2sOmf47Nz9mNLN0l2q",
                      "object": "subscription_item",
                      "created": 1505724494,
                      "metadata": {},
                      "plan": {
                        "id": "mensuel-standard-month-20160404171519",
                        "object": "plan",
                        "amount": 3000,
                        "created": 1459782921,
                        "currency": "usd",
                        "interval": "month",
                        "interval_count": 1,
                        "livemode": false,
                        "metadata": {},
                        "name": "Mensuel - standard, association - month",
                        "statement_descriptor": null,
                        "trial_period_days": null
                      },
                      "quantity": 1
                    }
                  ],
                  "has_more": false,
                  "total_count": 1,
                  "url": "/v1/subscription_items?subscription=sub_BQBH03MUz5WO4y"
                },
                "livemode": false,
                "metadata": {},
                "plan": {
                  "id": "mensuel-standard-month-20160404171519",
                  "object": "plan",
                  "amount": 3000,
                  "created": 1459782921,
                  "currency": "usd",
                  "interval": "month",
                  "interval_count": 1,
                  "livemode": false,
                  "metadata": {},
                  "name": "Mensuel - standard, association - month",
                  "statement_descriptor": null,
                  "trial_period_days": null
                },
                "quantity": 1,
                "start": 1505724494,
                "status": "active",
                "tax_percent": null,
                "trial_end": null,
                "trial_start": null
              },
              {
                "id": "sub_BQBGRftUBikhtm",
                "object": "subscription",
                "application_fee_percent": null,
                "billing": "charge_automatically",
                "cancel_at_period_end": true,
                "canceled_at": 1505724425,
                "created": 1505724421,
                "current_period_end": 1508316421,
                "current_period_start": 1505724421,
                "customer": "cus_8Di1wjdVktv5kt",
                "discount": null,
                "ended_at": null,
                "items": {
                  "object": "list",
                  "data": [
                    {
                      "id": "si_1B3Ku92sOmf47Nz9sdo927vf",
                      "object": "subscription_item",
                      "created": 1505724421,
                      "metadata": {},
                      "plan": {
                        "id": "mensuel-standard-month-20160404171519",
                        "object": "plan",
                        "amount": 3000,
                        "created": 1459782921,
                        "currency": "usd",
                        "interval": "month",
                        "interval_count": 1,
                        "livemode": false,
                        "metadata": {},
                        "name": "Mensuel - standard, association - month",
                        "statement_descriptor": null,
                        "trial_period_days": null
                      },
                      "quantity": 1
                    }
                  ],
                  "has_more": false,
                  "total_count": 1,
                  "url": "/v1/subscription_items?subscription=sub_BQBGRftUBikhtm"
                },
                "livemode": false,
                "metadata": {},
                "plan": {
                  "id": "mensuel-standard-month-20160404171519",
                  "object": "plan",
                  "amount": 3000,
                  "created": 1459782921,
                  "currency": "usd",
                  "interval": "month",
                  "interval_count": 1,
                  "livemode": false,
                  "metadata": {},
                  "name": "Mensuel - standard, association - month",
                  "statement_descriptor": null,
                  "trial_period_days": null
                },
                "quantity": 1,
                "start": 1505724421,
                "status": "active",
                "tax_percent": null,
                "trial_end": null,
                "trial_start": null
              }
            ],
            "has_more": false,
            "total_count": 2,
            "url": "/v1/customers/cus_8Di1wjdVktv5kt/subscriptions"
          }
        }
    http_version: 
  recorded_at: Mon, 18 Sep 2017 08:53:07 GMT
- request:
    method: post
    uri: https://api.stripe.com/v1/customers/cus_8Di1wjdVktv5kt/subscriptions
    body:
      encoding: UTF-8
      string: plan=mensuel-standard-month-20160404171519&source=tok_1B3Kzy2sOmf47Nz9sGjFTkgo
    headers:
      Accept:
      - "*/*; q=0.5, application/xml"
      Accept-Encoding:
      - gzip, deflate
      User-Agent:
      - Stripe/v1 RubyBindings/1.30.2
      Authorization:
      - Bearer sk_test_testfaketestfaketestfake
      Content-Type:
      - application/x-www-form-urlencoded
      X-Stripe-Client-User-Agent:
      - '{"bindings_version":"1.30.2","lang":"ruby","lang_version":"2.3.0 p0 (2015-12-25)","platform":"x86_64-linux","engine":"ruby","publisher":"stripe","uname":"Linux
        version 4.10.0-33-generic (buildd@lgw01-22) (gcc version 5.4.0 20160609 (Ubuntu
        5.4.0-6ubuntu1~16.04.4) ) #37~16.04.1-Ubuntu SMP Fri Aug 11 14:07:24 UTC 2017","hostname":"Sleede-SylvainPC"}'
      Content-Length:
      - '78'
  response:
    status:
      code: 200
      message: OK
    headers:
      Server:
      - nginx
      Date:
      - Mon, 18 Sep 2017 08:53:10 GMT
      Content-Type:
      - application/json
      Content-Length:
      - '1711'
      Connection:
      - keep-alive
      Access-Control-Allow-Credentials:
      - 'true'
      Access-Control-Allow-Methods:
      - GET, POST, HEAD, OPTIONS, DELETE
      Access-Control-Allow-Origin:
      - "*"
      Access-Control-Expose-Headers:
      - X-Stripe-Privileged-Session-Required,stripe-manage-version,X-Stripe-External-Auth-Required
      Access-Control-Max-Age:
      - '300'
      Cache-Control:
      - no-cache, no-store
      Request-Id:
      - req_uxFA9gyDW762gv
      Stripe-Version:
      - '2015-10-16'
      Strict-Transport-Security:
      - max-age=31556926; includeSubDomains
    body:
      encoding: UTF-8
      string: |
        {
          "id": "sub_BQBMKKS6nutZLr",
          "object": "subscription",
          "application_fee_percent": null,
          "billing": "charge_automatically",
          "cancel_at_period_end": false,
          "canceled_at": null,
          "created": 1505724789,
          "current_period_end": 1508316789,
          "current_period_start": 1505724789,
          "customer": "cus_8Di1wjdVktv5kt",
          "discount": null,
          "ended_at": null,
          "items": {
            "object": "list",
            "data": [
              {
                "id": "si_1B3L052sOmf47Nz9MoxGlk6i",
                "object": "subscription_item",
                "created": 1505724789,
                "metadata": {},
                "plan": {
                  "id": "mensuel-standard-month-20160404171519",
                  "object": "plan",
                  "amount": 3000,
                  "created": 1459782921,
                  "currency": "usd",
                  "interval": "month",
                  "interval_count": 1,
                  "livemode": false,
                  "metadata": {},
                  "name": "Mensuel - standard, association - month",
                  "statement_descriptor": null,
                  "trial_period_days": null
                },
                "quantity": 1
              }
            ],
            "has_more": false,
            "total_count": 1,
            "url": "/v1/subscription_items?subscription=sub_BQBMKKS6nutZLr"
          },
          "livemode": false,
          "metadata": {},
          "plan": {
            "id": "mensuel-standard-month-20160404171519",
            "object": "plan",
            "amount": 3000,
            "created": 1459782921,
            "currency": "usd",
            "interval": "month",
            "interval_count": 1,
            "livemode": false,
            "metadata": {},
            "name": "Mensuel - standard, association - month",
            "statement_descriptor": null,
            "trial_period_days": null
          },
          "quantity": 1,
          "start": 1505724789,
          "status": "active",
          "tax_percent": null,
          "trial_end": null,
          "trial_start": null
        }
    http_version: 
  recorded_at: Mon, 18 Sep 2017 08:53:10 GMT
- request:
    method: get
    uri: https://api.stripe.com/v1/invoices?customer=cus_8Di1wjdVktv5kt&limit=1
    body:
      encoding: US-ASCII
      string: ''
    headers:
      Accept:
      - "*/*; q=0.5, application/xml"
      Accept-Encoding:
      - gzip, deflate
      User-Agent:
      - Stripe/v1 RubyBindings/1.30.2
      Authorization:
      - Bearer sk_test_testfaketestfaketestfake
      Content-Type:
      - application/x-www-form-urlencoded
      X-Stripe-Client-User-Agent:
      - '{"bindings_version":"1.30.2","lang":"ruby","lang_version":"2.3.0 p0 (2015-12-25)","platform":"x86_64-linux","engine":"ruby","publisher":"stripe","uname":"Linux
        version 4.10.0-33-generic (buildd@lgw01-22) (gcc version 5.4.0 20160609 (Ubuntu
        5.4.0-6ubuntu1~16.04.4) ) #37~16.04.1-Ubuntu SMP Fri Aug 11 14:07:24 UTC 2017","hostname":"Sleede-SylvainPC"}'
  response:
    status:
      code: 200
      message: OK
    headers:
      Server:
      - nginx
      Date:
      - Mon, 18 Sep 2017 08:53:10 GMT
      Content-Type:
      - application/json
      Content-Length:
      - '3530'
      Connection:
      - keep-alive
      Access-Control-Allow-Credentials:
      - 'true'
      Access-Control-Allow-Methods:
      - GET, POST, HEAD, OPTIONS, DELETE
      Access-Control-Allow-Origin:
      - "*"
      Access-Control-Expose-Headers:
      - X-Stripe-Privileged-Session-Required,stripe-manage-version,X-Stripe-External-Auth-Required
      Access-Control-Max-Age:
      - '300'
      Cache-Control:
      - no-cache, no-store
      Request-Id:
      - req_xIAGJ2MsU1Gmkp
      Stripe-Version:
      - '2015-10-16'
      Strict-Transport-Security:
      - max-age=31556926; includeSubDomains
    body:
      encoding: UTF-8
      string: |
        {
          "object": "list",
          "data": [
            {
              "id": "in_1B3L052sOmf47Nz9zx9vIGks",
              "object": "invoice",
              "amount_due": 3825,
              "application_fee": null,
              "attempt_count": 1,
              "attempted": true,
              "billing": "charge_automatically",
              "charge": "ch_1B3L052sOmf47Nz9yFwS4Xua",
              "closed": true,
              "currency": "usd",
              "customer": "cus_8Di1wjdVktv5kt",
              "date": 1505724789,
              "description": null,
              "discount": null,
              "ending_balance": 0,
              "forgiven": false,
              "lines": {
                "object": "list",
                "data": [
                  {
                    "id": "ii_1B3L012sOmf47Nz948JNFRoK",
                    "object": "line_item",
                    "amount": -675,
                    "currency": "usd",
                    "description": "coupon SUNNYFABLAB",
                    "discountable": false,
                    "livemode": false,
                    "metadata": {},
                    "period": {
                      "start": 1505724785,
                      "end": 1505724785
                    },
                    "plan": null,
                    "proration": false,
                    "quantity": null,
                    "subscription": null,
                    "type": "invoiceitem"
                  },
                  {
                    "id": "ii_1B3L002sOmf47Nz9FjqPZEye",
                    "object": "line_item",
                    "amount": 1500,
                    "currency": "usd",
                    "description": "FORM1+ imprimante 3D September 17, 2017 14:00 - 03:00 PM",
                    "discountable": true,
                    "livemode": false,
                    "metadata": {},
                    "period": {
                      "start": 1505724784,
                      "end": 1505724784
                    },
                    "plan": null,
                    "proration": false,
                    "quantity": null,
                    "subscription": null,
                    "type": "invoiceitem"
                  },
                  {
                    "id": "sub_BQBMKKS6nutZLr",
                    "object": "line_item",
                    "amount": 3000,
                    "currency": "usd",
                    "description": null,
                    "discountable": true,
                    "livemode": false,
                    "metadata": {},
                    "period": {
                      "start": 1505724789,
                      "end": 1508316789
                    },
                    "plan": {
                      "id": "mensuel-standard-month-20160404171519",
                      "object": "plan",
                      "amount": 3000,
                      "created": 1459782921,
                      "currency": "usd",
                      "interval": "month",
                      "interval_count": 1,
                      "livemode": false,
                      "metadata": {},
                      "name": "Mensuel - standard, association - month",
                      "statement_descriptor": null,
                      "trial_period_days": null
                    },
                    "proration": false,
                    "quantity": 1,
                    "subscription": null,
                    "subscription_item": "si_1B3L052sOmf47Nz9MoxGlk6i",
                    "type": "subscription"
                  }
                ],
                "has_more": false,
                "total_count": 3,
                "url": "/v1/invoices/in_1B3L052sOmf47Nz9zx9vIGks/lines"
              },
              "livemode": false,
              "metadata": {},
              "next_payment_attempt": null,
              "number": "d4cc0e661c-0005",
              "paid": true,
              "period_end": 1505724789,
              "period_start": 1505724421,
              "receipt_number": null,
              "starting_balance": 0,
              "statement_descriptor": null,
              "subscription": "sub_BQBMKKS6nutZLr",
              "subtotal": 3825,
              "tax": null,
              "tax_percent": null,
              "total": 3825,
              "webhooks_delivered_at": 1505724789
            }
          ],
          "has_more": true,
          "url": "/v1/invoices"
        }
    http_version: 
  recorded_at: Mon, 18 Sep 2017 08:53:11 GMT
- request:
    method: get
    uri: https://api.stripe.com/v1/customers/cus_8Di1wjdVktv5kt
    body:
      encoding: US-ASCII
      string: ''
    headers:
      Accept:
      - "*/*; q=0.5, application/xml"
      Accept-Encoding:
      - gzip, deflate
      User-Agent:
      - Stripe/v1 RubyBindings/1.30.2
      Authorization:
      - Bearer sk_test_testfaketestfaketestfake
      Content-Type:
      - application/x-www-form-urlencoded
      X-Stripe-Client-User-Agent:
      - '{"bindings_version":"1.30.2","lang":"ruby","lang_version":"2.3.0 p0 (2015-12-25)","platform":"x86_64-linux","engine":"ruby","publisher":"stripe","uname":"Linux
        version 4.10.0-33-generic (buildd@lgw01-22) (gcc version 5.4.0 20160609 (Ubuntu
        5.4.0-6ubuntu1~16.04.4) ) #37~16.04.1-Ubuntu SMP Fri Aug 11 14:07:24 UTC 2017","hostname":"Sleede-SylvainPC"}'
  response:
    status:
      code: 200
      message: OK
    headers:
      Server:
      - nginx
      Date:
      - Mon, 18 Sep 2017 08:53:11 GMT
      Content-Type:
      - application/json
      Content-Length:
      - '7728'
      Connection:
      - keep-alive
      Access-Control-Allow-Credentials:
      - 'true'
      Access-Control-Allow-Methods:
      - GET, POST, HEAD, OPTIONS, DELETE
      Access-Control-Allow-Origin:
      - "*"
      Access-Control-Expose-Headers:
      - X-Stripe-Privileged-Session-Required,stripe-manage-version,X-Stripe-External-Auth-Required
      Access-Control-Max-Age:
      - '300'
      Cache-Control:
      - no-cache, no-store
      Request-Id:
      - req_TovqsTQa37G0Rf
      Stripe-Version:
      - '2015-10-16'
      Strict-Transport-Security:
      - max-age=31556926; includeSubDomains
    body:
      encoding: UTF-8
      string: |
        {
          "id": "cus_8Di1wjdVktv5kt",
          "object": "customer",
          "account_balance": 0,
          "created": 1459948888,
          "currency": "usd",
          "default_source": "card_1B3Kzy2sOmf47Nz9TT6Gk2oJ",
          "delinquent": false,
          "description": "Jean Dupond",
          "discount": null,
          "email": "jean.dupond@gmail.com",
          "livemode": false,
          "metadata": {},
          "shipping": null,
          "sources": {
            "object": "list",
            "data": [
              {
                "id": "card_1B3Kzy2sOmf47Nz9TT6Gk2oJ",
                "object": "card",
                "address_city": null,
                "address_country": null,
                "address_line1": null,
                "address_line1_check": null,
                "address_line2": null,
                "address_state": null,
                "address_zip": null,
                "address_zip_check": null,
                "brand": "Visa",
                "country": "US",
                "customer": "cus_8Di1wjdVktv5kt",
                "cvc_check": "pass",
                "dynamic_last4": null,
                "exp_month": 4,
                "exp_year": 2018,
                "fingerprint": "o52jybR7bnmNn6AT",
                "funding": "credit",
                "last4": "4242",
                "metadata": {},
                "name": null,
                "tokenization_method": null
              }
            ],
            "has_more": false,
            "total_count": 1,
            "url": "/v1/customers/cus_8Di1wjdVktv5kt/sources"
          },
          "subscriptions": {
            "object": "list",
            "data": [
              {
                "id": "sub_BQBMKKS6nutZLr",
                "object": "subscription",
                "application_fee_percent": null,
                "billing": "charge_automatically",
                "cancel_at_period_end": false,
                "canceled_at": null,
                "created": 1505724789,
                "current_period_end": 1508316789,
                "current_period_start": 1505724789,
                "customer": "cus_8Di1wjdVktv5kt",
                "discount": null,
                "ended_at": null,
                "items": {
                  "object": "list",
                  "data": [
                    {
                      "id": "si_1B3L052sOmf47Nz9MoxGlk6i",
                      "object": "subscription_item",
                      "created": 1505724789,
                      "metadata": {},
                      "plan": {
                        "id": "mensuel-standard-month-20160404171519",
                        "object": "plan",
                        "amount": 3000,
                        "created": 1459782921,
                        "currency": "usd",
                        "interval": "month",
                        "interval_count": 1,
                        "livemode": false,
                        "metadata": {},
                        "name": "Mensuel - standard, association - month",
                        "statement_descriptor": null,
                        "trial_period_days": null
                      },
                      "quantity": 1
                    }
                  ],
                  "has_more": false,
                  "total_count": 1,
                  "url": "/v1/subscription_items?subscription=sub_BQBMKKS6nutZLr"
                },
                "livemode": false,
                "metadata": {},
                "plan": {
                  "id": "mensuel-standard-month-20160404171519",
                  "object": "plan",
                  "amount": 3000,
                  "created": 1459782921,
                  "currency": "usd",
                  "interval": "month",
                  "interval_count": 1,
                  "livemode": false,
                  "metadata": {},
                  "name": "Mensuel - standard, association - month",
                  "statement_descriptor": null,
                  "trial_period_days": null
                },
                "quantity": 1,
                "start": 1505724789,
                "status": "active",
                "tax_percent": null,
                "trial_end": null,
                "trial_start": null
              },
              {
                "id": "sub_BQBH03MUz5WO4y",
                "object": "subscription",
                "application_fee_percent": null,
                "billing": "charge_automatically",
                "cancel_at_period_end": true,
                "canceled_at": 1505724499,
                "created": 1505724494,
                "current_period_end": 1508316494,
                "current_period_start": 1505724494,
                "customer": "cus_8Di1wjdVktv5kt",
                "discount": null,
                "ended_at": null,
                "items": {
                  "object": "list",
                  "data": [
                    {
                      "id": "si_1B3KvK2sOmf47Nz9mNLN0l2q",
                      "object": "subscription_item",
                      "created": 1505724494,
                      "metadata": {},
                      "plan": {
                        "id": "mensuel-standard-month-20160404171519",
                        "object": "plan",
                        "amount": 3000,
                        "created": 1459782921,
                        "currency": "usd",
                        "interval": "month",
                        "interval_count": 1,
                        "livemode": false,
                        "metadata": {},
                        "name": "Mensuel - standard, association - month",
                        "statement_descriptor": null,
                        "trial_period_days": null
                      },
                      "quantity": 1
                    }
                  ],
                  "has_more": false,
                  "total_count": 1,
                  "url": "/v1/subscription_items?subscription=sub_BQBH03MUz5WO4y"
                },
                "livemode": false,
                "metadata": {},
                "plan": {
                  "id": "mensuel-standard-month-20160404171519",
                  "object": "plan",
                  "amount": 3000,
                  "created": 1459782921,
                  "currency": "usd",
                  "interval": "month",
                  "interval_count": 1,
                  "livemode": false,
                  "metadata": {},
                  "name": "Mensuel - standard, association - month",
                  "statement_descriptor": null,
                  "trial_period_days": null
                },
                "quantity": 1,
                "start": 1505724494,
                "status": "active",
                "tax_percent": null,
                "trial_end": null,
                "trial_start": null
              },
              {
                "id": "sub_BQBGRftUBikhtm",
                "object": "subscription",
                "application_fee_percent": null,
                "billing": "charge_automatically",
                "cancel_at_period_end": true,
                "canceled_at": 1505724425,
                "created": 1505724421,
                "current_period_end": 1508316421,
                "current_period_start": 1505724421,
                "customer": "cus_8Di1wjdVktv5kt",
                "discount": null,
                "ended_at": null,
                "items": {
                  "object": "list",
                  "data": [
                    {
                      "id": "si_1B3Ku92sOmf47Nz9sdo927vf",
                      "object": "subscription_item",
                      "created": 1505724421,
                      "metadata": {},
                      "plan": {
                        "id": "mensuel-standard-month-20160404171519",
                        "object": "plan",
                        "amount": 3000,
                        "created": 1459782921,
                        "currency": "usd",
                        "interval": "month",
                        "interval_count": 1,
                        "livemode": false,
                        "metadata": {},
                        "name": "Mensuel - standard, association - month",
                        "statement_descriptor": null,
                        "trial_period_days": null
                      },
                      "quantity": 1
                    }
                  ],
                  "has_more": false,
                  "total_count": 1,
                  "url": "/v1/subscription_items?subscription=sub_BQBGRftUBikhtm"
                },
                "livemode": false,
                "metadata": {},
                "plan": {
                  "id": "mensuel-standard-month-20160404171519",
                  "object": "plan",
                  "amount": 3000,
                  "created": 1459782921,
                  "currency": "usd",
                  "interval": "month",
                  "interval_count": 1,
                  "livemode": false,
                  "metadata": {},
                  "name": "Mensuel - standard, association - month",
                  "statement_descriptor": null,
                  "trial_period_days": null
                },
                "quantity": 1,
                "start": 1505724421,
                "status": "active",
                "tax_percent": null,
                "trial_end": null,
                "trial_start": null
              }
            ],
            "has_more": false,
            "total_count": 3,
            "url": "/v1/customers/cus_8Di1wjdVktv5kt/subscriptions"
          }
        }
    http_version: 
  recorded_at: Mon, 18 Sep 2017 08:53:11 GMT
- request:
    method: get
    uri: https://api.stripe.com/v1/customers/cus_8Di1wjdVktv5kt/subscriptions/sub_BQBMKKS6nutZLr
    body:
      encoding: US-ASCII
      string: ''
    headers:
      Accept:
      - "*/*; q=0.5, application/xml"
      Accept-Encoding:
      - gzip, deflate
      User-Agent:
      - Stripe/v1 RubyBindings/1.30.2
      Authorization:
      - Bearer sk_test_testfaketestfaketestfake
      Content-Type:
      - application/x-www-form-urlencoded
      X-Stripe-Client-User-Agent:
      - '{"bindings_version":"1.30.2","lang":"ruby","lang_version":"2.3.0 p0 (2015-12-25)","platform":"x86_64-linux","engine":"ruby","publisher":"stripe","uname":"Linux
        version 4.10.0-33-generic (buildd@lgw01-22) (gcc version 5.4.0 20160609 (Ubuntu
        5.4.0-6ubuntu1~16.04.4) ) #37~16.04.1-Ubuntu SMP Fri Aug 11 14:07:24 UTC 2017","hostname":"Sleede-SylvainPC"}'
  response:
    status:
      code: 200
      message: OK
    headers:
      Server:
      - nginx
      Date:
      - Mon, 18 Sep 2017 08:53:12 GMT
      Content-Type:
      - application/json
      Content-Length:
      - '1711'
      Connection:
      - keep-alive
      Access-Control-Allow-Credentials:
      - 'true'
      Access-Control-Allow-Methods:
      - GET, POST, HEAD, OPTIONS, DELETE
      Access-Control-Allow-Origin:
      - "*"
      Access-Control-Expose-Headers:
      - X-Stripe-Privileged-Session-Required,stripe-manage-version,X-Stripe-External-Auth-Required
      Access-Control-Max-Age:
      - '300'
      Cache-Control:
      - no-cache, no-store
      Request-Id:
      - req_BUffG3CwZVDTAr
      Stripe-Version:
      - '2015-10-16'
      Strict-Transport-Security:
      - max-age=31556926; includeSubDomains
    body:
      encoding: UTF-8
      string: |
        {
          "id": "sub_BQBMKKS6nutZLr",
          "object": "subscription",
          "application_fee_percent": null,
          "billing": "charge_automatically",
          "cancel_at_period_end": false,
          "canceled_at": null,
          "created": 1505724789,
          "current_period_end": 1508316789,
          "current_period_start": 1505724789,
          "customer": "cus_8Di1wjdVktv5kt",
          "discount": null,
          "ended_at": null,
          "items": {
            "object": "list",
            "data": [
              {
                "id": "si_1B3L052sOmf47Nz9MoxGlk6i",
                "object": "subscription_item",
                "created": 1505724789,
                "metadata": {},
                "plan": {
                  "id": "mensuel-standard-month-20160404171519",
                  "object": "plan",
                  "amount": 3000,
                  "created": 1459782921,
                  "currency": "usd",
                  "interval": "month",
                  "interval_count": 1,
                  "livemode": false,
                  "metadata": {},
                  "name": "Mensuel - standard, association - month",
                  "statement_descriptor": null,
                  "trial_period_days": null
                },
                "quantity": 1
              }
            ],
            "has_more": false,
            "total_count": 1,
            "url": "/v1/subscription_items?subscription=sub_BQBMKKS6nutZLr"
          },
          "livemode": false,
          "metadata": {},
          "plan": {
            "id": "mensuel-standard-month-20160404171519",
            "object": "plan",
            "amount": 3000,
            "created": 1459782921,
            "currency": "usd",
            "interval": "month",
            "interval_count": 1,
            "livemode": false,
            "metadata": {},
            "name": "Mensuel - standard, association - month",
            "statement_descriptor": null,
            "trial_period_days": null
          },
          "quantity": 1,
          "start": 1505724789,
          "status": "active",
          "tax_percent": null,
          "trial_end": null,
          "trial_start": null
        }
    http_version: 
  recorded_at: Mon, 18 Sep 2017 08:53:12 GMT
- request:
    method: delete
    uri: https://api.stripe.com/v1/customers/cus_8Di1wjdVktv5kt/subscriptions/sub_BQBMKKS6nutZLr?at_period_end=true
    body:
      encoding: US-ASCII
      string: ''
    headers:
      Accept:
      - "*/*; q=0.5, application/xml"
      Accept-Encoding:
      - gzip, deflate
      User-Agent:
      - Stripe/v1 RubyBindings/1.30.2
      Authorization:
      - Bearer sk_test_testfaketestfaketestfake
      Content-Type:
      - application/x-www-form-urlencoded
      X-Stripe-Client-User-Agent:
      - '{"bindings_version":"1.30.2","lang":"ruby","lang_version":"2.3.0 p0 (2015-12-25)","platform":"x86_64-linux","engine":"ruby","publisher":"stripe","uname":"Linux
        version 4.10.0-33-generic (buildd@lgw01-22) (gcc version 5.4.0 20160609 (Ubuntu
        5.4.0-6ubuntu1~16.04.4) ) #37~16.04.1-Ubuntu SMP Fri Aug 11 14:07:24 UTC 2017","hostname":"Sleede-SylvainPC"}'
  response:
    status:
      code: 200
      message: OK
    headers:
      Server:
      - nginx
      Date:
      - Mon, 18 Sep 2017 08:53:13 GMT
      Content-Type:
      - application/json
      Content-Length:
      - '1716'
      Connection:
      - keep-alive
      Access-Control-Allow-Credentials:
      - 'true'
      Access-Control-Allow-Methods:
      - GET, POST, HEAD, OPTIONS, DELETE
      Access-Control-Allow-Origin:
      - "*"
      Access-Control-Expose-Headers:
      - X-Stripe-Privileged-Session-Required,stripe-manage-version,X-Stripe-External-Auth-Required
      Access-Control-Max-Age:
      - '300'
      Cache-Control:
      - no-cache, no-store
      Request-Id:
      - req_9qV2Y6X7g0d8xs
      Stripe-Version:
      - '2015-10-16'
      Strict-Transport-Security:
      - max-age=31556926; includeSubDomains
    body:
      encoding: UTF-8
      string: |
        {
          "id": "sub_BQBMKKS6nutZLr",
          "object": "subscription",
          "application_fee_percent": null,
          "billing": "charge_automatically",
          "cancel_at_period_end": true,
          "canceled_at": 1505724793,
          "created": 1505724789,
          "current_period_end": 1508316789,
          "current_period_start": 1505724789,
          "customer": "cus_8Di1wjdVktv5kt",
          "discount": null,
          "ended_at": null,
          "items": {
            "object": "list",
            "data": [
              {
                "id": "si_1B3L052sOmf47Nz9MoxGlk6i",
                "object": "subscription_item",
                "created": 1505724789,
                "metadata": {},
                "plan": {
                  "id": "mensuel-standard-month-20160404171519",
                  "object": "plan",
                  "amount": 3000,
                  "created": 1459782921,
                  "currency": "usd",
                  "interval": "month",
                  "interval_count": 1,
                  "livemode": false,
                  "metadata": {},
                  "name": "Mensuel - standard, association - month",
                  "statement_descriptor": null,
                  "trial_period_days": null
                },
                "quantity": 1
              }
            ],
            "has_more": false,
            "total_count": 1,
            "url": "/v1/subscription_items?subscription=sub_BQBMKKS6nutZLr"
          },
          "livemode": false,
          "metadata": {},
          "plan": {
            "id": "mensuel-standard-month-20160404171519",
            "object": "plan",
            "amount": 3000,
            "created": 1459782921,
            "currency": "usd",
            "interval": "month",
            "interval_count": 1,
            "livemode": false,
            "metadata": {},
            "name": "Mensuel - standard, association - month",
            "statement_descriptor": null,
            "trial_period_days": null
          },
          "quantity": 1,
          "start": 1505724789,
          "status": "active",
          "tax_percent": null,
          "trial_end": null,
          "trial_start": null
        }
    http_version: 
  recorded_at: Mon, 18 Sep 2017 08:53:13 GMT
- request:
    method: get
    uri: https://api.stripe.com/v1/invoiceitems/ii_1B3L002sOmf47Nz9FjqPZEye
    body:
      encoding: US-ASCII
      string: ''
    headers:
      Accept:
      - "*/*; q=0.5, application/xml"
      Accept-Encoding:
      - gzip, deflate
      User-Agent:
      - Stripe/v1 RubyBindings/1.30.2
      Authorization:
      - Bearer sk_test_testfaketestfaketestfake
      Content-Type:
      - application/x-www-form-urlencoded
      X-Stripe-Client-User-Agent:
      - '{"bindings_version":"1.30.2","lang":"ruby","lang_version":"2.3.0 p0 (2015-12-25)","platform":"x86_64-linux","engine":"ruby","publisher":"stripe","uname":"Linux
        version 4.10.0-33-generic (buildd@lgw01-22) (gcc version 5.4.0 20160609 (Ubuntu
        5.4.0-6ubuntu1~16.04.4) ) #37~16.04.1-Ubuntu SMP Fri Aug 11 14:07:24 UTC 2017","hostname":"Sleede-SylvainPC"}'
  response:
    status:
      code: 200
      message: OK
    headers:
      Server:
      - nginx
      Date:
      - Mon, 18 Sep 2017 08:53:14 GMT
      Content-Type:
      - application/json
      Content-Length:
      - '498'
      Connection:
      - keep-alive
      Access-Control-Allow-Credentials:
      - 'true'
      Access-Control-Allow-Methods:
      - GET, POST, HEAD, OPTIONS, DELETE
      Access-Control-Allow-Origin:
      - "*"
      Access-Control-Expose-Headers:
      - X-Stripe-Privileged-Session-Required,stripe-manage-version,X-Stripe-External-Auth-Required
      Access-Control-Max-Age:
      - '300'
      Cache-Control:
      - no-cache, no-store
      Request-Id:
      - req_gFmWwKxUTE3l6H
      Stripe-Version:
      - '2015-10-16'
      Strict-Transport-Security:
      - max-age=31556926; includeSubDomains
    body:
      encoding: UTF-8
      string: |
        {
          "id": "ii_1B3L002sOmf47Nz9FjqPZEye",
          "object": "invoiceitem",
          "amount": 1500,
          "currency": "usd",
          "customer": "cus_8Di1wjdVktv5kt",
          "date": 1505724784,
          "description": "FORM1+ imprimante 3D September 17, 2017 14:00 - 03:00 PM",
          "discountable": true,
          "invoice": "in_1B3L052sOmf47Nz9zx9vIGks",
          "livemode": false,
          "metadata": {},
          "period": {
            "start": 1505724784,
            "end": 1505724784
          },
          "plan": null,
          "proration": false,
          "quantity": null,
          "subscription": null
        }
    http_version: 
  recorded_at: Mon, 18 Sep 2017 08:53:14 GMT
- request:
    method: get
    uri: https://api.stripe.com/v1/invoiceitems/ii_1B3L002sOmf47Nz9FjqPZEye
    body:
      encoding: US-ASCII
      string: ''
    headers:
      Accept:
      - "*/*; q=0.5, application/xml"
      Accept-Encoding:
      - gzip, deflate
      User-Agent:
      - Stripe/v1 RubyBindings/1.30.2
      Authorization:
      - Bearer sk_test_testfaketestfaketestfake
      Content-Type:
      - application/x-www-form-urlencoded
      X-Stripe-Client-User-Agent:
      - '{"bindings_version":"1.30.2","lang":"ruby","lang_version":"2.3.0 p0 (2015-12-25)","platform":"x86_64-linux","engine":"ruby","publisher":"stripe","uname":"Linux
        version 4.10.0-33-generic (buildd@lgw01-22) (gcc version 5.4.0 20160609 (Ubuntu
        5.4.0-6ubuntu1~16.04.4) ) #37~16.04.1-Ubuntu SMP Fri Aug 11 14:07:24 UTC 2017","hostname":"Sleede-SylvainPC"}'
  response:
    status:
      code: 200
      message: OK
    headers:
      Server:
      - nginx
      Date:
      - Mon, 18 Sep 2017 08:53:15 GMT
      Content-Type:
      - application/json
      Content-Length:
      - '498'
      Connection:
      - keep-alive
      Access-Control-Allow-Credentials:
      - 'true'
      Access-Control-Allow-Methods:
      - GET, POST, HEAD, OPTIONS, DELETE
      Access-Control-Allow-Origin:
      - "*"
      Access-Control-Expose-Headers:
      - X-Stripe-Privileged-Session-Required,stripe-manage-version,X-Stripe-External-Auth-Required
      Access-Control-Max-Age:
      - '300'
      Cache-Control:
      - no-cache, no-store
      Request-Id:
      - req_PPoPtWzqAFdG2L
      Stripe-Version:
      - '2015-10-16'
      Strict-Transport-Security:
      - max-age=31556926; includeSubDomains
    body:
      encoding: UTF-8
      string: |
        {
          "id": "ii_1B3L002sOmf47Nz9FjqPZEye",
          "object": "invoiceitem",
          "amount": 1500,
          "currency": "usd",
          "customer": "cus_8Di1wjdVktv5kt",
          "date": 1505724784,
          "description": "FORM1+ imprimante 3D September 17, 2017 14:00 - 03:00 PM",
          "discountable": true,
          "invoice": "in_1B3L052sOmf47Nz9zx9vIGks",
          "livemode": false,
          "metadata": {},
          "period": {
            "start": 1505724784,
            "end": 1505724784
          },
          "plan": null,
          "proration": false,
          "quantity": null,
          "subscription": null
        }
    http_version: 
  recorded_at: Mon, 18 Sep 2017 08:53:15 GMT
recorded_with: VCR 3.0.1
