---
http_interactions:
- request:
    method: post
    uri: https://api.stripe.com/v1/tokens
    body:
      encoding: UTF-8
      string: card[number]=4242424242424242&card[exp_month]=4&card[exp_year]=2019&card[cvc]=314
    headers:
      Accept:
      - "*/*; q=0.5, application/xml"
      Accept-Encoding:
      - gzip, deflate
      User-Agent:
      - Stripe/v1 RubyBindings/1.30.2
      Authorization:
      - Bearer sk_test_testfaketestfaketestfake
      Content-Type:
      - application/x-www-form-urlencoded
      Stripe-Version:
      - '2015-10-16'
      X-Stripe-Client-User-Agent:
      - '{"bindings_version":"1.30.2","lang":"ruby","lang_version":"2.3.6 p384 (2017-12-14)","platform":"x86_64-linux","engine":"ruby","publisher":"stripe","uname":"Linux
        version 4.15.0-39-generic (buildd@lgw01-amd64-054) (gcc version 7.3.0 (Ubuntu
        7.3.0-16ubuntu3)) #42-Ubuntu SMP Tue Oct 23 15:48:01 UTC 2018","hostname":"Sleede-SylvainPC"}'
      Content-Length:
      - '81'
  response:
    status:
      code: 200
      message: OK
    headers:
      Server:
      - nginx
      Date:
      - Tue, 27 Nov 2018 09:06:34 GMT
      Content-Type:
      - application/json
      Content-Length:
      - '784'
      Connection:
      - keep-alive
      Access-Control-Allow-Credentials:
      - 'true'
      Access-Control-Allow-Methods:
      - GET, POST, HEAD, OPTIONS, DELETE
      Access-Control-Allow-Origin:
      - "*"
      Access-Control-Expose-Headers:
      - Request-Id, Stripe-Manage-Version, X-Stripe-External-Auth-Required, X-Stripe-Privileged-Session-Required
      Access-Control-Max-Age:
      - '300'
      Cache-Control:
      - no-cache, no-store
      Request-Id:
      - req_OEQdmH0Oed4IOv
      Stripe-Version:
      - '2015-10-16'
      Strict-Transport-Security:
      - max-age=31556926; includeSubDomains; preload
    body:
      encoding: UTF-8
      string: |
        {
          "id": "tok_1Db2Wc2sOmf47Nz9e8PpJxqX",
          "object": "token",
          "card": {
            "id": "card_1Db2Wc2sOmf47Nz9lIMR62qg",
            "object": "card",
            "address_city": null,
            "address_country": null,
            "address_line1": null,
            "address_line1_check": null,
            "address_line2": null,
            "address_state": null,
            "address_zip": null,
            "address_zip_check": null,
            "brand": "Visa",
            "country": "US",
            "cvc_check": "unchecked",
            "dynamic_last4": null,
            "exp_month": 4,
            "exp_year": 2019,
            "fingerprint": "o52jybR7bnmNn6AT",
            "funding": "credit",
            "last4": "4242",
            "metadata": {
            },
            "name": null,
            "tokenization_method": null
          },
          "client_ip": "90.112.76.28",
          "created": 1543309594,
          "livemode": false,
          "type": "card",
          "used": false
        }
    http_version: 
  recorded_at: Tue, 27 Nov 2018 09:06:34 GMT
- request:
    method: get
    uri: https://api.stripe.com/v1/invoiceitems?customer=cus_8Di1wjdVktv5kt&limit=100
    body:
      encoding: US-ASCII
      string: ''
    headers:
      Accept:
      - "*/*; q=0.5, application/xml"
      Accept-Encoding:
      - gzip, deflate
      User-Agent:
      - Stripe/v1 RubyBindings/1.30.2
      Authorization:
      - Bearer sk_test_testfaketestfaketestfake
      Content-Type:
      - application/x-www-form-urlencoded
      Stripe-Version:
      - '2015-10-16'
      X-Stripe-Client-User-Agent:
      - '{"bindings_version":"1.30.2","lang":"ruby","lang_version":"2.3.6 p384 (2017-12-14)","platform":"x86_64-linux","engine":"ruby","publisher":"stripe","uname":"Linux
        version 4.15.0-39-generic (buildd@lgw01-amd64-054) (gcc version 7.3.0 (Ubuntu
        7.3.0-16ubuntu3)) #42-Ubuntu SMP Tue Oct 23 15:48:01 UTC 2018","hostname":"Sleede-SylvainPC"}'
  response:
    status:
      code: 200
      message: OK
    headers:
      Server:
      - nginx
      Date:
      - Tue, 27 Nov 2018 09:06:35 GMT
      Content-Type:
      - application/json
      Content-Length:
      - '18813'
      Connection:
      - keep-alive
      Access-Control-Allow-Credentials:
      - 'true'
      Access-Control-Allow-Methods:
      - GET, POST, HEAD, OPTIONS, DELETE
      Access-Control-Allow-Origin:
      - "*"
      Access-Control-Expose-Headers:
      - Request-Id, Stripe-Manage-Version, X-Stripe-External-Auth-Required, X-Stripe-Privileged-Session-Required
      Access-Control-Max-Age:
      - '300'
      Cache-Control:
      - no-cache, no-store
      Request-Id:
      - req_zTRonzNO1EgqU2
      Stripe-Version:
      - '2015-10-16'
      Strict-Transport-Security:
      - max-age=31556926; includeSubDomains; preload
    body:
      encoding: UTF-8
      string: |
        {
          "object": "list",
          "data": [
            {
              "id": "ii_1Db2WJ2sOmf47Nz999rpCjlE",
              "object": "invoiceitem",
              "amount": 3200,
              "currency": "usd",
              "customer": "cus_8Di1wjdVktv5kt",
              "date": 1543309575,
              "description": "FORM1+ imprimante 3D November 27, 2018 13:00 - 02:00 PM",
              "discountable": true,
              "invoice": "in_1Db2WN2sOmf47Nz9toqcZVnL",
              "livemode": false,
              "metadata": {
              },
              "period": {
                "start": 1543309575,
                "end": 1543309575
              },
              "plan": null,
              "proration": false,
              "quantity": 1,
              "subscription": null,
              "unit_amount": 3200
            },
            {
              "id": "ii_1DBjLr2sOmf47Nz9PQCNMqd6",
              "object": "invoiceitem",
              "amount": -675,
              "currency": "usd",
              "customer": "cus_8Di1wjdVktv5kt",
              "date": 1537277691,
              "description": "coupon SUNNYFABLAB",
              "discountable": false,
              "invoice": "in_1DBjLu2sOmf47Nz91ECKgcXI",
              "livemode": false,
              "metadata": {
              },
              "period": {
                "start": 1537277691,
                "end": 1537277691
              },
              "plan": null,
              "proration": false,
              "quantity": 1,
              "subscription": null,
              "unit_amount": -675
            },
            {
              "id": "ii_1DBjLq2sOmf47Nz95FQPuH6g",
              "object": "invoiceitem",
              "amount": 1500,
              "currency": "usd",
              "customer": "cus_8Di1wjdVktv5kt",
              "date": 1537277690,
              "description": "FORM1+ imprimante 3D September 18, 2018 14:00 - 03:00 PM",
              "discountable": true,
              "invoice": "in_1DBjLu2sOmf47Nz91ECKgcXI",
              "livemode": false,
              "metadata": {
              },
              "period": {
                "start": 1537277690,
                "end": 1537277690
              },
              "plan": null,
              "proration": false,
              "quantity": 1,
              "subscription": null,
              "unit_amount": 1500
            },
            {
              "id": "ii_1DBjLg2sOmf47Nz9BRyBIAF8",
              "object": "invoiceitem",
              "amount": 5100,
              "currency": "usd",
              "customer": "cus_8Di1wjdVktv5kt",
              "date": 1537277680,
              "description": "Formation Imprimante 3D September 19, 2018 08:00 - 12:00 PM",
              "discountable": true,
              "invoice": "in_1DBjLk2sOmf47Nz9NBWA01IB",
              "livemode": false,
              "metadata": {
              },
              "period": {
                "start": 1537277680,
                "end": 1537277680
              },
              "plan": null,
              "proration": false,
              "quantity": 1,
              "subscription": null,
              "unit_amount": 5100
            },
            {
              "id": "ii_1DBjL72sOmf47Nz91i8Qf2mG",
              "object": "invoiceitem",
              "amount": 3200,
              "currency": "usd",
              "customer": "cus_8Di1wjdVktv5kt",
              "date": 1537277645,
              "description": "FORM1+ imprimante 3D September 18, 2018 14:00 - 03:00 PM",
              "discountable": true,
              "invoice": "in_1DBjLC2sOmf47Nz9WeUqeXo9",
              "livemode": false,
              "metadata": {
              },
              "period": {
                "start": 1537277645,
                "end": 1537277645
              },
              "plan": null,
              "proration": false,
              "quantity": 1,
              "subscription": null,
              "unit_amount": 3200
            },
            {
              "id": "ii_1CrPiE2sOmf47Nz9oh9X3RUm",
              "object": "invoiceitem",
              "amount": 3200,
              "currency": "usd",
              "customer": "cus_8Di1wjdVktv5kt",
              "date": 1532435638,
              "description": "FORM1+ imprimante 3D July 24, 2018 14:00 - 03:00 PM",
              "discountable": true,
              "invoice": "in_1CrPj02sOmf47Nz9X8pn6375",
              "livemode": false,
              "metadata": {
              },
              "period": {
                "start": 1532435638,
                "end": 1532435638
              },
              "plan": null,
              "proration": false,
              "quantity": 1,
              "subscription": null,
              "unit_amount": 3200
            },
            {
              "id": "ii_1CrPi22sOmf47Nz9PdsWtzP6",
              "object": "invoiceitem",
              "amount": 5100,
              "currency": "usd",
              "customer": "cus_8Di1wjdVktv5kt",
              "date": 1532435626,
              "description": "Formation Imprimante 3D July 25, 2018 08:00 - 12:00 PM",
              "discountable": true,
              "invoice": "in_1CrPi72sOmf47Nz9HiASBNW6",
              "livemode": false,
              "metadata": {
              },
              "period": {
                "start": 1532435626,
                "end": 1532435626
              },
              "plan": null,
              "proration": false,
              "quantity": 1,
              "subscription": null,
              "unit_amount": 5100
            },
            {
              "id": "ii_1CrPhR2sOmf47Nz9GjDTPM59",
              "object": "invoiceitem",
              "amount": -675,
              "currency": "usd",
              "customer": "cus_8Di1wjdVktv5kt",
              "date": 1532435589,
              "description": "coupon SUNNYFABLAB",
              "discountable": false,
              "invoice": "in_1CrPhU2sOmf47Nz9LcjmZ0k4",
              "livemode": false,
              "metadata": {
              },
              "period": {
                "start": 1532435589,
                "end": 1532435589
              },
              "plan": null,
              "proration": false,
              "quantity": 1,
              "subscription": null,
              "unit_amount": -675
            },
            {
              "id": "ii_1CrPhQ2sOmf47Nz9Kgf1w9jh",
              "object": "invoiceitem",
              "amount": 1500,
              "currency": "usd",
              "customer": "cus_8Di1wjdVktv5kt",
              "date": 1532435588,
              "description": "FORM1+ imprimante 3D July 24, 2018 14:00 - 03:00 PM",
              "discountable": true,
              "invoice": "in_1CrPhU2sOmf47Nz9LcjmZ0k4",
              "livemode": false,
              "metadata": {
              },
              "period": {
                "start": 1532435588,
                "end": 1532435588
              },
              "plan": null,
              "proration": false,
              "quantity": 1,
              "subscription": null,
              "unit_amount": 1500
            },
            {
              "id": "ii_1CrPgp2sOmf47Nz9KqyvABF7",
              "object": "invoiceitem",
              "amount": 3200,
              "currency": "usd",
              "customer": "cus_8Di1wjdVktv5kt",
              "date": 1532435551,
              "description": "FORM1+ imprimante 3D July 24, 2018 14:00 - 03:00 PM",
              "discountable": true,
              "invoice": "in_1CrPgu2sOmf47Nz9SQCXCWyv",
              "livemode": false,
              "metadata": {
              },
              "period": {
                "start": 1532435551,
                "end": 1532435551
              },
              "plan": null,
              "proration": false,
              "quantity": 1,
              "subscription": null,
              "unit_amount": 3200
            },
            {
              "id": "ii_1BYyTt2sOmf47Nz9h7btfoKd",
              "object": "invoiceitem",
              "amount": 3200,
              "currency": "usd",
              "customer": "cus_8Di1wjdVktv5kt",
              "date": 1513264721,
              "description": "FORM1+ imprimante 3D December 10, 2017 13:00 - 02:00 PM",
              "discountable": true,
              "invoice": "in_1BYyTz2sOmf47Nz9jyWUyIeG",
              "livemode": false,
              "metadata": {
              },
              "period": {
                "start": 1513264721,
                "end": 1513264721
              },
              "plan": null,
              "proration": false,
              "quantity": 1,
              "subscription": null,
              "unit_amount": 3200
            },
            {
              "id": "ii_1BYyTK2sOmf47Nz93VzSjIeZ",
              "object": "invoiceitem",
              "amount": -675,
              "currency": "usd",
              "customer": "cus_8Di1wjdVktv5kt",
              "date": 1513264686,
              "description": "coupon SUNNYFABLAB",
              "discountable": false,
              "invoice": "in_1BYyTO2sOmf47Nz952qqhaQ0",
              "livemode": false,
              "metadata": {
              },
              "period": {
                "start": 1513264686,
                "end": 1513264686
              },
              "plan": null,
              "proration": false,
              "quantity": 1,
              "subscription": null,
              "unit_amount": -675
            },
            {
              "id": "ii_1BYyTJ2sOmf47Nz9zcESvCJe",
              "object": "invoiceitem",
              "amount": 1500,
              "currency": "usd",
              "customer": "cus_8Di1wjdVktv5kt",
              "date": 1513264685,
              "description": "FORM1+ imprimante 3D December 10, 2017 13:00 - 02:00 PM",
              "discountable": true,
              "invoice": "in_1BYyTO2sOmf47Nz952qqhaQ0",
              "livemode": false,
              "metadata": {
              },
              "period": {
                "start": 1513264685,
                "end": 1513264685
              },
              "plan": null,
              "proration": false,
              "quantity": 1,
              "subscription": null,
              "unit_amount": 1500
            },
            {
              "id": "ii_1BYySW2sOmf47Nz9UnnvBAh3",
              "object": "invoiceitem",
              "amount": 5100,
              "currency": "usd",
              "customer": "cus_8Di1wjdVktv5kt",
              "date": 1513264636,
              "description": "Formation Imprimante 3D December 11, 2017 07:00 - 11:00 AM",
              "discountable": true,
              "invoice": "in_1BYySe2sOmf47Nz9l8dNUsHJ",
              "livemode": false,
              "metadata": {
              },
              "period": {
                "start": 1513264636,
                "end": 1513264636
              },
              "plan": null,
              "proration": false,
              "quantity": 1,
              "subscription": null,
              "unit_amount": 5100
            },
            {
              "id": "ii_1B3L0k2sOmf47Nz9y87SMg3r",
              "object": "invoiceitem",
              "amount": 5100,
              "currency": "usd",
              "customer": "cus_8Di1wjdVktv5kt",
              "date": 1505724830,
              "description": "Formation Imprimante 3D September 18, 2017 08:00 - 09:00 AM",
              "discountable": true,
              "invoice": "in_1B3L1k2sOmf47Nz9WrVocGx4",
              "livemode": false,
              "metadata": {
              },
              "period": {
                "start": 1505724830,
                "end": 1505724830
              },
              "plan": null,
              "proration": false,
              "quantity": 1,
              "subscription": null,
              "unit_amount": 5100
            },
            {
              "id": "ii_1B3L0Y2sOmf47Nz9e9W8bl2Z",
              "object": "invoiceitem",
              "amount": 3200,
              "currency": "usd",
              "customer": "cus_8Di1wjdVktv5kt",
              "date": 1505724818,
              "description": "FORM1+ imprimante 3D September 17, 2017 14:00 - 03:00 PM",
              "discountable": true,
              "invoice": "in_1B3L0d2sOmf47Nz9sybqyVQx",
              "livemode": false,
              "metadata": {
              },
              "period": {
                "start": 1505724818,
                "end": 1505724818
              },
              "plan": null,
              "proration": false,
              "quantity": 1,
              "subscription": null,
              "unit_amount": 3200
            },
            {
              "id": "ii_1B3L0J2sOmf47Nz9lKSNNF1U",
              "object": "invoiceitem",
              "amount": 5100,
              "currency": "usd",
              "customer": "cus_8Di1wjdVktv5kt",
              "date": 1505724803,
              "description": "Formation Imprimante 3D September 18, 2017 08:00 - 12:00 PM",
              "discountable": true,
              "invoice": "in_1B3L0N2sOmf47Nz9YpYod08J",
              "livemode": false,
              "metadata": {
              },
              "period": {
                "start": 1505724803,
                "end": 1505724803
              },
              "plan": null,
              "proration": false,
              "quantity": 1,
              "subscription": null,
              "unit_amount": 5100
            },
            {
              "id": "ii_1B3L012sOmf47Nz948JNFRoK",
              "object": "invoiceitem",
              "amount": -675,
              "currency": "usd",
              "customer": "cus_8Di1wjdVktv5kt",
              "date": 1505724785,
              "description": "coupon SUNNYFABLAB",
              "discountable": false,
              "invoice": "in_1B3L052sOmf47Nz9zx9vIGks",
              "livemode": false,
              "metadata": {
              },
              "period": {
                "start": 1505724785,
                "end": 1505724785
              },
              "plan": null,
              "proration": false,
              "quantity": 1,
              "subscription": null,
              "unit_amount": -675
            },
            {
              "id": "ii_1B3L002sOmf47Nz9FjqPZEye",
              "object": "invoiceitem",
              "amount": 1500,
              "currency": "usd",
              "customer": "cus_8Di1wjdVktv5kt",
              "date": 1505724784,
              "description": "FORM1+ imprimante 3D September 17, 2017 14:00 - 03:00 PM",
              "discountable": true,
              "invoice": "in_1B3L052sOmf47Nz9zx9vIGks",
              "livemode": false,
              "metadata": {
              },
              "period": {
                "start": 1505724784,
                "end": 1505724784
              },
              "plan": null,
              "proration": false,
              "quantity": 1,
              "subscription": null,
              "unit_amount": 1500
            },
            {
              "id": "ii_1B3Kuo2sOmf47Nz9egmtGncE",
              "object": "invoiceitem",
              "amount": 3200,
              "currency": "usd",
              "customer": "cus_8Di1wjdVktv5kt",
              "date": 1505724462,
              "description": "FORM1+ imprimante 3D September 17, 2017 14:00 - 03:00 PM",
              "discountable": true,
              "invoice": "in_1B3Kut2sOmf47Nz9ht8mAIGU",
              "livemode": false,
              "metadata": {
              },
              "period": {
                "start": 1505724462,
                "end": 1505724462
              },
              "plan": null,
              "proration": false,
              "quantity": 1,
              "subscription": null,
              "unit_amount": 3200
            },
            {
              "id": "ii_1B3KuK2sOmf47Nz9RqRGmh0l",
              "object": "invoiceitem",
              "amount": 5100,
              "currency": "usd",
              "customer": "cus_8Di1wjdVktv5kt",
              "date": 1505724432,
              "description": "Formation Imprimante 3D September 18, 2017 08:00 - 12:00 PM",
              "discountable": true,
              "invoice": "in_1B3KuO2sOmf47Nz9invMhPqV",
              "livemode": false,
              "metadata": {
              },
              "period": {
                "start": 1505724432,
                "end": 1505724432
              },
              "plan": null,
              "proration": false,
              "quantity": 1,
              "subscription": null,
              "unit_amount": 5100
            },
            {
              "id": "ii_1B3Ku62sOmf47Nz92wSUMzHq",
              "object": "invoiceitem",
              "amount": -675,
              "currency": "usd",
              "customer": "cus_8Di1wjdVktv5kt",
              "date": 1505724418,
              "description": "coupon SUNNYFABLAB",
              "discountable": false,
              "invoice": "in_1B3Ku92sOmf47Nz9MmYnmpwr",
              "livemode": false,
              "metadata": {
              },
              "period": {
                "start": 1505724418,
                "end": 1505724418
              },
              "plan": null,
              "proration": false,
              "quantity": 1,
              "subscription": null,
              "unit_amount": -675
            },
            {
              "id": "ii_1B3Ku52sOmf47Nz9vmqyS5Gy",
              "object": "invoiceitem",
              "amount": 1500,
              "currency": "usd",
              "customer": "cus_8Di1wjdVktv5kt",
              "date": 1505724417,
              "description": "FORM1+ imprimante 3D September 17, 2017 14:00 - 03:00 PM",
              "discountable": true,
              "invoice": "in_1B3Ku92sOmf47Nz9MmYnmpwr",
              "livemode": false,
              "metadata": {
              },
              "period": {
                "start": 1505724417,
                "end": 1505724417
              },
              "plan": null,
              "proration": false,
              "quantity": 1,
              "subscription": null,
              "unit_amount": 1500
            },
            {
              "id": "ii_18rRuK2sOmf47Nz9ye4DQ4PM",
              "object": "invoiceitem",
              "amount": -510,
              "currency": "usd",
              "customer": "cus_8Di1wjdVktv5kt",
              "date": 1473338732,
              "description": "coupon XMAS10",
              "discountable": false,
              "invoice": "in_18rRuO2sOmf47Nz9qbfxBA0D",
              "livemode": false,
              "metadata": {
              },
              "period": {
                "start": 1473338732,
                "end": 1473338732
              },
              "plan": null,
              "proration": false,
              "quantity": 1,
              "subscription": null,
              "unit_amount": -510
            },
            {
              "id": "ii_18rRuJ2sOmf47Nz9S7f6qfEz",
              "object": "invoiceitem",
              "amount": 5100,
              "currency": "usd",
              "customer": "cus_8Di1wjdVktv5kt",
              "date": 1473338731,
              "description": "Formation Imprimante 3D September 05, 2016 08:00 - 09:00 AM",
              "discountable": true,
              "invoice": "in_18rRuO2sOmf47Nz9qbfxBA0D",
              "livemode": false,
              "metadata": {
              },
              "period": {
                "start": 1473338731,
                "end": 1473338731
              },
              "plan": null,
              "proration": false,
              "quantity": 1,
              "subscription": null,
              "unit_amount": 5100
            },
            {
              "id": "ii_18rNSp2sOmf47Nz9S0rJVP2a",
              "object": "invoiceitem",
              "amount": -450,
              "currency": "usd",
              "customer": "cus_8Di1wjdVktv5kt",
              "date": 1473321651,
              "description": "coupon SUNNYFABLAB",
              "discountable": false,
              "invoice": "in_18rNSq2sOmf47Nz91hxlGSa7",
              "livemode": false,
              "metadata": {
              },
              "period": {
                "start": 1473321651,
                "end": 1473321651
              },
              "plan": null,
              "proration": false,
              "quantity": 1,
              "subscription": null,
              "unit_amount": -450
            },
            {
              "id": "ii_18rNSm2sOmf47Nz9R11Svoer",
              "object": "invoiceitem",
              "amount": -225,
              "currency": "usd",
              "customer": "cus_8Di1wjdVktv5kt",
              "date": 1473321648,
              "description": "coupon SUNNYFABLAB",
              "discountable": false,
              "invoice": "in_18rNSq2sOmf47Nz91hxlGSa7",
              "livemode": false,
              "metadata": {
              },
              "period": {
                "start": 1473321648,
                "end": 1473321648
              },
              "plan": null,
              "proration": false,
              "quantity": 1,
              "subscription": null,
              "unit_amount": -225
            },
            {
              "id": "ii_18rNSm2sOmf47Nz9avgL9KyW",
              "object": "invoiceitem",
              "amount": 1500,
              "currency": "usd",
              "customer": "cus_8Di1wjdVktv5kt",
              "date": 1473321648,
              "description": "FORM1+ imprimante 3D September 04, 2016 14:00 - 03:00 PM",
              "discountable": true,
              "invoice": "in_18rNSq2sOmf47Nz91hxlGSa7",
              "livemode": false,
              "metadata": {
              },
              "period": {
                "start": 1473321648,
                "end": 1473321648
              },
              "plan": null,
              "proration": false,
              "quantity": 1,
              "subscription": null,
              "unit_amount": 1500
            },
            {
              "id": "ii_17xeeI2sOmf47Nz9qEhwu9J6",
              "object": "invoiceitem",
              "amount": 5100,
              "currency": "usd",
              "customer": "cus_8Di1wjdVktv5kt",
              "date": 1460041342,
              "description": "Formation Imprimante 3D April 12, 2016 08:00 - 12:00 PM",
              "discountable": true,
              "invoice": "in_17xeeM2sOmf47Nz9kzn0pC8f",
              "livemode": false,
              "metadata": {
              },
              "period": {
                "start": 1460041342,
                "end": 1460041342
              },
              "plan": null,
              "proration": false,
              "quantity": 1,
              "subscription": null,
              "unit_amount": 5100
            },
            {
              "id": "ii_17xHFG2sOmf47Nz9hhIaJZtF",
              "object": "invoiceitem",
              "amount": 3200,
              "currency": "usd",
              "customer": "cus_8Di1wjdVktv5kt",
              "date": 1459951378,
              "description": "FORM1+ imprimante 3D April 11, 2016 14:00 - 03:00 PM",
              "discountable": true,
              "invoice": "in_17xHFK2sOmf47Nz9jegPFlNt",
              "livemode": false,
              "metadata": {
              },
              "period": {
                "start": 1459951378,
                "end": 1459951378
              },
              "plan": null,
              "proration": false,
              "quantity": 1,
              "subscription": null,
              "unit_amount": 3200
            },
            {
              "id": "ii_17xHF82sOmf47Nz9QT6BnkAZ",
              "object": "invoiceitem",
              "amount": 5100,
              "currency": "usd",
              "customer": "cus_8Di1wjdVktv5kt",
              "date": 1459951370,
              "description": "Formation Imprimante 3D April 12, 2016 08:00 - 09:00 AM",
              "discountable": true,
              "invoice": "in_17xHFC2sOmf47Nz9ZZeO0yST",
              "livemode": false,
              "metadata": {
              },
              "period": {
                "start": 1459951370,
                "end": 1459951370
              },
              "plan": null,
              "proration": false,
              "quantity": 1,
              "subscription": null,
              "unit_amount": 5100
            }
          ],
          "has_more": false,
          "url": "/v1/invoiceitems"
        }
    http_version: 
  recorded_at: Tue, 27 Nov 2018 09:06:35 GMT
- request:
    method: post
    uri: https://api.stripe.com/v1/invoiceitems
    body:
      encoding: UTF-8
      string: customer=cus_8Di1wjdVktv5kt&amount=1500&currency=usd&description=FORM1%2B+imprimante+3D+November+27%2C+2018+13%3A00+-+02%3A00+PM
    headers:
      Accept:
      - "*/*; q=0.5, application/xml"
      Accept-Encoding:
      - gzip, deflate
      User-Agent:
      - Stripe/v1 RubyBindings/1.30.2
      Authorization:
      - Bearer sk_test_testfaketestfaketestfake
      Content-Type:
      - application/x-www-form-urlencoded
      Stripe-Version:
      - '2015-10-16'
      X-Stripe-Client-User-Agent:
      - '{"bindings_version":"1.30.2","lang":"ruby","lang_version":"2.3.6 p384 (2017-12-14)","platform":"x86_64-linux","engine":"ruby","publisher":"stripe","uname":"Linux
        version 4.15.0-39-generic (buildd@lgw01-amd64-054) (gcc version 7.3.0 (Ubuntu
        7.3.0-16ubuntu3)) #42-Ubuntu SMP Tue Oct 23 15:48:01 UTC 2018","hostname":"Sleede-SylvainPC"}'
      Content-Length:
      - '128'
  response:
    status:
      code: 200
      message: OK
    headers:
      Server:
      - nginx
      Date:
      - Tue, 27 Nov 2018 09:06:36 GMT
      Content-Type:
      - application/json
      Content-Length:
      - '495'
      Connection:
      - keep-alive
      Access-Control-Allow-Credentials:
      - 'true'
      Access-Control-Allow-Methods:
      - GET, POST, HEAD, OPTIONS, DELETE
      Access-Control-Allow-Origin:
      - "*"
      Access-Control-Expose-Headers:
      - Request-Id, Stripe-Manage-Version, X-Stripe-External-Auth-Required, X-Stripe-Privileged-Session-Required
      Access-Control-Max-Age:
      - '300'
      Cache-Control:
      - no-cache, no-store
      Request-Id:
      - req_4oF0wHwmhq9CYu
      Stripe-Version:
      - '2015-10-16'
      Strict-Transport-Security:
      - max-age=31556926; includeSubDomains; preload
    body:
      encoding: UTF-8
      string: |
        {
          "id": "ii_1Db2We2sOmf47Nz9bhEDhqwi",
          "object": "invoiceitem",
          "amount": 1500,
          "currency": "usd",
          "customer": "cus_8Di1wjdVktv5kt",
          "date": 1543309596,
          "description": "FORM1+ imprimante 3D November 27, 2018 13:00 - 02:00 PM",
          "discountable": true,
          "invoice": null,
          "livemode": false,
          "metadata": {
          },
          "period": {
            "start": 1543309596,
            "end": 1543309596
          },
          "plan": null,
          "proration": false,
          "quantity": 1,
          "subscription": null,
          "unit_amount": 1500
        }
    http_version: 
  recorded_at: Tue, 27 Nov 2018 09:06:36 GMT
- request:
    method: post
    uri: https://api.stripe.com/v1/invoiceitems
    body:
      encoding: UTF-8
      string: customer=cus_8Di1wjdVktv5kt&amount=-675&currency=usd&description=coupon+SUNNYFABLAB
    headers:
      Accept:
      - "*/*; q=0.5, application/xml"
      Accept-Encoding:
      - gzip, deflate
      User-Agent:
      - Stripe/v1 RubyBindings/1.30.2
      Authorization:
      - Bearer sk_test_testfaketestfaketestfake
      Content-Type:
      - application/x-www-form-urlencoded
      Stripe-Version:
      - '2015-10-16'
      X-Stripe-Client-User-Agent:
      - '{"bindings_version":"1.30.2","lang":"ruby","lang_version":"2.3.6 p384 (2017-12-14)","platform":"x86_64-linux","engine":"ruby","publisher":"stripe","uname":"Linux
        version 4.15.0-39-generic (buildd@lgw01-amd64-054) (gcc version 7.3.0 (Ubuntu
        7.3.0-16ubuntu3)) #42-Ubuntu SMP Tue Oct 23 15:48:01 UTC 2018","hostname":"Sleede-SylvainPC"}'
      Content-Length:
      - '83'
  response:
    status:
      code: 200
      message: OK
    headers:
      Server:
      - nginx
      Date:
      - Tue, 27 Nov 2018 09:06:37 GMT
      Content-Type:
      - application/json
      Content-Length:
      - '459'
      Connection:
      - keep-alive
      Access-Control-Allow-Credentials:
      - 'true'
      Access-Control-Allow-Methods:
      - GET, POST, HEAD, OPTIONS, DELETE
      Access-Control-Allow-Origin:
      - "*"
      Access-Control-Expose-Headers:
      - Request-Id, Stripe-Manage-Version, X-Stripe-External-Auth-Required, X-Stripe-Privileged-Session-Required
      Access-Control-Max-Age:
      - '300'
      Cache-Control:
      - no-cache, no-store
      Request-Id:
      - req_4SXdmjjFGa6hrr
      Stripe-Version:
      - '2015-10-16'
      Strict-Transport-Security:
      - max-age=31556926; includeSubDomains; preload
    body:
      encoding: UTF-8
      string: |
        {
          "id": "ii_1Db2Wf2sOmf47Nz9k4aU03O6",
          "object": "invoiceitem",
          "amount": -675,
          "currency": "usd",
          "customer": "cus_8Di1wjdVktv5kt",
          "date": 1543309597,
          "description": "coupon SUNNYFABLAB",
          "discountable": false,
          "invoice": null,
          "livemode": false,
          "metadata": {
          },
          "period": {
            "start": 1543309597,
            "end": 1543309597
          },
          "plan": null,
          "proration": false,
          "quantity": 1,
          "subscription": null,
          "unit_amount": -675
        }
    http_version: 
  recorded_at: Tue, 27 Nov 2018 09:06:37 GMT
- request:
    method: get
    uri: https://api.stripe.com/v1/customers/cus_8Di1wjdVktv5kt
    body:
      encoding: US-ASCII
      string: ''
    headers:
      Accept:
      - "*/*; q=0.5, application/xml"
      Accept-Encoding:
      - gzip, deflate
      User-Agent:
      - Stripe/v1 RubyBindings/1.30.2
      Authorization:
      - Bearer sk_test_testfaketestfaketestfake
      Content-Type:
      - application/x-www-form-urlencoded
      Stripe-Version:
      - '2015-10-16'
      X-Stripe-Client-User-Agent:
      - '{"bindings_version":"1.30.2","lang":"ruby","lang_version":"2.3.6 p384 (2017-12-14)","platform":"x86_64-linux","engine":"ruby","publisher":"stripe","uname":"Linux
        version 4.15.0-39-generic (buildd@lgw01-amd64-054) (gcc version 7.3.0 (Ubuntu
        7.3.0-16ubuntu3)) #42-Ubuntu SMP Tue Oct 23 15:48:01 UTC 2018","hostname":"Sleede-SylvainPC"}'
  response:
    status:
      code: 200
      message: OK
    headers:
      Server:
      - nginx
      Date:
      - Tue, 27 Nov 2018 09:06:38 GMT
      Content-Type:
      - application/json
      Content-Length:
      - '4469'
      Connection:
      - keep-alive
      Access-Control-Allow-Credentials:
      - 'true'
      Access-Control-Allow-Methods:
      - GET, POST, HEAD, OPTIONS, DELETE
      Access-Control-Allow-Origin:
      - "*"
      Access-Control-Expose-Headers:
      - Request-Id, Stripe-Manage-Version, X-Stripe-External-Auth-Required, X-Stripe-Privileged-Session-Required
      Access-Control-Max-Age:
      - '300'
      Cache-Control:
      - no-cache, no-store
      Request-Id:
      - req_kRv6HrYVqKKeTd
      Stripe-Version:
      - '2015-10-16'
      Strict-Transport-Security:
      - max-age=31556926; includeSubDomains; preload
    body:
      encoding: UTF-8
      string: |
        {
          "id": "cus_8Di1wjdVktv5kt",
          "object": "customer",
          "account_balance": 0,
          "created": 1459948888,
          "currency": "usd",
          "default_source": "card_1Db2V92sOmf47Nz9x1LyftuG",
          "delinquent": false,
          "description": "Jean Dupond",
          "discount": null,
          "email": "jean.dupond@gmail.com",
          "invoice_prefix": "C0E661C",
          "livemode": false,
          "metadata": {
          },
          "shipping": null,
          "sources": {
            "object": "list",
            "data": [
              {
                "id": "card_1Db2V92sOmf47Nz9x1LyftuG",
                "object": "card",
                "address_city": null,
                "address_country": null,
                "address_line1": null,
                "address_line1_check": null,
                "address_line2": null,
                "address_state": null,
                "address_zip": null,
                "address_zip_check": null,
                "brand": "Visa",
                "country": "US",
                "customer": "cus_8Di1wjdVktv5kt",
                "cvc_check": "pass",
                "dynamic_last4": null,
                "exp_month": 4,
                "exp_year": 2019,
                "fingerprint": "o52jybR7bnmNn6AT",
                "funding": "credit",
                "last4": "4242",
                "metadata": {
                },
                "name": null,
                "tokenization_method": null
              }
            ],
            "has_more": false,
            "total_count": 1,
            "url": "/v1/customers/cus_8Di1wjdVktv5kt/sources"
          },
          "subscriptions": {
            "object": "list",
            "data": [
              {
                "id": "sub_E38mpmjDDfkkv2",
                "object": "subscription",
                "application_fee_percent": null,
                "billing": "charge_automatically",
                "billing_cycle_anchor": 1543309505,
                "cancel_at_period_end": true,
                "canceled_at": 1543309510,
                "created": 1543309505,
                "current_period_end": 1545901505,
                "current_period_start": 1543309505,
                "customer": "cus_8Di1wjdVktv5kt",
                "days_until_due": null,
                "default_source": null,
                "discount": null,
                "ended_at": null,
                "items": {
                  "object": "list",
                  "data": [
                    {
                      "id": "si_E38mz4TrgLBSv9",
                      "object": "subscription_item",
                      "created": 1543309505,
                      "metadata": {
                      },
                      "plan": {
                        "id": "mensuel-standard-month-20160404171519",
                        "object": "plan",
                        "active": true,
                        "aggregate_usage": null,
                        "amount": 3000,
                        "billing_scheme": "per_unit",
                        "created": 1459782921,
                        "currency": "usd",
                        "interval": "month",
                        "interval_count": 1,
                        "livemode": false,
                        "metadata": {
                        },
                        "name": "Mensuel - standard, association - month",
                        "nickname": null,
                        "product": "prod_BV0emghsuiUJDn",
                        "statement_descriptor": null,
                        "tiers": null,
                        "tiers_mode": null,
                        "transform_usage": null,
                        "trial_period_days": null,
                        "usage_type": "licensed"
                      },
                      "quantity": 1,
                      "subscription": "sub_E38mpmjDDfkkv2"
                    }
                  ],
                  "has_more": false,
                  "total_count": 1,
                  "url": "/v1/subscription_items?subscription=sub_E38mpmjDDfkkv2"
                },
                "livemode": false,
                "metadata": {
                },
                "plan": {
                  "id": "mensuel-standard-month-20160404171519",
                  "object": "plan",
                  "active": true,
                  "aggregate_usage": null,
                  "amount": 3000,
                  "billing_scheme": "per_unit",
                  "created": 1459782921,
                  "currency": "usd",
                  "interval": "month",
                  "interval_count": 1,
                  "livemode": false,
                  "metadata": {
                  },
                  "name": "Mensuel - standard, association - month",
                  "nickname": null,
                  "product": "prod_BV0emghsuiUJDn",
                  "statement_descriptor": null,
                  "tiers": null,
                  "tiers_mode": null,
                  "transform_usage": null,
                  "trial_period_days": null,
                  "usage_type": "licensed"
                },
                "quantity": 1,
                "start": 1543309505,
                "status": "active",
                "tax_percent": null,
                "trial_end": null,
                "trial_start": null
              }
            ],
            "has_more": false,
            "total_count": 1,
            "url": "/v1/customers/cus_8Di1wjdVktv5kt/subscriptions"
          },
          "tax_info": null,
          "tax_info_verification": null
        }
    http_version: 
  recorded_at: Tue, 27 Nov 2018 09:06:38 GMT
- request:
    method: get
    uri: https://api.stripe.com/v1/customers/cus_8Di1wjdVktv5kt
    body:
      encoding: US-ASCII
      string: ''
    headers:
      Accept:
      - "*/*; q=0.5, application/xml"
      Accept-Encoding:
      - gzip, deflate
      User-Agent:
      - Stripe/v1 RubyBindings/1.30.2
      Authorization:
      - Bearer sk_test_testfaketestfaketestfake
      Content-Type:
      - application/x-www-form-urlencoded
      Stripe-Version:
      - '2015-10-16'
      X-Stripe-Client-User-Agent:
      - '{"bindings_version":"1.30.2","lang":"ruby","lang_version":"2.3.6 p384 (2017-12-14)","platform":"x86_64-linux","engine":"ruby","publisher":"stripe","uname":"Linux
        version 4.15.0-39-generic (buildd@lgw01-amd64-054) (gcc version 7.3.0 (Ubuntu
        7.3.0-16ubuntu3)) #42-Ubuntu SMP Tue Oct 23 15:48:01 UTC 2018","hostname":"Sleede-SylvainPC"}'
  response:
    status:
      code: 200
      message: OK
    headers:
      Server:
      - nginx
      Date:
      - Tue, 27 Nov 2018 09:06:39 GMT
      Content-Type:
      - application/json
      Content-Length:
      - '4469'
      Connection:
      - keep-alive
      Access-Control-Allow-Credentials:
      - 'true'
      Access-Control-Allow-Methods:
      - GET, POST, HEAD, OPTIONS, DELETE
      Access-Control-Allow-Origin:
      - "*"
      Access-Control-Expose-Headers:
      - Request-Id, Stripe-Manage-Version, X-Stripe-External-Auth-Required, X-Stripe-Privileged-Session-Required
      Access-Control-Max-Age:
      - '300'
      Cache-Control:
      - no-cache, no-store
      Request-Id:
      - req_nyBWwba38WrakM
      Stripe-Version:
      - '2015-10-16'
      Strict-Transport-Security:
      - max-age=31556926; includeSubDomains; preload
    body:
      encoding: UTF-8
      string: |
        {
          "id": "cus_8Di1wjdVktv5kt",
          "object": "customer",
          "account_balance": 0,
          "created": 1459948888,
          "currency": "usd",
          "default_source": "card_1Db2V92sOmf47Nz9x1LyftuG",
          "delinquent": false,
          "description": "Jean Dupond",
          "discount": null,
          "email": "jean.dupond@gmail.com",
          "invoice_prefix": "C0E661C",
          "livemode": false,
          "metadata": {
          },
          "shipping": null,
          "sources": {
            "object": "list",
            "data": [
              {
                "id": "card_1Db2V92sOmf47Nz9x1LyftuG",
                "object": "card",
                "address_city": null,
                "address_country": null,
                "address_line1": null,
                "address_line1_check": null,
                "address_line2": null,
                "address_state": null,
                "address_zip": null,
                "address_zip_check": null,
                "brand": "Visa",
                "country": "US",
                "customer": "cus_8Di1wjdVktv5kt",
                "cvc_check": "pass",
                "dynamic_last4": null,
                "exp_month": 4,
                "exp_year": 2019,
                "fingerprint": "o52jybR7bnmNn6AT",
                "funding": "credit",
                "last4": "4242",
                "metadata": {
                },
                "name": null,
                "tokenization_method": null
              }
            ],
            "has_more": false,
            "total_count": 1,
            "url": "/v1/customers/cus_8Di1wjdVktv5kt/sources"
          },
          "subscriptions": {
            "object": "list",
            "data": [
              {
                "id": "sub_E38mpmjDDfkkv2",
                "object": "subscription",
                "application_fee_percent": null,
                "billing": "charge_automatically",
                "billing_cycle_anchor": 1543309505,
                "cancel_at_period_end": true,
                "canceled_at": 1543309510,
                "created": 1543309505,
                "current_period_end": 1545901505,
                "current_period_start": 1543309505,
                "customer": "cus_8Di1wjdVktv5kt",
                "days_until_due": null,
                "default_source": null,
                "discount": null,
                "ended_at": null,
                "items": {
                  "object": "list",
                  "data": [
                    {
                      "id": "si_E38mz4TrgLBSv9",
                      "object": "subscription_item",
                      "created": 1543309505,
                      "metadata": {
                      },
                      "plan": {
                        "id": "mensuel-standard-month-20160404171519",
                        "object": "plan",
                        "active": true,
                        "aggregate_usage": null,
                        "amount": 3000,
                        "billing_scheme": "per_unit",
                        "created": 1459782921,
                        "currency": "usd",
                        "interval": "month",
                        "interval_count": 1,
                        "livemode": false,
                        "metadata": {
                        },
                        "name": "Mensuel - standard, association - month",
                        "nickname": null,
                        "product": "prod_BV0emghsuiUJDn",
                        "statement_descriptor": null,
                        "tiers": null,
                        "tiers_mode": null,
                        "transform_usage": null,
                        "trial_period_days": null,
                        "usage_type": "licensed"
                      },
                      "quantity": 1,
                      "subscription": "sub_E38mpmjDDfkkv2"
                    }
                  ],
                  "has_more": false,
                  "total_count": 1,
                  "url": "/v1/subscription_items?subscription=sub_E38mpmjDDfkkv2"
                },
                "livemode": false,
                "metadata": {
                },
                "plan": {
                  "id": "mensuel-standard-month-20160404171519",
                  "object": "plan",
                  "active": true,
                  "aggregate_usage": null,
                  "amount": 3000,
                  "billing_scheme": "per_unit",
                  "created": 1459782921,
                  "currency": "usd",
                  "interval": "month",
                  "interval_count": 1,
                  "livemode": false,
                  "metadata": {
                  },
                  "name": "Mensuel - standard, association - month",
                  "nickname": null,
                  "product": "prod_BV0emghsuiUJDn",
                  "statement_descriptor": null,
                  "tiers": null,
                  "tiers_mode": null,
                  "transform_usage": null,
                  "trial_period_days": null,
                  "usage_type": "licensed"
                },
                "quantity": 1,
                "start": 1543309505,
                "status": "active",
                "tax_percent": null,
                "trial_end": null,
                "trial_start": null
              }
            ],
            "has_more": false,
            "total_count": 1,
            "url": "/v1/customers/cus_8Di1wjdVktv5kt/subscriptions"
          },
          "tax_info": null,
          "tax_info_verification": null
        }
    http_version: 
  recorded_at: Tue, 27 Nov 2018 09:06:39 GMT
- request:
    method: post
    uri: https://api.stripe.com/v1/customers/cus_8Di1wjdVktv5kt/subscriptions
    body:
      encoding: UTF-8
      string: plan=mensuel-standard-month-20160404171519&source=tok_1Db2Wc2sOmf47Nz9e8PpJxqX
    headers:
      Accept:
      - "*/*; q=0.5, application/xml"
      Accept-Encoding:
      - gzip, deflate
      User-Agent:
      - Stripe/v1 RubyBindings/1.30.2
      Authorization:
      - Bearer sk_test_testfaketestfaketestfake
      Content-Type:
      - application/x-www-form-urlencoded
      Stripe-Version:
      - '2015-10-16'
      X-Stripe-Client-User-Agent:
      - '{"bindings_version":"1.30.2","lang":"ruby","lang_version":"2.3.6 p384 (2017-12-14)","platform":"x86_64-linux","engine":"ruby","publisher":"stripe","uname":"Linux
        version 4.15.0-39-generic (buildd@lgw01-amd64-054) (gcc version 7.3.0 (Ubuntu
        7.3.0-16ubuntu3)) #42-Ubuntu SMP Tue Oct 23 15:48:01 UTC 2018","hostname":"Sleede-SylvainPC"}'
      Content-Length:
      - '78'
  response:
    status:
      code: 200
      message: OK
    headers:
      Server:
      - nginx
      Date:
      - Tue, 27 Nov 2018 09:06:41 GMT
      Content-Type:
      - application/json
      Content-Length:
      - '2409'
      Connection:
      - keep-alive
      Access-Control-Allow-Credentials:
      - 'true'
      Access-Control-Allow-Methods:
      - GET, POST, HEAD, OPTIONS, DELETE
      Access-Control-Allow-Origin:
      - "*"
      Access-Control-Expose-Headers:
      - Request-Id, Stripe-Manage-Version, X-Stripe-External-Auth-Required, X-Stripe-Privileged-Session-Required
      Access-Control-Max-Age:
      - '300'
      Cache-Control:
      - no-cache, no-store
      Request-Id:
      - req_RflV5gtWsJj1zt
      Stripe-Version:
      - '2015-10-16'
      Strict-Transport-Security:
      - max-age=31556926; includeSubDomains; preload
    body:
      encoding: UTF-8
      string: |
        {
          "id": "sub_E38oY26elm716k",
          "object": "subscription",
          "application_fee_percent": null,
          "billing": "charge_automatically",
          "billing_cycle_anchor": 1543309600,
          "cancel_at_period_end": false,
          "canceled_at": null,
          "created": 1543309600,
          "current_period_end": 1545901600,
          "current_period_start": 1543309600,
          "customer": "cus_8Di1wjdVktv5kt",
          "days_until_due": null,
          "default_source": null,
          "discount": null,
          "ended_at": null,
          "items": {
            "object": "list",
            "data": [
              {
                "id": "si_E38oSp56vPzF52",
                "object": "subscription_item",
                "created": 1543309600,
                "metadata": {
                },
                "plan": {
                  "id": "mensuel-standard-month-20160404171519",
                  "object": "plan",
                  "active": true,
                  "aggregate_usage": null,
                  "amount": 3000,
                  "billing_scheme": "per_unit",
                  "created": 1459782921,
                  "currency": "usd",
                  "interval": "month",
                  "interval_count": 1,
                  "livemode": false,
                  "metadata": {
                  },
                  "name": "Mensuel - standard, association - month",
                  "nickname": null,
                  "product": "prod_BV0emghsuiUJDn",
                  "statement_descriptor": null,
                  "tiers": null,
                  "tiers_mode": null,
                  "transform_usage": null,
                  "trial_period_days": null,
                  "usage_type": "licensed"
                },
                "quantity": 1,
                "subscription": "sub_E38oY26elm716k"
              }
            ],
            "has_more": false,
            "total_count": 1,
            "url": "/v1/subscription_items?subscription=sub_E38oY26elm716k"
          },
          "livemode": false,
          "metadata": {
          },
          "plan": {
            "id": "mensuel-standard-month-20160404171519",
            "object": "plan",
            "active": true,
            "aggregate_usage": null,
            "amount": 3000,
            "billing_scheme": "per_unit",
            "created": 1459782921,
            "currency": "usd",
            "interval": "month",
            "interval_count": 1,
            "livemode": false,
            "metadata": {
            },
            "name": "Mensuel - standard, association - month",
            "nickname": null,
            "product": "prod_BV0emghsuiUJDn",
            "statement_descriptor": null,
            "tiers": null,
            "tiers_mode": null,
            "transform_usage": null,
            "trial_period_days": null,
            "usage_type": "licensed"
          },
          "quantity": 1,
          "start": 1543309600,
          "status": "active",
          "tax_percent": null,
          "trial_end": null,
          "trial_start": null
        }
    http_version: 
  recorded_at: Tue, 27 Nov 2018 09:06:41 GMT
- request:
    method: get
    uri: https://api.stripe.com/v1/invoices?customer=cus_8Di1wjdVktv5kt&limit=1
    body:
      encoding: US-ASCII
      string: ''
    headers:
      Accept:
      - "*/*; q=0.5, application/xml"
      Accept-Encoding:
      - gzip, deflate
      User-Agent:
      - Stripe/v1 RubyBindings/1.30.2
      Authorization:
      - Bearer sk_test_testfaketestfaketestfake
      Content-Type:
      - application/x-www-form-urlencoded
      Stripe-Version:
      - '2015-10-16'
      X-Stripe-Client-User-Agent:
      - '{"bindings_version":"1.30.2","lang":"ruby","lang_version":"2.3.6 p384 (2017-12-14)","platform":"x86_64-linux","engine":"ruby","publisher":"stripe","uname":"Linux
        version 4.15.0-39-generic (buildd@lgw01-amd64-054) (gcc version 7.3.0 (Ubuntu
        7.3.0-16ubuntu3)) #42-Ubuntu SMP Tue Oct 23 15:48:01 UTC 2018","hostname":"Sleede-SylvainPC"}'
  response:
    status:
      code: 200
      message: OK
    headers:
      Server:
      - nginx
      Date:
      - Tue, 27 Nov 2018 09:06:42 GMT
      Content-Type:
      - application/json
      Content-Length:
      - '4482'
      Connection:
      - keep-alive
      Access-Control-Allow-Credentials:
      - 'true'
      Access-Control-Allow-Methods:
      - GET, POST, HEAD, OPTIONS, DELETE
      Access-Control-Allow-Origin:
      - "*"
      Access-Control-Expose-Headers:
      - Request-Id, Stripe-Manage-Version, X-Stripe-External-Auth-Required, X-Stripe-Privileged-Session-Required
      Access-Control-Max-Age:
      - '300'
      Cache-Control:
      - no-cache, no-store
      Request-Id:
      - req_SpKcv2CFZkvNbz
      Stripe-Version:
      - '2015-10-16'
      Strict-Transport-Security:
      - max-age=31556926; includeSubDomains; preload
    body:
      encoding: UTF-8
      string: |
        {
          "object": "list",
          "data": [
            {
              "id": "in_1Db2Wi2sOmf47Nz9CEnIfv0R",
              "object": "invoice",
              "amount_due": 3825,
              "amount_paid": 3825,
              "amount_remaining": 0,
              "application_fee": null,
              "attempt_count": 1,
              "attempted": true,
              "auto_advance": false,
              "billing": "charge_automatically",
              "billing_reason": "subscription_update",
              "charge": "ch_1Db2Wi2sOmf47Nz9WGLdw3v7",
              "closed": true,
              "currency": "usd",
              "customer": "cus_8Di1wjdVktv5kt",
              "date": 1543309600,
              "default_source": null,
              "description": null,
              "discount": null,
              "due_date": null,
              "ending_balance": 0,
              "finalized_at": 1543309600,
              "forgiven": false,
              "hosted_invoice_url": "https://pay.stripe.com/invoice/invst_uZHl15IwfdfaE3HtXBqfNI8hyA",
              "invoice_pdf": "https://pay.stripe.com/invoice/invst_uZHl15IwfdfaE3HtXBqfNI8hyA/pdf",
              "lines": {
                "object": "list",
                "data": [
                  {
                    "id": "ii_1Db2Wf2sOmf47Nz9k4aU03O6",
                    "object": "line_item",
                    "amount": -675,
                    "currency": "usd",
                    "description": "coupon SUNNYFABLAB",
                    "discountable": false,
                    "invoice_item": "ii_1Db2Wf2sOmf47Nz9k4aU03O6",
                    "livemode": false,
                    "metadata": {
                    },
                    "period": {
                      "end": 1543309597,
                      "start": 1543309597
                    },
                    "plan": null,
                    "proration": false,
                    "quantity": 1,
                    "subscription": null,
                    "type": "invoiceitem"
                  },
                  {
                    "id": "ii_1Db2We2sOmf47Nz9bhEDhqwi",
                    "object": "line_item",
                    "amount": 1500,
                    "currency": "usd",
                    "description": "FORM1+ imprimante 3D November 27, 2018 13:00 - 02:00 PM",
                    "discountable": true,
                    "invoice_item": "ii_1Db2We2sOmf47Nz9bhEDhqwi",
                    "livemode": false,
                    "metadata": {
                    },
                    "period": {
                      "end": 1543309596,
                      "start": 1543309596
                    },
                    "plan": null,
                    "proration": false,
                    "quantity": 1,
                    "subscription": null,
                    "type": "invoiceitem"
                  },
                  {
                    "id": "sub_E38oY26elm716k",
                    "object": "line_item",
                    "amount": 3000,
                    "currency": "usd",
                    "description": null,
                    "discountable": true,
                    "livemode": false,
                    "metadata": {
                    },
                    "period": {
                      "end": 1545901600,
                      "start": 1543309600
                    },
                    "plan": {
                      "id": "mensuel-standard-month-20160404171519",
                      "object": "plan",
                      "active": true,
                      "aggregate_usage": null,
                      "amount": 3000,
                      "billing_scheme": "per_unit",
                      "created": 1459782921,
                      "currency": "usd",
                      "interval": "month",
                      "interval_count": 1,
                      "livemode": false,
                      "metadata": {
                      },
                      "name": "Mensuel - standard, association - month",
                      "nickname": null,
                      "product": "prod_BV0emghsuiUJDn",
                      "statement_descriptor": null,
                      "tiers": null,
                      "tiers_mode": null,
                      "transform_usage": null,
                      "trial_period_days": null,
                      "usage_type": "licensed"
                    },
                    "proration": false,
                    "quantity": 1,
                    "subscription": null,
                    "subscription_item": "si_E38oSp56vPzF52",
                    "type": "subscription"
                  }
                ],
                "has_more": false,
                "total_count": 3,
                "url": "/v1/invoices/in_1Db2Wi2sOmf47Nz9CEnIfv0R/lines"
              },
              "livemode": false,
              "metadata": {
              },
              "next_payment_attempt": null,
              "number": "C0E661C-0023",
              "paid": true,
              "payment_intent": null,
              "period_end": 1543309600,
              "period_start": 1543309600,
              "receipt_number": null,
              "starting_balance": 0,
              "statement_descriptor": null,
              "status": "paid",
              "subscription": "sub_E38oY26elm716k",
              "subtotal": 3825,
              "tax": 0,
              "tax_percent": null,
              "total": 3825,
              "webhooks_delivered_at": 1543309601
            }
          ],
          "has_more": true,
          "url": "/v1/invoices"
        }
    http_version: 
  recorded_at: Tue, 27 Nov 2018 09:06:42 GMT
- request:
    method: get
    uri: https://api.stripe.com/v1/customers/cus_8Di1wjdVktv5kt
    body:
      encoding: US-ASCII
      string: ''
    headers:
      Accept:
      - "*/*; q=0.5, application/xml"
      Accept-Encoding:
      - gzip, deflate
      User-Agent:
      - Stripe/v1 RubyBindings/1.30.2
      Authorization:
      - Bearer sk_test_testfaketestfaketestfake
      Content-Type:
      - application/x-www-form-urlencoded
      Stripe-Version:
      - '2015-10-16'
      X-Stripe-Client-User-Agent:
      - '{"bindings_version":"1.30.2","lang":"ruby","lang_version":"2.3.6 p384 (2017-12-14)","platform":"x86_64-linux","engine":"ruby","publisher":"stripe","uname":"Linux
        version 4.15.0-39-generic (buildd@lgw01-amd64-054) (gcc version 7.3.0 (Ubuntu
        7.3.0-16ubuntu3)) #42-Ubuntu SMP Tue Oct 23 15:48:01 UTC 2018","hostname":"Sleede-SylvainPC"}'
  response:
    status:
      code: 200
      message: OK
    headers:
      Server:
      - nginx
      Date:
      - Tue, 27 Nov 2018 09:06:43 GMT
      Content-Type:
      - application/json
      Content-Length:
      - '7425'
      Connection:
      - keep-alive
      Access-Control-Allow-Credentials:
      - 'true'
      Access-Control-Allow-Methods:
      - GET, POST, HEAD, OPTIONS, DELETE
      Access-Control-Allow-Origin:
      - "*"
      Access-Control-Expose-Headers:
      - Request-Id, Stripe-Manage-Version, X-Stripe-External-Auth-Required, X-Stripe-Privileged-Session-Required
      Access-Control-Max-Age:
      - '300'
      Cache-Control:
      - no-cache, no-store
      Request-Id:
      - req_d2n3AAvDxPyNyV
      Stripe-Version:
      - '2015-10-16'
      Strict-Transport-Security:
      - max-age=31556926; includeSubDomains; preload
    body:
      encoding: UTF-8
      string: |
        {
          "id": "cus_8Di1wjdVktv5kt",
          "object": "customer",
          "account_balance": 0,
          "created": 1459948888,
          "currency": "usd",
          "default_source": "card_1Db2Wc2sOmf47Nz9lIMR62qg",
          "delinquent": false,
          "description": "Jean Dupond",
          "discount": null,
          "email": "jean.dupond@gmail.com",
          "invoice_prefix": "C0E661C",
          "livemode": false,
          "metadata": {
          },
          "shipping": null,
          "sources": {
            "object": "list",
            "data": [
              {
                "id": "card_1Db2Wc2sOmf47Nz9lIMR62qg",
                "object": "card",
                "address_city": null,
                "address_country": null,
                "address_line1": null,
                "address_line1_check": null,
                "address_line2": null,
                "address_state": null,
                "address_zip": null,
                "address_zip_check": null,
                "brand": "Visa",
                "country": "US",
                "customer": "cus_8Di1wjdVktv5kt",
                "cvc_check": "pass",
                "dynamic_last4": null,
                "exp_month": 4,
                "exp_year": 2019,
                "fingerprint": "o52jybR7bnmNn6AT",
                "funding": "credit",
                "last4": "4242",
                "metadata": {
                },
                "name": null,
                "tokenization_method": null
              }
            ],
            "has_more": false,
            "total_count": 1,
            "url": "/v1/customers/cus_8Di1wjdVktv5kt/sources"
          },
          "subscriptions": {
            "object": "list",
            "data": [
              {
                "id": "sub_E38oY26elm716k",
                "object": "subscription",
                "application_fee_percent": null,
                "billing": "charge_automatically",
                "billing_cycle_anchor": 1543309600,
                "cancel_at_period_end": false,
                "canceled_at": null,
                "created": 1543309600,
                "current_period_end": 1545901600,
                "current_period_start": 1543309600,
                "customer": "cus_8Di1wjdVktv5kt",
                "days_until_due": null,
                "default_source": null,
                "discount": null,
                "ended_at": null,
                "items": {
                  "object": "list",
                  "data": [
                    {
                      "id": "si_E38oSp56vPzF52",
                      "object": "subscription_item",
                      "created": 1543309600,
                      "metadata": {
                      },
                      "plan": {
                        "id": "mensuel-standard-month-20160404171519",
                        "object": "plan",
                        "active": true,
                        "aggregate_usage": null,
                        "amount": 3000,
                        "billing_scheme": "per_unit",
                        "created": 1459782921,
                        "currency": "usd",
                        "interval": "month",
                        "interval_count": 1,
                        "livemode": false,
                        "metadata": {
                        },
                        "name": "Mensuel - standard, association - month",
                        "nickname": null,
                        "product": "prod_BV0emghsuiUJDn",
                        "statement_descriptor": null,
                        "tiers": null,
                        "tiers_mode": null,
                        "transform_usage": null,
                        "trial_period_days": null,
                        "usage_type": "licensed"
                      },
                      "quantity": 1,
                      "subscription": "sub_E38oY26elm716k"
                    }
                  ],
                  "has_more": false,
                  "total_count": 1,
                  "url": "/v1/subscription_items?subscription=sub_E38oY26elm716k"
                },
                "livemode": false,
                "metadata": {
                },
                "plan": {
                  "id": "mensuel-standard-month-20160404171519",
                  "object": "plan",
                  "active": true,
                  "aggregate_usage": null,
                  "amount": 3000,
                  "billing_scheme": "per_unit",
                  "created": 1459782921,
                  "currency": "usd",
                  "interval": "month",
                  "interval_count": 1,
                  "livemode": false,
                  "metadata": {
                  },
                  "name": "Mensuel - standard, association - month",
                  "nickname": null,
                  "product": "prod_BV0emghsuiUJDn",
                  "statement_descriptor": null,
                  "tiers": null,
                  "tiers_mode": null,
                  "transform_usage": null,
                  "trial_period_days": null,
                  "usage_type": "licensed"
                },
                "quantity": 1,
                "start": 1543309600,
                "status": "active",
                "tax_percent": null,
                "trial_end": null,
                "trial_start": null
              },
              {
                "id": "sub_E38mpmjDDfkkv2",
                "object": "subscription",
                "application_fee_percent": null,
                "billing": "charge_automatically",
                "billing_cycle_anchor": 1543309505,
                "cancel_at_period_end": true,
                "canceled_at": 1543309510,
                "created": 1543309505,
                "current_period_end": 1545901505,
                "current_period_start": 1543309505,
                "customer": "cus_8Di1wjdVktv5kt",
                "days_until_due": null,
                "default_source": null,
                "discount": null,
                "ended_at": null,
                "items": {
                  "object": "list",
                  "data": [
                    {
                      "id": "si_E38mz4TrgLBSv9",
                      "object": "subscription_item",
                      "created": 1543309505,
                      "metadata": {
                      },
                      "plan": {
                        "id": "mensuel-standard-month-20160404171519",
                        "object": "plan",
                        "active": true,
                        "aggregate_usage": null,
                        "amount": 3000,
                        "billing_scheme": "per_unit",
                        "created": 1459782921,
                        "currency": "usd",
                        "interval": "month",
                        "interval_count": 1,
                        "livemode": false,
                        "metadata": {
                        },
                        "name": "Mensuel - standard, association - month",
                        "nickname": null,
                        "product": "prod_BV0emghsuiUJDn",
                        "statement_descriptor": null,
                        "tiers": null,
                        "tiers_mode": null,
                        "transform_usage": null,
                        "trial_period_days": null,
                        "usage_type": "licensed"
                      },
                      "quantity": 1,
                      "subscription": "sub_E38mpmjDDfkkv2"
                    }
                  ],
                  "has_more": false,
                  "total_count": 1,
                  "url": "/v1/subscription_items?subscription=sub_E38mpmjDDfkkv2"
                },
                "livemode": false,
                "metadata": {
                },
                "plan": {
                  "id": "mensuel-standard-month-20160404171519",
                  "object": "plan",
                  "active": true,
                  "aggregate_usage": null,
                  "amount": 3000,
                  "billing_scheme": "per_unit",
                  "created": 1459782921,
                  "currency": "usd",
                  "interval": "month",
                  "interval_count": 1,
                  "livemode": false,
                  "metadata": {
                  },
                  "name": "Mensuel - standard, association - month",
                  "nickname": null,
                  "product": "prod_BV0emghsuiUJDn",
                  "statement_descriptor": null,
                  "tiers": null,
                  "tiers_mode": null,
                  "transform_usage": null,
                  "trial_period_days": null,
                  "usage_type": "licensed"
                },
                "quantity": 1,
                "start": 1543309505,
                "status": "active",
                "tax_percent": null,
                "trial_end": null,
                "trial_start": null
              }
            ],
            "has_more": false,
            "total_count": 2,
            "url": "/v1/customers/cus_8Di1wjdVktv5kt/subscriptions"
          },
          "tax_info": null,
          "tax_info_verification": null
        }
    http_version: 
  recorded_at: Tue, 27 Nov 2018 09:06:43 GMT
- request:
    method: get
    uri: https://api.stripe.com/v1/customers/cus_8Di1wjdVktv5kt/subscriptions/sub_E38oY26elm716k
    body:
      encoding: US-ASCII
      string: ''
    headers:
      Accept:
      - "*/*; q=0.5, application/xml"
      Accept-Encoding:
      - gzip, deflate
      User-Agent:
      - Stripe/v1 RubyBindings/1.30.2
      Authorization:
      - Bearer sk_test_testfaketestfaketestfake
      Content-Type:
      - application/x-www-form-urlencoded
      Stripe-Version:
      - '2015-10-16'
      X-Stripe-Client-User-Agent:
      - '{"bindings_version":"1.30.2","lang":"ruby","lang_version":"2.3.6 p384 (2017-12-14)","platform":"x86_64-linux","engine":"ruby","publisher":"stripe","uname":"Linux
        version 4.15.0-39-generic (buildd@lgw01-amd64-054) (gcc version 7.3.0 (Ubuntu
        7.3.0-16ubuntu3)) #42-Ubuntu SMP Tue Oct 23 15:48:01 UTC 2018","hostname":"Sleede-SylvainPC"}'
  response:
    status:
      code: 200
      message: OK
    headers:
      Server:
      - nginx
      Date:
      - Tue, 27 Nov 2018 09:06:44 GMT
      Content-Type:
      - application/json
      Content-Length:
      - '2409'
      Connection:
      - keep-alive
      Access-Control-Allow-Credentials:
      - 'true'
      Access-Control-Allow-Methods:
      - GET, POST, HEAD, OPTIONS, DELETE
      Access-Control-Allow-Origin:
      - "*"
      Access-Control-Expose-Headers:
      - Request-Id, Stripe-Manage-Version, X-Stripe-External-Auth-Required, X-Stripe-Privileged-Session-Required
      Access-Control-Max-Age:
      - '300'
      Cache-Control:
      - no-cache, no-store
      Request-Id:
      - req_k5U0rf1sqkhRaf
      Stripe-Version:
      - '2015-10-16'
      Strict-Transport-Security:
      - max-age=31556926; includeSubDomains; preload
    body:
      encoding: UTF-8
      string: |
        {
          "id": "sub_E38oY26elm716k",
          "object": "subscription",
          "application_fee_percent": null,
          "billing": "charge_automatically",
          "billing_cycle_anchor": 1543309600,
          "cancel_at_period_end": false,
          "canceled_at": null,
          "created": 1543309600,
          "current_period_end": 1545901600,
          "current_period_start": 1543309600,
          "customer": "cus_8Di1wjdVktv5kt",
          "days_until_due": null,
          "default_source": null,
          "discount": null,
          "ended_at": null,
          "items": {
            "object": "list",
            "data": [
              {
                "id": "si_E38oSp56vPzF52",
                "object": "subscription_item",
                "created": 1543309600,
                "metadata": {
                },
                "plan": {
                  "id": "mensuel-standard-month-20160404171519",
                  "object": "plan",
                  "active": true,
                  "aggregate_usage": null,
                  "amount": 3000,
                  "billing_scheme": "per_unit",
                  "created": 1459782921,
                  "currency": "usd",
                  "interval": "month",
                  "interval_count": 1,
                  "livemode": false,
                  "metadata": {
                  },
                  "name": "Mensuel - standard, association - month",
                  "nickname": null,
                  "product": "prod_BV0emghsuiUJDn",
                  "statement_descriptor": null,
                  "tiers": null,
                  "tiers_mode": null,
                  "transform_usage": null,
                  "trial_period_days": null,
                  "usage_type": "licensed"
                },
                "quantity": 1,
                "subscription": "sub_E38oY26elm716k"
              }
            ],
            "has_more": false,
            "total_count": 1,
            "url": "/v1/subscription_items?subscription=sub_E38oY26elm716k"
          },
          "livemode": false,
          "metadata": {
          },
          "plan": {
            "id": "mensuel-standard-month-20160404171519",
            "object": "plan",
            "active": true,
            "aggregate_usage": null,
            "amount": 3000,
            "billing_scheme": "per_unit",
            "created": 1459782921,
            "currency": "usd",
            "interval": "month",
            "interval_count": 1,
            "livemode": false,
            "metadata": {
            },
            "name": "Mensuel - standard, association - month",
            "nickname": null,
            "product": "prod_BV0emghsuiUJDn",
            "statement_descriptor": null,
            "tiers": null,
            "tiers_mode": null,
            "transform_usage": null,
            "trial_period_days": null,
            "usage_type": "licensed"
          },
          "quantity": 1,
          "start": 1543309600,
          "status": "active",
          "tax_percent": null,
          "trial_end": null,
          "trial_start": null
        }
    http_version: 
  recorded_at: Tue, 27 Nov 2018 09:06:44 GMT
- request:
    method: delete
    uri: https://api.stripe.com/v1/customers/cus_8Di1wjdVktv5kt/subscriptions/sub_E38oY26elm716k?at_period_end=true
    body:
      encoding: US-ASCII
      string: ''
    headers:
      Accept:
      - "*/*; q=0.5, application/xml"
      Accept-Encoding:
      - gzip, deflate
      User-Agent:
      - Stripe/v1 RubyBindings/1.30.2
      Authorization:
      - Bearer sk_test_testfaketestfaketestfake
      Content-Type:
      - application/x-www-form-urlencoded
      Stripe-Version:
      - '2015-10-16'
      X-Stripe-Client-User-Agent:
      - '{"bindings_version":"1.30.2","lang":"ruby","lang_version":"2.3.6 p384 (2017-12-14)","platform":"x86_64-linux","engine":"ruby","publisher":"stripe","uname":"Linux
        version 4.15.0-39-generic (buildd@lgw01-amd64-054) (gcc version 7.3.0 (Ubuntu
        7.3.0-16ubuntu3)) #42-Ubuntu SMP Tue Oct 23 15:48:01 UTC 2018","hostname":"Sleede-SylvainPC"}'
  response:
    status:
      code: 200
      message: OK
    headers:
      Server:
      - nginx
      Date:
      - Tue, 27 Nov 2018 09:06:45 GMT
      Content-Type:
      - application/json
      Content-Length:
      - '2414'
      Connection:
      - keep-alive
      Access-Control-Allow-Credentials:
      - 'true'
      Access-Control-Allow-Methods:
      - GET, POST, HEAD, OPTIONS, DELETE
      Access-Control-Allow-Origin:
      - "*"
      Access-Control-Expose-Headers:
      - Request-Id, Stripe-Manage-Version, X-Stripe-External-Auth-Required, X-Stripe-Privileged-Session-Required
      Access-Control-Max-Age:
      - '300'
      Cache-Control:
      - no-cache, no-store
      Request-Id:
      - req_YySBPNhDKvewuf
      Stripe-Version:
      - '2015-10-16'
      Strict-Transport-Security:
      - max-age=31556926; includeSubDomains; preload
    body:
      encoding: UTF-8
      string: |
        {
          "id": "sub_E38oY26elm716k",
          "object": "subscription",
          "application_fee_percent": null,
          "billing": "charge_automatically",
          "billing_cycle_anchor": 1543309600,
          "cancel_at_period_end": true,
          "canceled_at": 1543309604,
          "created": 1543309600,
          "current_period_end": 1545901600,
          "current_period_start": 1543309600,
          "customer": "cus_8Di1wjdVktv5kt",
          "days_until_due": null,
          "default_source": null,
          "discount": null,
          "ended_at": null,
          "items": {
            "object": "list",
            "data": [
              {
                "id": "si_E38oSp56vPzF52",
                "object": "subscription_item",
                "created": 1543309600,
                "metadata": {
                },
                "plan": {
                  "id": "mensuel-standard-month-20160404171519",
                  "object": "plan",
                  "active": true,
                  "aggregate_usage": null,
                  "amount": 3000,
                  "billing_scheme": "per_unit",
                  "created": 1459782921,
                  "currency": "usd",
                  "interval": "month",
                  "interval_count": 1,
                  "livemode": false,
                  "metadata": {
                  },
                  "name": "Mensuel - standard, association - month",
                  "nickname": null,
                  "product": "prod_BV0emghsuiUJDn",
                  "statement_descriptor": null,
                  "tiers": null,
                  "tiers_mode": null,
                  "transform_usage": null,
                  "trial_period_days": null,
                  "usage_type": "licensed"
                },
                "quantity": 1,
                "subscription": "sub_E38oY26elm716k"
              }
            ],
            "has_more": false,
            "total_count": 1,
            "url": "/v1/subscription_items?subscription=sub_E38oY26elm716k"
          },
          "livemode": false,
          "metadata": {
          },
          "plan": {
            "id": "mensuel-standard-month-20160404171519",
            "object": "plan",
            "active": true,
            "aggregate_usage": null,
            "amount": 3000,
            "billing_scheme": "per_unit",
            "created": 1459782921,
            "currency": "usd",
            "interval": "month",
            "interval_count": 1,
            "livemode": false,
            "metadata": {
            },
            "name": "Mensuel - standard, association - month",
            "nickname": null,
            "product": "prod_BV0emghsuiUJDn",
            "statement_descriptor": null,
            "tiers": null,
            "tiers_mode": null,
            "transform_usage": null,
            "trial_period_days": null,
            "usage_type": "licensed"
          },
          "quantity": 1,
          "start": 1543309600,
          "status": "active",
          "tax_percent": null,
          "trial_end": null,
          "trial_start": null
        }
    http_version: 
  recorded_at: Tue, 27 Nov 2018 09:06:45 GMT
- request:
    method: get
    uri: https://api.stripe.com/v1/invoiceitems/ii_1Db2We2sOmf47Nz9bhEDhqwi
    body:
      encoding: US-ASCII
      string: ''
    headers:
      Accept:
      - "*/*; q=0.5, application/xml"
      Accept-Encoding:
      - gzip, deflate
      User-Agent:
      - Stripe/v1 RubyBindings/1.30.2
      Authorization:
      - Bearer sk_test_testfaketestfaketestfake
      Content-Type:
      - application/x-www-form-urlencoded
      Stripe-Version:
      - '2015-10-16'
      X-Stripe-Client-User-Agent:
      - '{"bindings_version":"1.30.2","lang":"ruby","lang_version":"2.3.6 p384 (2017-12-14)","platform":"x86_64-linux","engine":"ruby","publisher":"stripe","uname":"Linux
        version 4.15.0-39-generic (buildd@lgw01-amd64-054) (gcc version 7.3.0 (Ubuntu
        7.3.0-16ubuntu3)) #42-Ubuntu SMP Tue Oct 23 15:48:01 UTC 2018","hostname":"Sleede-SylvainPC"}'
  response:
    status:
      code: 200
      message: OK
    headers:
      Server:
      - nginx
      Date:
      - Tue, 27 Nov 2018 09:06:45 GMT
      Content-Type:
      - application/json
      Content-Length:
      - '520'
      Connection:
      - keep-alive
      Access-Control-Allow-Credentials:
      - 'true'
      Access-Control-Allow-Methods:
      - GET, POST, HEAD, OPTIONS, DELETE
      Access-Control-Allow-Origin:
      - "*"
      Access-Control-Expose-Headers:
      - Request-Id, Stripe-Manage-Version, X-Stripe-External-Auth-Required, X-Stripe-Privileged-Session-Required
      Access-Control-Max-Age:
      - '300'
      Cache-Control:
      - no-cache, no-store
      Request-Id:
      - req_gjAnV2y3ov6zvg
      Stripe-Version:
      - '2015-10-16'
      Strict-Transport-Security:
      - max-age=31556926; includeSubDomains; preload
    body:
      encoding: UTF-8
      string: |
        {
          "id": "ii_1Db2We2sOmf47Nz9bhEDhqwi",
          "object": "invoiceitem",
          "amount": 1500,
          "currency": "usd",
          "customer": "cus_8Di1wjdVktv5kt",
          "date": 1543309596,
          "description": "FORM1+ imprimante 3D November 27, 2018 13:00 - 02:00 PM",
          "discountable": true,
          "invoice": "in_1Db2Wi2sOmf47Nz9CEnIfv0R",
          "livemode": false,
          "metadata": {
          },
          "period": {
            "start": 1543309596,
            "end": 1543309596
          },
          "plan": null,
          "proration": false,
          "quantity": 1,
          "subscription": null,
          "unit_amount": 1500
        }
    http_version: 
  recorded_at: Tue, 27 Nov 2018 09:06:45 GMT
- request:
    method: get
    uri: https://api.stripe.com/v1/invoiceitems/ii_1Db2We2sOmf47Nz9bhEDhqwi
    body:
      encoding: US-ASCII
      string: ''
    headers:
      Accept:
      - "*/*; q=0.5, application/xml"
      Accept-Encoding:
      - gzip, deflate
      User-Agent:
      - Stripe/v1 RubyBindings/1.30.2
      Authorization:
      - Bearer sk_test_testfaketestfaketestfake
      Content-Type:
      - application/x-www-form-urlencoded
      Stripe-Version:
      - '2015-10-16'
      X-Stripe-Client-User-Agent:
      - '{"bindings_version":"1.30.2","lang":"ruby","lang_version":"2.3.6 p384 (2017-12-14)","platform":"x86_64-linux","engine":"ruby","publisher":"stripe","uname":"Linux
        version 4.15.0-39-generic (buildd@lgw01-amd64-054) (gcc version 7.3.0 (Ubuntu
        7.3.0-16ubuntu3)) #42-Ubuntu SMP Tue Oct 23 15:48:01 UTC 2018","hostname":"Sleede-SylvainPC"}'
  response:
    status:
      code: 200
      message: OK
    headers:
      Server:
      - nginx
      Date:
      - Tue, 27 Nov 2018 09:06:46 GMT
      Content-Type:
      - application/json
      Content-Length:
      - '520'
      Connection:
      - keep-alive
      Access-Control-Allow-Credentials:
      - 'true'
      Access-Control-Allow-Methods:
      - GET, POST, HEAD, OPTIONS, DELETE
      Access-Control-Allow-Origin:
      - "*"
      Access-Control-Expose-Headers:
      - Request-Id, Stripe-Manage-Version, X-Stripe-External-Auth-Required, X-Stripe-Privileged-Session-Required
      Access-Control-Max-Age:
      - '300'
      Cache-Control:
      - no-cache, no-store
      Request-Id:
      - req_1bCsOXU1Xb8Sdx
      Stripe-Version:
      - '2015-10-16'
      Strict-Transport-Security:
      - max-age=31556926; includeSubDomains; preload
    body:
      encoding: UTF-8
      string: |
        {
          "id": "ii_1Db2We2sOmf47Nz9bhEDhqwi",
          "object": "invoiceitem",
          "amount": 1500,
          "currency": "usd",
          "customer": "cus_8Di1wjdVktv5kt",
          "date": 1543309596,
          "description": "FORM1+ imprimante 3D November 27, 2018 13:00 - 02:00 PM",
          "discountable": true,
          "invoice": "in_1Db2Wi2sOmf47Nz9CEnIfv0R",
          "livemode": false,
          "metadata": {
          },
          "period": {
            "start": 1543309596,
            "end": 1543309596
          },
          "plan": null,
          "proration": false,
          "quantity": 1,
          "subscription": null,
          "unit_amount": 1500
        }
    http_version: 
  recorded_at: Tue, 27 Nov 2018 09:06:46 GMT
recorded_with: VCR 3.0.1
