---
http_interactions:
- request:
    method: post
    uri: https://api.stripe.com/v1/tokens
    body:
      encoding: UTF-8
      string: card[number]=4242424242424242&card[exp_month]=4&card[exp_year]=2018&card[cvc]=314
    headers:
      Accept:
      - "*/*; q=0.5, application/xml"
      Accept-Encoding:
      - gzip, deflate
      User-Agent:
      - Stripe/v1 RubyBindings/1.30.2
      Authorization:
      - Bearer sk_test_testfaketestfaketestfake
      Content-Type:
      - application/x-www-form-urlencoded
      X-Stripe-Client-User-Agent:
      - '{"bindings_version":"1.30.2","lang":"ruby","lang_version":"2.3.0 p0 (2015-12-25)","platform":"x86_64-linux","engine":"ruby","publisher":"stripe","uname":"Linux
        version 4.10.0-33-generic (buildd@lgw01-22) (gcc version 5.4.0 20160609 (Ubuntu
        5.4.0-6ubuntu1~16.04.4) ) #37~16.04.1-Ubuntu SMP Fri Aug 11 14:07:24 UTC 2017","hostname":"Sleede-SylvainPC"}'
      Content-Length:
      - '81'
  response:
    status:
      code: 200
      message: OK
    headers:
      Server:
      - nginx
      Date:
      - Mon, 18 Sep 2017 08:53:36 GMT
      Content-Type:
      - application/json
      Content-Length:
      - '779'
      Connection:
      - keep-alive
      Access-Control-Allow-Credentials:
      - 'true'
      Access-Control-Allow-Methods:
      - GET, POST, HEAD, OPTIONS, DELETE
      Access-Control-Allow-Origin:
      - "*"
      Access-Control-Expose-Headers:
      - X-Stripe-Privileged-Session-Required,stripe-manage-version,X-Stripe-External-Auth-Required
      Access-Control-Max-Age:
      - '300'
      Cache-Control:
      - no-cache, no-store
      Request-Id:
      - req_IxVJETx0YE83qh
      Stripe-Version:
      - '2015-10-16'
      Strict-Transport-Security:
      - max-age=31556926; includeSubDomains
    body:
      encoding: UTF-8
      string: |
        {
          "id": "tok_1B3L0W2sOmf47Nz9YIxXHgWn",
          "object": "token",
          "card": {
            "id": "card_1B3L0W2sOmf47Nz9IWFm3G6v",
            "object": "card",
            "address_city": null,
            "address_country": null,
            "address_line1": null,
            "address_line1_check": null,
            "address_line2": null,
            "address_state": null,
            "address_zip": null,
            "address_zip_check": null,
            "brand": "Visa",
            "country": "US",
            "cvc_check": "unchecked",
            "dynamic_last4": null,
            "exp_month": 4,
            "exp_year": 2018,
            "fingerprint": "o52jybR7bnmNn6AT",
            "funding": "credit",
            "last4": "4242",
            "metadata": {},
            "name": null,
            "tokenization_method": null
          },
          "client_ip": "90.112.59.71",
          "created": 1505724816,
          "livemode": false,
          "type": "card",
          "used": false
        }
    http_version: 
  recorded_at: Mon, 18 Sep 2017 08:53:36 GMT
- request:
    method: get
    uri: https://api.stripe.com/v1/invoiceitems?customer=cus_8Di1wjdVktv5kt&limit=100
    body:
      encoding: US-ASCII
      string: ''
    headers:
      Accept:
      - "*/*; q=0.5, application/xml"
      Accept-Encoding:
      - gzip, deflate
      User-Agent:
      - Stripe/v1 RubyBindings/1.30.2
      Authorization:
      - Bearer sk_test_testfaketestfaketestfake
      Content-Type:
      - application/x-www-form-urlencoded
      X-Stripe-Client-User-Agent:
      - '{"bindings_version":"1.30.2","lang":"ruby","lang_version":"2.3.0 p0 (2015-12-25)","platform":"x86_64-linux","engine":"ruby","publisher":"stripe","uname":"Linux
        version 4.10.0-33-generic (buildd@lgw01-22) (gcc version 5.4.0 20160609 (Ubuntu
        5.4.0-6ubuntu1~16.04.4) ) #37~16.04.1-Ubuntu SMP Fri Aug 11 14:07:24 UTC 2017","hostname":"Sleede-SylvainPC"}'
  response:
    status:
      code: 200
      message: OK
    headers:
      Server:
      - nginx
      Date:
      - Mon, 18 Sep 2017 08:53:37 GMT
      Content-Type:
      - application/json
      Content-Length:
      - '9205'
      Connection:
      - keep-alive
      Access-Control-Allow-Credentials:
      - 'true'
      Access-Control-Allow-Methods:
      - GET, POST, HEAD, OPTIONS, DELETE
      Access-Control-Allow-Origin:
      - "*"
      Access-Control-Expose-Headers:
      - X-Stripe-Privileged-Session-Required,stripe-manage-version,X-Stripe-External-Auth-Required
      Access-Control-Max-Age:
      - '300'
      Cache-Control:
      - no-cache, no-store
      Request-Id:
      - req_v0QlFIQhn3VFHz
      Stripe-Version:
      - '2015-10-16'
      Strict-Transport-Security:
      - max-age=31556926; includeSubDomains
    body:
      encoding: UTF-8
      string: |
        {
          "object": "list",
          "data": [
            {
              "id": "ii_1B3L0T2sOmf47Nz9OXEMdidl",
              "object": "invoiceitem",
              "amount": 3200,
              "currency": "usd",
              "customer": "cus_8Di1wjdVktv5kt",
              "date": 1505724813,
              "description": "FORM1+ imprimante 3D September 17, 2017 14:00 - 03:00 PM",
              "discountable": true,
              "invoice": null,
              "livemode": false,
              "metadata": {},
              "period": {
                "start": 1505724813,
                "end": 1505724813
              },
              "plan": null,
              "proration": false,
              "quantity": null,
              "subscription": null
            },
            {
              "id": "ii_1B3L0J2sOmf47Nz9lKSNNF1U",
              "object": "invoiceitem",
              "amount": 5100,
              "currency": "usd",
              "customer": "cus_8Di1wjdVktv5kt",
              "date": 1505724803,
              "description": "Formation Imprimante 3D September 18, 2017 08:00 - 12:00 PM",
              "discountable": true,
              "invoice": "in_1B3L0N2sOmf47Nz9YpYod08J",
              "livemode": false,
              "metadata": {},
              "period": {
                "start": 1505724803,
                "end": 1505724803
              },
              "plan": null,
              "proration": false,
              "quantity": null,
              "subscription": null
            },
            {
              "id": "ii_1B3L012sOmf47Nz948JNFRoK",
              "object": "invoiceitem",
              "amount": -675,
              "currency": "usd",
              "customer": "cus_8Di1wjdVktv5kt",
              "date": 1505724785,
              "description": "coupon SUNNYFABLAB",
              "discountable": false,
              "invoice": "in_1B3L052sOmf47Nz9zx9vIGks",
              "livemode": false,
              "metadata": {},
              "period": {
                "start": 1505724785,
                "end": 1505724785
              },
              "plan": null,
              "proration": false,
              "quantity": null,
              "subscription": null
            },
            {
              "id": "ii_1B3L002sOmf47Nz9FjqPZEye",
              "object": "invoiceitem",
              "amount": 1500,
              "currency": "usd",
              "customer": "cus_8Di1wjdVktv5kt",
              "date": 1505724784,
              "description": "FORM1+ imprimante 3D September 17, 2017 14:00 - 03:00 PM",
              "discountable": true,
              "invoice": "in_1B3L052sOmf47Nz9zx9vIGks",
              "livemode": false,
              "metadata": {},
              "period": {
                "start": 1505724784,
                "end": 1505724784
              },
              "plan": null,
              "proration": false,
              "quantity": null,
              "subscription": null
            },
            {
              "id": "ii_1B3Kuo2sOmf47Nz9egmtGncE",
              "object": "invoiceitem",
              "amount": 3200,
              "currency": "usd",
              "customer": "cus_8Di1wjdVktv5kt",
              "date": 1505724462,
              "description": "FORM1+ imprimante 3D September 17, 2017 14:00 - 03:00 PM",
              "discountable": true,
              "invoice": "in_1B3Kut2sOmf47Nz9ht8mAIGU",
              "livemode": false,
              "metadata": {},
              "period": {
                "start": 1505724462,
                "end": 1505724462
              },
              "plan": null,
              "proration": false,
              "quantity": null,
              "subscription": null
            },
            {
              "id": "ii_1B3KuK2sOmf47Nz9RqRGmh0l",
              "object": "invoiceitem",
              "amount": 5100,
              "currency": "usd",
              "customer": "cus_8Di1wjdVktv5kt",
              "date": 1505724432,
              "description": "Formation Imprimante 3D September 18, 2017 08:00 - 12:00 PM",
              "discountable": true,
              "invoice": "in_1B3KuO2sOmf47Nz9invMhPqV",
              "livemode": false,
              "metadata": {},
              "period": {
                "start": 1505724432,
                "end": 1505724432
              },
              "plan": null,
              "proration": false,
              "quantity": null,
              "subscription": null
            },
            {
              "id": "ii_1B3Ku62sOmf47Nz92wSUMzHq",
              "object": "invoiceitem",
              "amount": -675,
              "currency": "usd",
              "customer": "cus_8Di1wjdVktv5kt",
              "date": 1505724418,
              "description": "coupon SUNNYFABLAB",
              "discountable": false,
              "invoice": "in_1B3Ku92sOmf47Nz9MmYnmpwr",
              "livemode": false,
              "metadata": {},
              "period": {
                "start": 1505724418,
                "end": 1505724418
              },
              "plan": null,
              "proration": false,
              "quantity": null,
              "subscription": null
            },
            {
              "id": "ii_1B3Ku52sOmf47Nz9vmqyS5Gy",
              "object": "invoiceitem",
              "amount": 1500,
              "currency": "usd",
              "customer": "cus_8Di1wjdVktv5kt",
              "date": 1505724417,
              "description": "FORM1+ imprimante 3D September 17, 2017 14:00 - 03:00 PM",
              "discountable": true,
              "invoice": "in_1B3Ku92sOmf47Nz9MmYnmpwr",
              "livemode": false,
              "metadata": {},
              "period": {
                "start": 1505724417,
                "end": 1505724417
              },
              "plan": null,
              "proration": false,
              "quantity": null,
              "subscription": null
            },
            {
              "id": "ii_18rRuK2sOmf47Nz9ye4DQ4PM",
              "object": "invoiceitem",
              "amount": -510,
              "currency": "usd",
              "customer": "cus_8Di1wjdVktv5kt",
              "date": 1473338732,
              "description": "coupon XMAS10",
              "discountable": false,
              "invoice": "in_18rRuO2sOmf47Nz9qbfxBA0D",
              "livemode": false,
              "metadata": {},
              "period": {
                "start": 1473338732,
                "end": 1473338732
              },
              "plan": null,
              "proration": false,
              "quantity": null,
              "subscription": null
            },
            {
              "id": "ii_18rRuJ2sOmf47Nz9S7f6qfEz",
              "object": "invoiceitem",
              "amount": 5100,
              "currency": "usd",
              "customer": "cus_8Di1wjdVktv5kt",
              "date": 1473338731,
              "description": "Formation Imprimante 3D September 05, 2016 08:00 - 09:00 AM",
              "discountable": true,
              "invoice": "in_18rRuO2sOmf47Nz9qbfxBA0D",
              "livemode": false,
              "metadata": {},
              "period": {
                "start": 1473338731,
                "end": 1473338731
              },
              "plan": null,
              "proration": false,
              "quantity": null,
              "subscription": null
            },
            {
              "id": "ii_18rNSp2sOmf47Nz9S0rJVP2a",
              "object": "invoiceitem",
              "amount": -450,
              "currency": "usd",
              "customer": "cus_8Di1wjdVktv5kt",
              "date": 1473321651,
              "description": "coupon SUNNYFABLAB",
              "discountable": false,
              "invoice": "in_18rNSq2sOmf47Nz91hxlGSa7",
              "livemode": false,
              "metadata": {},
              "period": {
                "start": 1473321651,
                "end": 1473321651
              },
              "plan": null,
              "proration": false,
              "quantity": null,
              "subscription": null
            },
            {
              "id": "ii_18rNSm2sOmf47Nz9R11Svoer",
              "object": "invoiceitem",
              "amount": -225,
              "currency": "usd",
              "customer": "cus_8Di1wjdVktv5kt",
              "date": 1473321648,
              "description": "coupon SUNNYFABLAB",
              "discountable": false,
              "invoice": "in_18rNSq2sOmf47Nz91hxlGSa7",
              "livemode": false,
              "metadata": {},
              "period": {
                "start": 1473321648,
                "end": 1473321648
              },
              "plan": null,
              "proration": false,
              "quantity": null,
              "subscription": null
            },
            {
              "id": "ii_18rNSm2sOmf47Nz9avgL9KyW",
              "object": "invoiceitem",
              "amount": 1500,
              "currency": "usd",
              "customer": "cus_8Di1wjdVktv5kt",
              "date": 1473321648,
              "description": "FORM1+ imprimante 3D September 04, 2016 14:00 - 03:00 PM",
              "discountable": true,
              "invoice": "in_18rNSq2sOmf47Nz91hxlGSa7",
              "livemode": false,
              "metadata": {},
              "period": {
                "start": 1473321648,
                "end": 1473321648
              },
              "plan": null,
              "proration": false,
              "quantity": null,
              "subscription": null
            },
            {
              "id": "ii_17xeeI2sOmf47Nz9qEhwu9J6",
              "object": "invoiceitem",
              "amount": 5100,
              "currency": "usd",
              "customer": "cus_8Di1wjdVktv5kt",
              "date": 1460041342,
              "description": "Formation Imprimante 3D April 12, 2016 08:00 - 12:00 PM",
              "discountable": true,
              "invoice": "in_17xeeM2sOmf47Nz9kzn0pC8f",
              "livemode": false,
              "metadata": {},
              "period": {
                "start": 1460041342,
                "end": 1460041342
              },
              "plan": null,
              "proration": false,
              "quantity": null,
              "subscription": null
            },
            {
              "id": "ii_17xHFG2sOmf47Nz9hhIaJZtF",
              "object": "invoiceitem",
              "amount": 3200,
              "currency": "usd",
              "customer": "cus_8Di1wjdVktv5kt",
              "date": 1459951378,
              "description": "FORM1+ imprimante 3D April 11, 2016 14:00 - 03:00 PM",
              "discountable": true,
              "invoice": "in_17xHFK2sOmf47Nz9jegPFlNt",
              "livemode": false,
              "metadata": {},
              "period": {
                "start": 1459951378,
                "end": 1459951378
              },
              "plan": null,
              "proration": false,
              "quantity": null,
              "subscription": null
            },
            {
              "id": "ii_17xHF82sOmf47Nz9QT6BnkAZ",
              "object": "invoiceitem",
              "amount": 5100,
              "currency": "usd",
              "customer": "cus_8Di1wjdVktv5kt",
              "date": 1459951370,
              "description": "Formation Imprimante 3D April 12, 2016 08:00 - 09:00 AM",
              "discountable": true,
              "invoice": "in_17xHFC2sOmf47Nz9ZZeO0yST",
              "livemode": false,
              "metadata": {},
              "period": {
                "start": 1459951370,
                "end": 1459951370
              },
              "plan": null,
              "proration": false,
              "quantity": null,
              "subscription": null
            }
          ],
          "has_more": false,
          "url": "/v1/invoiceitems"
        }
    http_version: 
  recorded_at: Mon, 18 Sep 2017 08:53:37 GMT
- request:
    method: delete
    uri: https://api.stripe.com/v1/invoiceitems/ii_1B3L0T2sOmf47Nz9OXEMdidl
    body:
      encoding: US-ASCII
      string: ''
    headers:
      Accept:
      - "*/*; q=0.5, application/xml"
      Accept-Encoding:
      - gzip, deflate
      User-Agent:
      - Stripe/v1 RubyBindings/1.30.2
      Authorization:
      - Bearer sk_test_testfaketestfaketestfake
      Content-Type:
      - application/x-www-form-urlencoded
      X-Stripe-Client-User-Agent:
      - '{"bindings_version":"1.30.2","lang":"ruby","lang_version":"2.3.0 p0 (2015-12-25)","platform":"x86_64-linux","engine":"ruby","publisher":"stripe","uname":"Linux
        version 4.10.0-33-generic (buildd@lgw01-22) (gcc version 5.4.0 20160609 (Ubuntu
        5.4.0-6ubuntu1~16.04.4) ) #37~16.04.1-Ubuntu SMP Fri Aug 11 14:07:24 UTC 2017","hostname":"Sleede-SylvainPC"}'
  response:
    status:
      code: 200
      message: OK
    headers:
      Server:
      - nginx
      Date:
      - Mon, 18 Sep 2017 08:53:38 GMT
      Content-Type:
      - application/json
      Content-Length:
      - '61'
      Connection:
      - keep-alive
      Access-Control-Allow-Credentials:
      - 'true'
      Access-Control-Allow-Methods:
      - GET, POST, HEAD, OPTIONS, DELETE
      Access-Control-Allow-Origin:
      - "*"
      Access-Control-Expose-Headers:
      - X-Stripe-Privileged-Session-Required,stripe-manage-version,X-Stripe-External-Auth-Required
      Access-Control-Max-Age:
      - '300'
      Cache-Control:
      - no-cache, no-store
      Request-Id:
      - req_apPZpzQnYfS7IC
      Stripe-Version:
      - '2015-10-16'
      Strict-Transport-Security:
      - max-age=31556926; includeSubDomains
    body:
      encoding: UTF-8
      string: |
        {
          "deleted": true,
          "id": "ii_1B3L0T2sOmf47Nz9OXEMdidl"
        }
    http_version: 
  recorded_at: Mon, 18 Sep 2017 08:53:38 GMT
- request:
    method: post
    uri: https://api.stripe.com/v1/invoiceitems
    body:
      encoding: UTF-8
      string: customer=cus_8Di1wjdVktv5kt&amount=3200&currency=usd&description=FORM1%2B+imprimante+3D+September+17%2C+2017+14%3A00+-+03%3A00+PM
    headers:
      Accept:
      - "*/*; q=0.5, application/xml"
      Accept-Encoding:
      - gzip, deflate
      User-Agent:
      - Stripe/v1 RubyBindings/1.30.2
      Authorization:
      - Bearer sk_test_testfaketestfaketestfake
      Content-Type:
      - application/x-www-form-urlencoded
      X-Stripe-Client-User-Agent:
      - '{"bindings_version":"1.30.2","lang":"ruby","lang_version":"2.3.0 p0 (2015-12-25)","platform":"x86_64-linux","engine":"ruby","publisher":"stripe","uname":"Linux
        version 4.10.0-33-generic (buildd@lgw01-22) (gcc version 5.4.0 20160609 (Ubuntu
        5.4.0-6ubuntu1~16.04.4) ) #37~16.04.1-Ubuntu SMP Fri Aug 11 14:07:24 UTC 2017","hostname":"Sleede-SylvainPC"}'
      Content-Length:
      - '129'
  response:
    status:
      code: 200
      message: OK
    headers:
      Server:
      - nginx
      Date:
      - Mon, 18 Sep 2017 08:53:38 GMT
      Content-Type:
      - application/json
      Content-Length:
      - '473'
      Connection:
      - keep-alive
      Access-Control-Allow-Credentials:
      - 'true'
      Access-Control-Allow-Methods:
      - GET, POST, HEAD, OPTIONS, DELETE
      Access-Control-Allow-Origin:
      - "*"
      Access-Control-Expose-Headers:
      - X-Stripe-Privileged-Session-Required,stripe-manage-version,X-Stripe-External-Auth-Required
      Access-Control-Max-Age:
      - '300'
      Cache-Control:
      - no-cache, no-store
      Request-Id:
      - req_xeDUKVhcpnww2l
      Stripe-Version:
      - '2015-10-16'
      Strict-Transport-Security:
      - max-age=31556926; includeSubDomains
    body:
      encoding: UTF-8
      string: |
        {
          "id": "ii_1B3L0Y2sOmf47Nz9e9W8bl2Z",
          "object": "invoiceitem",
          "amount": 3200,
          "currency": "usd",
          "customer": "cus_8Di1wjdVktv5kt",
          "date": 1505724818,
          "description": "FORM1+ imprimante 3D September 17, 2017 14:00 - 03:00 PM",
          "discountable": true,
          "invoice": null,
          "livemode": false,
          "metadata": {},
          "period": {
            "start": 1505724818,
            "end": 1505724818
          },
          "plan": null,
          "proration": false,
          "quantity": null,
          "subscription": null
        }
    http_version: 
  recorded_at: Mon, 18 Sep 2017 08:53:38 GMT
- request:
    method: get
    uri: https://api.stripe.com/v1/customers/cus_8Di1wjdVktv5kt
    body:
      encoding: US-ASCII
      string: ''
    headers:
      Accept:
      - "*/*; q=0.5, application/xml"
      Accept-Encoding:
      - gzip, deflate
      User-Agent:
      - Stripe/v1 RubyBindings/1.30.2
      Authorization:
      - Bearer sk_test_testfaketestfaketestfake
      Content-Type:
      - application/x-www-form-urlencoded
      X-Stripe-Client-User-Agent:
      - '{"bindings_version":"1.30.2","lang":"ruby","lang_version":"2.3.0 p0 (2015-12-25)","platform":"x86_64-linux","engine":"ruby","publisher":"stripe","uname":"Linux
        version 4.10.0-33-generic (buildd@lgw01-22) (gcc version 5.4.0 20160609 (Ubuntu
        5.4.0-6ubuntu1~16.04.4) ) #37~16.04.1-Ubuntu SMP Fri Aug 11 14:07:24 UTC 2017","hostname":"Sleede-SylvainPC"}'
  response:
    status:
      code: 200
      message: OK
    headers:
      Server:
      - nginx
      Date:
      - Mon, 18 Sep 2017 08:53:40 GMT
      Content-Type:
      - application/json
      Content-Length:
      - '7733'
      Connection:
      - keep-alive
      Access-Control-Allow-Credentials:
      - 'true'
      Access-Control-Allow-Methods:
      - GET, POST, HEAD, OPTIONS, DELETE
      Access-Control-Allow-Origin:
      - "*"
      Access-Control-Expose-Headers:
      - X-Stripe-Privileged-Session-Required,stripe-manage-version,X-Stripe-External-Auth-Required
      Access-Control-Max-Age:
      - '300'
      Cache-Control:
      - no-cache, no-store
      Request-Id:
      - req_NRtlLT39ygNjWM
      Stripe-Version:
      - '2015-10-16'
      Strict-Transport-Security:
      - max-age=31556926; includeSubDomains
    body:
      encoding: UTF-8
      string: |
        {
          "id": "cus_8Di1wjdVktv5kt",
          "object": "customer",
          "account_balance": 0,
          "created": 1459948888,
          "currency": "usd",
          "default_source": "card_1B3Kzy2sOmf47Nz9TT6Gk2oJ",
          "delinquent": false,
          "description": "Jean Dupond",
          "discount": null,
          "email": "jean.dupond@gmail.com",
          "livemode": false,
          "metadata": {},
          "shipping": null,
          "sources": {
            "object": "list",
            "data": [
              {
                "id": "card_1B3Kzy2sOmf47Nz9TT6Gk2oJ",
                "object": "card",
                "address_city": null,
                "address_country": null,
                "address_line1": null,
                "address_line1_check": null,
                "address_line2": null,
                "address_state": null,
                "address_zip": null,
                "address_zip_check": null,
                "brand": "Visa",
                "country": "US",
                "customer": "cus_8Di1wjdVktv5kt",
                "cvc_check": "pass",
                "dynamic_last4": null,
                "exp_month": 4,
                "exp_year": 2018,
                "fingerprint": "o52jybR7bnmNn6AT",
                "funding": "credit",
                "last4": "4242",
                "metadata": {},
                "name": null,
                "tokenization_method": null
              }
            ],
            "has_more": false,
            "total_count": 1,
            "url": "/v1/customers/cus_8Di1wjdVktv5kt/sources"
          },
          "subscriptions": {
            "object": "list",
            "data": [
              {
                "id": "sub_BQBMKKS6nutZLr",
                "object": "subscription",
                "application_fee_percent": null,
                "billing": "charge_automatically",
                "cancel_at_period_end": true,
                "canceled_at": 1505724793,
                "created": 1505724789,
                "current_period_end": 1508316789,
                "current_period_start": 1505724789,
                "customer": "cus_8Di1wjdVktv5kt",
                "discount": null,
                "ended_at": null,
                "items": {
                  "object": "list",
                  "data": [
                    {
                      "id": "si_1B3L052sOmf47Nz9MoxGlk6i",
                      "object": "subscription_item",
                      "created": 1505724789,
                      "metadata": {},
                      "plan": {
                        "id": "mensuel-standard-month-20160404171519",
                        "object": "plan",
                        "amount": 3000,
                        "created": 1459782921,
                        "currency": "usd",
                        "interval": "month",
                        "interval_count": 1,
                        "livemode": false,
                        "metadata": {},
                        "name": "Mensuel - standard, association - month",
                        "statement_descriptor": null,
                        "trial_period_days": null
                      },
                      "quantity": 1
                    }
                  ],
                  "has_more": false,
                  "total_count": 1,
                  "url": "/v1/subscription_items?subscription=sub_BQBMKKS6nutZLr"
                },
                "livemode": false,
                "metadata": {},
                "plan": {
                  "id": "mensuel-standard-month-20160404171519",
                  "object": "plan",
                  "amount": 3000,
                  "created": 1459782921,
                  "currency": "usd",
                  "interval": "month",
                  "interval_count": 1,
                  "livemode": false,
                  "metadata": {},
                  "name": "Mensuel - standard, association - month",
                  "statement_descriptor": null,
                  "trial_period_days": null
                },
                "quantity": 1,
                "start": 1505724789,
                "status": "active",
                "tax_percent": null,
                "trial_end": null,
                "trial_start": null
              },
              {
                "id": "sub_BQBH03MUz5WO4y",
                "object": "subscription",
                "application_fee_percent": null,
                "billing": "charge_automatically",
                "cancel_at_period_end": true,
                "canceled_at": 1505724499,
                "created": 1505724494,
                "current_period_end": 1508316494,
                "current_period_start": 1505724494,
                "customer": "cus_8Di1wjdVktv5kt",
                "discount": null,
                "ended_at": null,
                "items": {
                  "object": "list",
                  "data": [
                    {
                      "id": "si_1B3KvK2sOmf47Nz9mNLN0l2q",
                      "object": "subscription_item",
                      "created": 1505724494,
                      "metadata": {},
                      "plan": {
                        "id": "mensuel-standard-month-20160404171519",
                        "object": "plan",
                        "amount": 3000,
                        "created": 1459782921,
                        "currency": "usd",
                        "interval": "month",
                        "interval_count": 1,
                        "livemode": false,
                        "metadata": {},
                        "name": "Mensuel - standard, association - month",
                        "statement_descriptor": null,
                        "trial_period_days": null
                      },
                      "quantity": 1
                    }
                  ],
                  "has_more": false,
                  "total_count": 1,
                  "url": "/v1/subscription_items?subscription=sub_BQBH03MUz5WO4y"
                },
                "livemode": false,
                "metadata": {},
                "plan": {
                  "id": "mensuel-standard-month-20160404171519",
                  "object": "plan",
                  "amount": 3000,
                  "created": 1459782921,
                  "currency": "usd",
                  "interval": "month",
                  "interval_count": 1,
                  "livemode": false,
                  "metadata": {},
                  "name": "Mensuel - standard, association - month",
                  "statement_descriptor": null,
                  "trial_period_days": null
                },
                "quantity": 1,
                "start": 1505724494,
                "status": "active",
                "tax_percent": null,
                "trial_end": null,
                "trial_start": null
              },
              {
                "id": "sub_BQBGRftUBikhtm",
                "object": "subscription",
                "application_fee_percent": null,
                "billing": "charge_automatically",
                "cancel_at_period_end": true,
                "canceled_at": 1505724425,
                "created": 1505724421,
                "current_period_end": 1508316421,
                "current_period_start": 1505724421,
                "customer": "cus_8Di1wjdVktv5kt",
                "discount": null,
                "ended_at": null,
                "items": {
                  "object": "list",
                  "data": [
                    {
                      "id": "si_1B3Ku92sOmf47Nz9sdo927vf",
                      "object": "subscription_item",
                      "created": 1505724421,
                      "metadata": {},
                      "plan": {
                        "id": "mensuel-standard-month-20160404171519",
                        "object": "plan",
                        "amount": 3000,
                        "created": 1459782921,
                        "currency": "usd",
                        "interval": "month",
                        "interval_count": 1,
                        "livemode": false,
                        "metadata": {},
                        "name": "Mensuel - standard, association - month",
                        "statement_descriptor": null,
                        "trial_period_days": null
                      },
                      "quantity": 1
                    }
                  ],
                  "has_more": false,
                  "total_count": 1,
                  "url": "/v1/subscription_items?subscription=sub_BQBGRftUBikhtm"
                },
                "livemode": false,
                "metadata": {},
                "plan": {
                  "id": "mensuel-standard-month-20160404171519",
                  "object": "plan",
                  "amount": 3000,
                  "created": 1459782921,
                  "currency": "usd",
                  "interval": "month",
                  "interval_count": 1,
                  "livemode": false,
                  "metadata": {},
                  "name": "Mensuel - standard, association - month",
                  "statement_descriptor": null,
                  "trial_period_days": null
                },
                "quantity": 1,
                "start": 1505724421,
                "status": "active",
                "tax_percent": null,
                "trial_end": null,
                "trial_start": null
              }
            ],
            "has_more": false,
            "total_count": 3,
            "url": "/v1/customers/cus_8Di1wjdVktv5kt/subscriptions"
          }
        }
    http_version: 
  recorded_at: Mon, 18 Sep 2017 08:53:40 GMT
- request:
    method: post
    uri: https://api.stripe.com/v1/customers/cus_8Di1wjdVktv5kt/sources
    body:
      encoding: UTF-8
      string: card=tok_1B3L0W2sOmf47Nz9YIxXHgWn
    headers:
      Accept:
      - "*/*; q=0.5, application/xml"
      Accept-Encoding:
      - gzip, deflate
      User-Agent:
      - Stripe/v1 RubyBindings/1.30.2
      Authorization:
      - Bearer sk_test_testfaketestfaketestfake
      Content-Type:
      - application/x-www-form-urlencoded
      X-Stripe-Client-User-Agent:
      - '{"bindings_version":"1.30.2","lang":"ruby","lang_version":"2.3.0 p0 (2015-12-25)","platform":"x86_64-linux","engine":"ruby","publisher":"stripe","uname":"Linux
        version 4.10.0-33-generic (buildd@lgw01-22) (gcc version 5.4.0 20160609 (Ubuntu
        5.4.0-6ubuntu1~16.04.4) ) #37~16.04.1-Ubuntu SMP Fri Aug 11 14:07:24 UTC 2017","hostname":"Sleede-SylvainPC"}'
      Content-Length:
      - '33'
  response:
    status:
      code: 200
      message: OK
    headers:
      Server:
      - nginx
      Date:
      - Mon, 18 Sep 2017 08:53:41 GMT
      Content-Type:
      - application/json
      Content-Length:
      - '577'
      Connection:
      - keep-alive
      Access-Control-Allow-Credentials:
      - 'true'
      Access-Control-Allow-Methods:
      - GET, POST, HEAD, OPTIONS, DELETE
      Access-Control-Allow-Origin:
      - "*"
      Access-Control-Expose-Headers:
      - X-Stripe-Privileged-Session-Required,stripe-manage-version,X-Stripe-External-Auth-Required
      Access-Control-Max-Age:
      - '300'
      Cache-Control:
      - no-cache, no-store
      Request-Id:
      - req_tPZGiOLb8nT67d
      Stripe-Version:
      - '2015-10-16'
      Strict-Transport-Security:
      - max-age=31556926; includeSubDomains
    body:
      encoding: UTF-8
      string: |
        {
          "id": "card_1B3L0W2sOmf47Nz9IWFm3G6v",
          "object": "card",
          "address_city": null,
          "address_country": null,
          "address_line1": null,
          "address_line1_check": null,
          "address_line2": null,
          "address_state": null,
          "address_zip": null,
          "address_zip_check": null,
          "brand": "Visa",
          "country": "US",
          "customer": "cus_8Di1wjdVktv5kt",
          "cvc_check": "pass",
          "dynamic_last4": null,
          "exp_month": 4,
          "exp_year": 2018,
          "fingerprint": "o52jybR7bnmNn6AT",
          "funding": "credit",
          "last4": "4242",
          "metadata": {},
          "name": null,
          "tokenization_method": null
        }
    http_version: 
  recorded_at: Mon, 18 Sep 2017 08:53:42 GMT
- request:
    method: post
    uri: https://api.stripe.com/v1/customers/cus_8Di1wjdVktv5kt
    body:
      encoding: UTF-8
      string: default_source=card_1B3L0W2sOmf47Nz9IWFm3G6v
    headers:
      Accept:
      - "*/*; q=0.5, application/xml"
      Accept-Encoding:
      - gzip, deflate
      User-Agent:
      - Stripe/v1 RubyBindings/1.30.2
      Authorization:
      - Bearer sk_test_testfaketestfaketestfake
      Content-Type:
      - application/x-www-form-urlencoded
      X-Stripe-Client-User-Agent:
      - '{"bindings_version":"1.30.2","lang":"ruby","lang_version":"2.3.0 p0 (2015-12-25)","platform":"x86_64-linux","engine":"ruby","publisher":"stripe","uname":"Linux
        version 4.10.0-33-generic (buildd@lgw01-22) (gcc version 5.4.0 20160609 (Ubuntu
        5.4.0-6ubuntu1~16.04.4) ) #37~16.04.1-Ubuntu SMP Fri Aug 11 14:07:24 UTC 2017","hostname":"Sleede-SylvainPC"}'
      Content-Length:
      - '44'
  response:
    status:
      code: 200
      message: OK
    headers:
      Server:
      - nginx
      Date:
      - Mon, 18 Sep 2017 08:53:42 GMT
      Content-Type:
      - application/json
      Content-Length:
      - '8461'
      Connection:
      - keep-alive
      Access-Control-Allow-Credentials:
      - 'true'
      Access-Control-Allow-Methods:
      - GET, POST, HEAD, OPTIONS, DELETE
      Access-Control-Allow-Origin:
      - "*"
      Access-Control-Expose-Headers:
      - X-Stripe-Privileged-Session-Required,stripe-manage-version,X-Stripe-External-Auth-Required
      Access-Control-Max-Age:
      - '300'
      Cache-Control:
      - no-cache, no-store
      Request-Id:
      - req_UzJfZWItnduFA2
      Stripe-Version:
      - '2015-10-16'
      Strict-Transport-Security:
      - max-age=31556926; includeSubDomains
    body:
      encoding: UTF-8
      string: |
        {
          "id": "cus_8Di1wjdVktv5kt",
          "object": "customer",
          "account_balance": 0,
          "created": 1459948888,
          "currency": "usd",
          "default_source": "card_1B3L0W2sOmf47Nz9IWFm3G6v",
          "delinquent": false,
          "description": "Jean Dupond",
          "discount": null,
          "email": "jean.dupond@gmail.com",
          "livemode": false,
          "metadata": {},
          "shipping": null,
          "sources": {
            "object": "list",
            "data": [
              {
                "id": "card_1B3L0W2sOmf47Nz9IWFm3G6v",
                "object": "card",
                "address_city": null,
                "address_country": null,
                "address_line1": null,
                "address_line1_check": null,
                "address_line2": null,
                "address_state": null,
                "address_zip": null,
                "address_zip_check": null,
                "brand": "Visa",
                "country": "US",
                "customer": "cus_8Di1wjdVktv5kt",
                "cvc_check": "pass",
                "dynamic_last4": null,
                "exp_month": 4,
                "exp_year": 2018,
                "fingerprint": "o52jybR7bnmNn6AT",
                "funding": "credit",
                "last4": "4242",
                "metadata": {},
                "name": null,
                "tokenization_method": null
              },
              {
                "id": "card_1B3Kzy2sOmf47Nz9TT6Gk2oJ",
                "object": "card",
                "address_city": null,
                "address_country": null,
                "address_line1": null,
                "address_line1_check": null,
                "address_line2": null,
                "address_state": null,
                "address_zip": null,
                "address_zip_check": null,
                "brand": "Visa",
                "country": "US",
                "customer": "cus_8Di1wjdVktv5kt",
                "cvc_check": "pass",
                "dynamic_last4": null,
                "exp_month": 4,
                "exp_year": 2018,
                "fingerprint": "o52jybR7bnmNn6AT",
                "funding": "credit",
                "last4": "4242",
                "metadata": {},
                "name": null,
                "tokenization_method": null
              }
            ],
            "has_more": false,
            "total_count": 2,
            "url": "/v1/customers/cus_8Di1wjdVktv5kt/sources"
          },
          "subscriptions": {
            "object": "list",
            "data": [
              {
                "id": "sub_BQBMKKS6nutZLr",
                "object": "subscription",
                "application_fee_percent": null,
                "billing": "charge_automatically",
                "cancel_at_period_end": true,
                "canceled_at": 1505724793,
                "created": 1505724789,
                "current_period_end": 1508316789,
                "current_period_start": 1505724789,
                "customer": "cus_8Di1wjdVktv5kt",
                "discount": null,
                "ended_at": null,
                "items": {
                  "object": "list",
                  "data": [
                    {
                      "id": "si_1B3L052sOmf47Nz9MoxGlk6i",
                      "object": "subscription_item",
                      "created": 1505724789,
                      "metadata": {},
                      "plan": {
                        "id": "mensuel-standard-month-20160404171519",
                        "object": "plan",
                        "amount": 3000,
                        "created": 1459782921,
                        "currency": "usd",
                        "interval": "month",
                        "interval_count": 1,
                        "livemode": false,
                        "metadata": {},
                        "name": "Mensuel - standard, association - month",
                        "statement_descriptor": null,
                        "trial_period_days": null
                      },
                      "quantity": 1
                    }
                  ],
                  "has_more": false,
                  "total_count": 1,
                  "url": "/v1/subscription_items?subscription=sub_BQBMKKS6nutZLr"
                },
                "livemode": false,
                "metadata": {},
                "plan": {
                  "id": "mensuel-standard-month-20160404171519",
                  "object": "plan",
                  "amount": 3000,
                  "created": 1459782921,
                  "currency": "usd",
                  "interval": "month",
                  "interval_count": 1,
                  "livemode": false,
                  "metadata": {},
                  "name": "Mensuel - standard, association - month",
                  "statement_descriptor": null,
                  "trial_period_days": null
                },
                "quantity": 1,
                "start": 1505724789,
                "status": "active",
                "tax_percent": null,
                "trial_end": null,
                "trial_start": null
              },
              {
                "id": "sub_BQBH03MUz5WO4y",
                "object": "subscription",
                "application_fee_percent": null,
                "billing": "charge_automatically",
                "cancel_at_period_end": true,
                "canceled_at": 1505724499,
                "created": 1505724494,
                "current_period_end": 1508316494,
                "current_period_start": 1505724494,
                "customer": "cus_8Di1wjdVktv5kt",
                "discount": null,
                "ended_at": null,
                "items": {
                  "object": "list",
                  "data": [
                    {
                      "id": "si_1B3KvK2sOmf47Nz9mNLN0l2q",
                      "object": "subscription_item",
                      "created": 1505724494,
                      "metadata": {},
                      "plan": {
                        "id": "mensuel-standard-month-20160404171519",
                        "object": "plan",
                        "amount": 3000,
                        "created": 1459782921,
                        "currency": "usd",
                        "interval": "month",
                        "interval_count": 1,
                        "livemode": false,
                        "metadata": {},
                        "name": "Mensuel - standard, association - month",
                        "statement_descriptor": null,
                        "trial_period_days": null
                      },
                      "quantity": 1
                    }
                  ],
                  "has_more": false,
                  "total_count": 1,
                  "url": "/v1/subscription_items?subscription=sub_BQBH03MUz5WO4y"
                },
                "livemode": false,
                "metadata": {},
                "plan": {
                  "id": "mensuel-standard-month-20160404171519",
                  "object": "plan",
                  "amount": 3000,
                  "created": 1459782921,
                  "currency": "usd",
                  "interval": "month",
                  "interval_count": 1,
                  "livemode": false,
                  "metadata": {},
                  "name": "Mensuel - standard, association - month",
                  "statement_descriptor": null,
                  "trial_period_days": null
                },
                "quantity": 1,
                "start": 1505724494,
                "status": "active",
                "tax_percent": null,
                "trial_end": null,
                "trial_start": null
              },
              {
                "id": "sub_BQBGRftUBikhtm",
                "object": "subscription",
                "application_fee_percent": null,
                "billing": "charge_automatically",
                "cancel_at_period_end": true,
                "canceled_at": 1505724425,
                "created": 1505724421,
                "current_period_end": 1508316421,
                "current_period_start": 1505724421,
                "customer": "cus_8Di1wjdVktv5kt",
                "discount": null,
                "ended_at": null,
                "items": {
                  "object": "list",
                  "data": [
                    {
                      "id": "si_1B3Ku92sOmf47Nz9sdo927vf",
                      "object": "subscription_item",
                      "created": 1505724421,
                      "metadata": {},
                      "plan": {
                        "id": "mensuel-standard-month-20160404171519",
                        "object": "plan",
                        "amount": 3000,
                        "created": 1459782921,
                        "currency": "usd",
                        "interval": "month",
                        "interval_count": 1,
                        "livemode": false,
                        "metadata": {},
                        "name": "Mensuel - standard, association - month",
                        "statement_descriptor": null,
                        "trial_period_days": null
                      },
                      "quantity": 1
                    }
                  ],
                  "has_more": false,
                  "total_count": 1,
                  "url": "/v1/subscription_items?subscription=sub_BQBGRftUBikhtm"
                },
                "livemode": false,
                "metadata": {},
                "plan": {
                  "id": "mensuel-standard-month-20160404171519",
                  "object": "plan",
                  "amount": 3000,
                  "created": 1459782921,
                  "currency": "usd",
                  "interval": "month",
                  "interval_count": 1,
                  "livemode": false,
                  "metadata": {},
                  "name": "Mensuel - standard, association - month",
                  "statement_descriptor": null,
                  "trial_period_days": null
                },
                "quantity": 1,
                "start": 1505724421,
                "status": "active",
                "tax_percent": null,
                "trial_end": null,
                "trial_start": null
              }
            ],
            "has_more": false,
            "total_count": 3,
            "url": "/v1/customers/cus_8Di1wjdVktv5kt/subscriptions"
          }
        }
    http_version: 
  recorded_at: Mon, 18 Sep 2017 08:53:43 GMT
- request:
    method: post
    uri: https://api.stripe.com/v1/invoices
    body:
      encoding: UTF-8
      string: customer=cus_8Di1wjdVktv5kt
    headers:
      Accept:
      - "*/*; q=0.5, application/xml"
      Accept-Encoding:
      - gzip, deflate
      User-Agent:
      - Stripe/v1 RubyBindings/1.30.2
      Authorization:
      - Bearer sk_test_testfaketestfaketestfake
      Content-Type:
      - application/x-www-form-urlencoded
      X-Stripe-Client-User-Agent:
      - '{"bindings_version":"1.30.2","lang":"ruby","lang_version":"2.3.0 p0 (2015-12-25)","platform":"x86_64-linux","engine":"ruby","publisher":"stripe","uname":"Linux
        version 4.10.0-33-generic (buildd@lgw01-22) (gcc version 5.4.0 20160609 (Ubuntu
        5.4.0-6ubuntu1~16.04.4) ) #37~16.04.1-Ubuntu SMP Fri Aug 11 14:07:24 UTC 2017","hostname":"Sleede-SylvainPC"}'
      Content-Length:
      - '27'
  response:
    status:
      code: 200
      message: OK
    headers:
      Server:
      - nginx
      Date:
      - Mon, 18 Sep 2017 08:53:44 GMT
      Content-Type:
      - application/json
      Content-Length:
      - '1498'
      Connection:
      - keep-alive
      Access-Control-Allow-Credentials:
      - 'true'
      Access-Control-Allow-Methods:
      - GET, POST, HEAD, OPTIONS, DELETE
      Access-Control-Allow-Origin:
      - "*"
      Access-Control-Expose-Headers:
      - X-Stripe-Privileged-Session-Required,stripe-manage-version,X-Stripe-External-Auth-Required
      Access-Control-Max-Age:
      - '300'
      Cache-Control:
      - no-cache, no-store
      Request-Id:
      - req_iD3i9JZhcdLh0e
      Stripe-Version:
      - '2015-10-16'
      Strict-Transport-Security:
      - max-age=31556926; includeSubDomains
    body:
      encoding: UTF-8
      string: |
        {
          "id": "in_1B3L0d2sOmf47Nz9sybqyVQx",
          "object": "invoice",
          "amount_due": 3200,
          "application_fee": null,
          "attempt_count": 0,
          "attempted": false,
          "billing": "charge_automatically",
          "charge": null,
          "closed": false,
          "currency": "usd",
          "customer": "cus_8Di1wjdVktv5kt",
          "date": 1505724823,
          "description": null,
          "discount": null,
          "ending_balance": null,
          "forgiven": false,
          "lines": {
            "object": "list",
            "data": [
              {
                "id": "ii_1B3L0Y2sOmf47Nz9e9W8bl2Z",
                "object": "line_item",
                "amount": 3200,
                "currency": "usd",
                "description": "FORM1+ imprimante 3D September 17, 2017 14:00 - 03:00 PM",
                "discountable": true,
                "livemode": false,
                "metadata": {},
                "period": {
                  "start": 1505724818,
                  "end": 1505724818
                },
                "plan": null,
                "proration": false,
                "quantity": null,
                "subscription": null,
                "type": "invoiceitem"
              }
            ],
            "has_more": false,
            "total_count": 1,
            "url": "/v1/invoices/in_1B3L0d2sOmf47Nz9sybqyVQx/lines"
          },
          "livemode": false,
          "metadata": {},
          "next_payment_attempt": 1505728423,
          "number": "d4cc0e661c-0007",
          "paid": false,
          "period_end": 1508316421,
          "period_start": 1505724421,
          "receipt_number": null,
          "starting_balance": 0,
          "statement_descriptor": null,
          "subscription": null,
          "subtotal": 3200,
          "tax": null,
          "tax_percent": null,
          "total": 3200,
          "webhooks_delivered_at": null
        }
    http_version: 
  recorded_at: Mon, 18 Sep 2017 08:53:44 GMT
- request:
    method: post
    uri: https://api.stripe.com/v1/invoices/in_1B3L0d2sOmf47Nz9sybqyVQx/pay
    body:
      encoding: ASCII-8BIT
      string: ''
    headers:
      Accept:
      - "*/*; q=0.5, application/xml"
      Accept-Encoding:
      - gzip, deflate
      User-Agent:
      - Stripe/v1 RubyBindings/1.30.2
      Authorization:
      - Bearer sk_test_testfaketestfaketestfake
      Content-Type:
      - application/x-www-form-urlencoded
      X-Stripe-Client-User-Agent:
      - '{"bindings_version":"1.30.2","lang":"ruby","lang_version":"2.3.0 p0 (2015-12-25)","platform":"x86_64-linux","engine":"ruby","publisher":"stripe","uname":"Linux
        version 4.10.0-33-generic (buildd@lgw01-22) (gcc version 5.4.0 20160609 (Ubuntu
        5.4.0-6ubuntu1~16.04.4) ) #37~16.04.1-Ubuntu SMP Fri Aug 11 14:07:24 UTC 2017","hostname":"Sleede-SylvainPC"}'
      Content-Length:
      - '0'
  response:
    status:
      code: 200
      message: OK
    headers:
      Server:
      - nginx
      Date:
      - Mon, 18 Sep 2017 08:53:45 GMT
      Content-Type:
      - application/json
      Content-Length:
      - '1517'
      Connection:
      - keep-alive
      Access-Control-Allow-Credentials:
      - 'true'
      Access-Control-Allow-Methods:
      - GET, POST, HEAD, OPTIONS, DELETE
      Access-Control-Allow-Origin:
      - "*"
      Access-Control-Expose-Headers:
      - X-Stripe-Privileged-Session-Required,stripe-manage-version,X-Stripe-External-Auth-Required
      Access-Control-Max-Age:
      - '300'
      Cache-Control:
      - no-cache, no-store
      Request-Id:
      - req_lmWhdNT85zChxE
      Stripe-Version:
      - '2015-10-16'
      Strict-Transport-Security:
      - max-age=31556926; includeSubDomains
    body:
      encoding: UTF-8
      string: |
        {
          "id": "in_1B3L0d2sOmf47Nz9sybqyVQx",
          "object": "invoice",
          "amount_due": 3200,
          "application_fee": null,
          "attempt_count": 1,
          "attempted": true,
          "billing": "charge_automatically",
          "charge": "ch_1B3L0e2sOmf47Nz9z1pvTozK",
          "closed": true,
          "currency": "usd",
          "customer": "cus_8Di1wjdVktv5kt",
          "date": 1505724823,
          "description": null,
          "discount": null,
          "ending_balance": 0,
          "forgiven": false,
          "lines": {
            "object": "list",
            "data": [
              {
                "id": "ii_1B3L0Y2sOmf47Nz9e9W8bl2Z",
                "object": "line_item",
                "amount": 3200,
                "currency": "usd",
                "description": "FORM1+ imprimante 3D September 17, 2017 14:00 - 03:00 PM",
                "discountable": true,
                "livemode": false,
                "metadata": {},
                "period": {
                  "start": 1505724818,
                  "end": 1505724818
                },
                "plan": null,
                "proration": false,
                "quantity": null,
                "subscription": null,
                "type": "invoiceitem"
              }
            ],
            "has_more": false,
            "total_count": 1,
            "url": "/v1/invoices/in_1B3L0d2sOmf47Nz9sybqyVQx/lines"
          },
          "livemode": false,
          "metadata": {},
          "next_payment_attempt": null,
          "number": "d4cc0e661c-0007",
          "paid": true,
          "period_end": 1508316421,
          "period_start": 1505724421,
          "receipt_number": null,
          "starting_balance": 0,
          "statement_descriptor": null,
          "subscription": null,
          "subtotal": 3200,
          "tax": null,
          "tax_percent": null,
          "total": 3200,
          "webhooks_delivered_at": 1505724823
        }
    http_version: 
  recorded_at: Mon, 18 Sep 2017 08:53:45 GMT
- request:
    method: delete
    uri: https://api.stripe.com/v1/customers/cus_8Di1wjdVktv5kt/sources/card_1B3L0W2sOmf47Nz9IWFm3G6v
    body:
      encoding: US-ASCII
      string: ''
    headers:
      Accept:
      - "*/*; q=0.5, application/xml"
      Accept-Encoding:
      - gzip, deflate
      User-Agent:
      - Stripe/v1 RubyBindings/1.30.2
      Authorization:
      - Bearer sk_test_testfaketestfaketestfake
      Content-Type:
      - application/x-www-form-urlencoded
      X-Stripe-Client-User-Agent:
      - '{"bindings_version":"1.30.2","lang":"ruby","lang_version":"2.3.0 p0 (2015-12-25)","platform":"x86_64-linux","engine":"ruby","publisher":"stripe","uname":"Linux
        version 4.10.0-33-generic (buildd@lgw01-22) (gcc version 5.4.0 20160609 (Ubuntu
        5.4.0-6ubuntu1~16.04.4) ) #37~16.04.1-Ubuntu SMP Fri Aug 11 14:07:24 UTC 2017","hostname":"Sleede-SylvainPC"}'
  response:
    status:
      code: 200
      message: OK
    headers:
      Server:
      - nginx
      Date:
      - Mon, 18 Sep 2017 08:53:47 GMT
      Content-Type:
      - application/json
      Content-Length:
      - '63'
      Connection:
      - keep-alive
      Access-Control-Allow-Credentials:
      - 'true'
      Access-Control-Allow-Methods:
      - GET, POST, HEAD, OPTIONS, DELETE
      Access-Control-Allow-Origin:
      - "*"
      Access-Control-Expose-Headers:
      - X-Stripe-Privileged-Session-Required,stripe-manage-version,X-Stripe-External-Auth-Required
      Access-Control-Max-Age:
      - '300'
      Cache-Control:
      - no-cache, no-store
      Request-Id:
      - req_UcuYTs0yXoHJnn
      Stripe-Version:
      - '2015-10-16'
      Strict-Transport-Security:
      - max-age=31556926; includeSubDomains
    body:
      encoding: UTF-8
      string: |
        {
          "deleted": true,
          "id": "card_1B3L0W2sOmf47Nz9IWFm3G6v"
        }
    http_version: 
  recorded_at: Mon, 18 Sep 2017 08:53:47 GMT
recorded_with: VCR 3.0.1
