---
http_interactions:
- request:
    method: post
    uri: https://api.stripe.com/v1/tokens
    body:
      encoding: UTF-8
      string: card[number]=4242424242424242&card[exp_month]=4&card[exp_year]=2019&card[cvc]=314
    headers:
      Accept:
      - "*/*; q=0.5, application/xml"
      Accept-Encoding:
      - gzip, deflate
      User-Agent:
      - Stripe/v1 RubyBindings/1.30.2
      Authorization:
      - Bearer sk_test_testfaketestfaketestfake
      Content-Type:
      - application/x-www-form-urlencoded
      Stripe-Version:
      - '2015-10-16'
      X-Stripe-Client-User-Agent:
      - '{"bindings_version":"1.30.2","lang":"ruby","lang_version":"2.3.6 p384 (2017-12-14)","platform":"x86_64-linux","engine":"ruby","publisher":"stripe","uname":"Linux
        version 4.15.0-29-generic (buildd@lcy01-amd64-024) (gcc version 5.4.0 20160609
        (Ubuntu 5.4.0-6ubuntu1~16.04.10)) #31~16.04.1-Ubuntu SMP Wed Jul 18 08:54:04
        UTC 2018","hostname":"Sleede-SylvainPC"}'
      Content-Length:
      - '81'
  response:
    status:
      code: 200
      message: OK
    headers:
      Server:
      - nginx
      Date:
      - Tue, 24 Jul 2018 12:34:17 GMT
      Content-Type:
      - application/json
      Content-Length:
      - '780'
      Connection:
      - keep-alive
      Access-Control-Allow-Credentials:
      - 'true'
      Access-Control-Allow-Methods:
      - GET, POST, HEAD, OPTIONS, DELETE
      Access-Control-Allow-Origin:
      - "*"
      Access-Control-Expose-Headers:
      - Request-Id, Stripe-Manage-Version, X-Stripe-External-Auth-Required, X-Stripe-Privileged-Session-Required
      Access-Control-Max-Age:
      - '300'
      Cache-Control:
      - no-cache, no-store
      Request-Id:
      - req_S2quYCBXQg7qC4
      Stripe-Version:
      - '2015-10-16'
      Strict-Transport-Security:
      - max-age=31556926; includeSubDomains; preload
    body:
      encoding: UTF-8
      string: |
        {
          "id": "tok_1CrPiX2sOmf47Nz9U6pc54K3",
          "object": "token",
          "card": {
            "id": "card_1CrPiX2sOmf47Nz9wzEfS1UE",
            "object": "card",
            "address_city": null,
            "address_country": null,
            "address_line1": null,
            "address_line1_check": null,
            "address_line2": null,
            "address_state": null,
            "address_zip": null,
            "address_zip_check": null,
            "brand": "Visa",
            "country": "US",
            "cvc_check": "unchecked",
            "dynamic_last4": null,
            "exp_month": 4,
            "exp_year": 2019,
            "fingerprint": "o52jybR7bnmNn6AT",
            "funding": "credit",
            "last4": "4242",
            "metadata": {},
            "name": null,
            "tokenization_method": null
          },
          "client_ip": "90.112.128.65",
          "created": 1532435657,
          "livemode": false,
          "type": "card",
          "used": false
        }
    http_version: 
  recorded_at: Tue, 24 Jul 2018 12:34:18 GMT
- request:
    method: get
    uri: https://api.stripe.com/v1/customers/cus_8E2ys9zDZgetWX
    body:
      encoding: US-ASCII
      string: ''
    headers:
      Accept:
      - "*/*; q=0.5, application/xml"
      Accept-Encoding:
      - gzip, deflate
      User-Agent:
      - Stripe/v1 RubyBindings/1.30.2
      Authorization:
      - Bearer sk_test_testfaketestfaketestfake
      Content-Type:
      - application/x-www-form-urlencoded
      Stripe-Version:
      - '2015-10-16'
      X-Stripe-Client-User-Agent:
      - '{"bindings_version":"1.30.2","lang":"ruby","lang_version":"2.3.6 p384 (2017-12-14)","platform":"x86_64-linux","engine":"ruby","publisher":"stripe","uname":"Linux
        version 4.15.0-29-generic (buildd@lcy01-amd64-024) (gcc version 5.4.0 20160609
        (Ubuntu 5.4.0-6ubuntu1~16.04.10)) #31~16.04.1-Ubuntu SMP Wed Jul 18 08:54:04
        UTC 2018","hostname":"Sleede-SylvainPC"}'
  response:
    status:
      code: 200
      message: OK
    headers:
      Server:
      - nginx
      Date:
      - Tue, 24 Jul 2018 12:34:18 GMT
      Content-Type:
      - application/json
      Content-Length:
      - '1441'
      Connection:
      - keep-alive
      Access-Control-Allow-Credentials:
      - 'true'
      Access-Control-Allow-Methods:
      - GET, POST, HEAD, OPTIONS, DELETE
      Access-Control-Allow-Origin:
      - "*"
      Access-Control-Expose-Headers:
      - Request-Id, Stripe-Manage-Version, X-Stripe-External-Auth-Required, X-Stripe-Privileged-Session-Required
      Access-Control-Max-Age:
      - '300'
      Cache-Control:
      - no-cache, no-store
      Request-Id:
      - req_7qQ3GO9UY6jsw6
      Stripe-Version:
      - '2015-10-16'
      Strict-Transport-Security:
      - max-age=31556926; includeSubDomains; preload
    body:
      encoding: UTF-8
      string: |
        {
          "id": "cus_8E2ys9zDZgetWX",
          "object": "customer",
          "account_balance": 0,
          "created": 1460026822,
          "currency": "usd",
          "default_source": "card_1BYyRi2sOmf47Nz9yj9PfHSf",
          "delinquent": false,
          "description": "Lucile Seguin",
          "discount": null,
          "email": "lucile.seguin@live.fr",
          "invoice_prefix": "BCC32B8",
          "livemode": false,
          "metadata": {},
          "shipping": null,
          "sources": {
            "object": "list",
            "data": [
              {
                "id": "card_1BYyRi2sOmf47Nz9yj9PfHSf",
                "object": "card",
                "address_city": null,
                "address_country": null,
                "address_line1": null,
                "address_line1_check": null,
                "address_line2": null,
                "address_state": null,
                "address_zip": null,
                "address_zip_check": null,
                "brand": "Visa",
                "country": "US",
                "customer": "cus_8E2ys9zDZgetWX",
                "cvc_check": "pass",
                "dynamic_last4": null,
                "exp_month": 4,
                "exp_year": 2018,
                "fingerprint": "o52jybR7bnmNn6AT",
                "funding": "credit",
                "last4": "4242",
                "metadata": {},
                "name": null,
                "tokenization_method": null
              }
            ],
            "has_more": false,
            "total_count": 1,
            "url": "/v1/customers/cus_8E2ys9zDZgetWX/sources"
          },
          "subscriptions": {
            "object": "list",
            "data": [],
            "has_more": false,
            "total_count": 0,
            "url": "/v1/customers/cus_8E2ys9zDZgetWX/subscriptions"
          }
        }
    http_version: 
  recorded_at: Tue, 24 Jul 2018 12:34:18 GMT
- request:
    method: post
    uri: https://api.stripe.com/v1/customers/cus_8E2ys9zDZgetWX/subscriptions
    body:
      encoding: UTF-8
      string: plan=mensuel-standard-month-20160404171519&source=tok_1CrPiX2sOmf47Nz9U6pc54K3
    headers:
      Accept:
      - "*/*; q=0.5, application/xml"
      Accept-Encoding:
      - gzip, deflate
      User-Agent:
      - Stripe/v1 RubyBindings/1.30.2
      Authorization:
      - Bearer sk_test_testfaketestfaketestfake
      Content-Type:
      - application/x-www-form-urlencoded
      Stripe-Version:
      - '2015-10-16'
      X-Stripe-Client-User-Agent:
      - '{"bindings_version":"1.30.2","lang":"ruby","lang_version":"2.3.6 p384 (2017-12-14)","platform":"x86_64-linux","engine":"ruby","publisher":"stripe","uname":"Linux
        version 4.15.0-29-generic (buildd@lcy01-amd64-024) (gcc version 5.4.0 20160609
        (Ubuntu 5.4.0-6ubuntu1~16.04.10)) #31~16.04.1-Ubuntu SMP Wed Jul 18 08:54:04
        UTC 2018","hostname":"Sleede-SylvainPC"}'
      Content-Length:
      - '78'
  response:
    status:
      code: 200
      message: OK
    headers:
      Server:
      - nginx
      Date:
      - Tue, 24 Jul 2018 12:34:20 GMT
      Content-Type:
      - application/json
      Content-Length:
      - '2355'
      Connection:
      - keep-alive
      Access-Control-Allow-Credentials:
      - 'true'
      Access-Control-Allow-Methods:
      - GET, POST, HEAD, OPTIONS, DELETE
      Access-Control-Allow-Origin:
      - "*"
      Access-Control-Expose-Headers:
      - Request-Id, Stripe-Manage-Version, X-Stripe-External-Auth-Required, X-Stripe-Privileged-Session-Required
      Access-Control-Max-Age:
      - '300'
      Cache-Control:
      - no-cache, no-store
      Request-Id:
      - req_wLmGdOjj3m1DYz
      Stripe-Version:
      - '2015-10-16'
      Strict-Transport-Security:
      - max-age=31556926; includeSubDomains; preload
    body:
      encoding: UTF-8
      string: |
        {
          "id": "sub_DHzhq25tCfbtSI",
          "object": "subscription",
          "application_fee_percent": null,
          "billing": "charge_automatically",
          "billing_cycle_anchor": 1532435659,
          "cancel_at_period_end": false,
          "canceled_at": null,
          "created": 1532435659,
          "current_period_end": 1535114059,
          "current_period_start": 1532435659,
          "customer": "cus_8E2ys9zDZgetWX",
          "days_until_due": null,
          "discount": null,
          "ended_at": null,
          "items": {
            "object": "list",
            "data": [
              {
                "id": "si_DHzhmiu9zrskuA",
                "object": "subscription_item",
                "created": 1532435660,
                "metadata": {},
                "plan": {
                  "id": "mensuel-standard-month-20160404171519",
                  "object": "plan",
                  "active": true,
                  "aggregate_usage": null,
                  "amount": 3000,
                  "billing_scheme": "per_unit",
                  "created": 1459782921,
                  "currency": "usd",
                  "interval": "month",
                  "interval_count": 1,
                  "livemode": false,
                  "metadata": {},
                  "name": "Mensuel - standard, association - month",
                  "nickname": null,
                  "product": "prod_BV0emghsuiUJDn",
                  "statement_descriptor": null,
                  "tiers": null,
                  "tiers_mode": null,
                  "transform_usage": null,
                  "trial_period_days": null,
                  "usage_type": "licensed"
                },
                "quantity": 1,
                "subscription": "sub_DHzhq25tCfbtSI"
              }
            ],
            "has_more": false,
            "total_count": 1,
            "url": "/v1/subscription_items?subscription=sub_DHzhq25tCfbtSI"
          },
          "livemode": false,
          "metadata": {},
          "plan": {
            "id": "mensuel-standard-month-20160404171519",
            "object": "plan",
            "active": true,
            "aggregate_usage": null,
            "amount": 3000,
            "billing_scheme": "per_unit",
            "created": 1459782921,
            "currency": "usd",
            "interval": "month",
            "interval_count": 1,
            "livemode": false,
            "metadata": {},
            "name": "Mensuel - standard, association - month",
            "nickname": null,
            "product": "prod_BV0emghsuiUJDn",
            "statement_descriptor": null,
            "tiers": null,
            "tiers_mode": null,
            "transform_usage": null,
            "trial_period_days": null,
            "usage_type": "licensed"
          },
          "quantity": 1,
          "start": 1532435659,
          "status": "active",
          "tax_percent": null,
          "trial_end": null,
          "trial_start": null
        }
    http_version: 
  recorded_at: Tue, 24 Jul 2018 12:34:20 GMT
- request:
    method: get
    uri: https://api.stripe.com/v1/invoices?customer=cus_8E2ys9zDZgetWX&limit=1
    body:
      encoding: US-ASCII
      string: ''
    headers:
      Accept:
      - "*/*; q=0.5, application/xml"
      Accept-Encoding:
      - gzip, deflate
      User-Agent:
      - Stripe/v1 RubyBindings/1.30.2
      Authorization:
      - Bearer sk_test_testfaketestfaketestfake
      Content-Type:
      - application/x-www-form-urlencoded
      Stripe-Version:
      - '2015-10-16'
      X-Stripe-Client-User-Agent:
      - '{"bindings_version":"1.30.2","lang":"ruby","lang_version":"2.3.6 p384 (2017-12-14)","platform":"x86_64-linux","engine":"ruby","publisher":"stripe","uname":"Linux
        version 4.15.0-29-generic (buildd@lcy01-amd64-024) (gcc version 5.4.0 20160609
        (Ubuntu 5.4.0-6ubuntu1~16.04.10)) #31~16.04.1-Ubuntu SMP Wed Jul 18 08:54:04
        UTC 2018","hostname":"Sleede-SylvainPC"}'
  response:
    status:
      code: 200
      message: OK
    headers:
      Server:
      - nginx
      Date:
      - Tue, 24 Jul 2018 12:34:21 GMT
      Content-Type:
      - application/json
      Content-Length:
      - '3012'
      Connection:
      - keep-alive
      Access-Control-Allow-Credentials:
      - 'true'
      Access-Control-Allow-Methods:
      - GET, POST, HEAD, OPTIONS, DELETE
      Access-Control-Allow-Origin:
      - "*"
      Access-Control-Expose-Headers:
      - Request-Id, Stripe-Manage-Version, X-Stripe-External-Auth-Required, X-Stripe-Privileged-Session-Required
      Access-Control-Max-Age:
      - '300'
      Cache-Control:
      - no-cache, no-store
      Request-Id:
      - req_0Ae3VAoCATnZoC
      Stripe-Version:
      - '2015-10-16'
      Strict-Transport-Security:
      - max-age=31556926; includeSubDomains; preload
    body:
      encoding: UTF-8
      string: |
        {
          "object": "list",
          "data": [
            {
              "id": "in_1CrPiZ2sOmf47Nz90A07osuo",
              "object": "invoice",
              "amount_due": 3000,
              "amount_paid": 3000,
              "amount_remaining": 0,
              "application_fee": null,
              "attempt_count": 1,
              "attempted": true,
              "auto_advance": false,
              "billing": "charge_automatically",
              "billing_reason": "subscription_update",
              "charge": "ch_1CrPiZ2sOmf47Nz9Q7bUVEqb",
              "closed": true,
              "currency": "usd",
              "customer": "cus_8E2ys9zDZgetWX",
              "date": 1532435659,
              "description": null,
              "discount": null,
              "due_date": null,
              "ending_balance": 0,
              "forgiven": false,
              "hosted_invoice_url": "https://pay.stripe.com/invoice/invst_kwlYPaNEyGAhj5VFyLRdPz7dUA",
              "invoice_pdf": "https://pay.stripe.com/invoice/invst_kwlYPaNEyGAhj5VFyLRdPz7dUA/pdf",
              "lines": {
                "object": "list",
                "data": [
                  {
                    "id": "sub_DHzhq25tCfbtSI",
                    "object": "line_item",
                    "amount": 3000,
                    "currency": "usd",
                    "description": null,
                    "discountable": true,
                    "livemode": false,
                    "metadata": {},
                    "period": {
                      "end": 1535114059,
                      "start": 1532435659
                    },
                    "plan": {
                      "id": "mensuel-standard-month-20160404171519",
                      "object": "plan",
                      "active": true,
                      "aggregate_usage": null,
                      "amount": 3000,
                      "billing_scheme": "per_unit",
                      "created": 1459782921,
                      "currency": "usd",
                      "interval": "month",
                      "interval_count": 1,
                      "livemode": false,
                      "metadata": {},
                      "name": "Mensuel - standard, association - month",
                      "nickname": null,
                      "product": "prod_BV0emghsuiUJDn",
                      "statement_descriptor": null,
                      "tiers": null,
                      "tiers_mode": null,
                      "transform_usage": null,
                      "trial_period_days": null,
                      "usage_type": "licensed"
                    },
                    "proration": false,
                    "quantity": 1,
                    "subscription": null,
                    "subscription_item": "si_DHzhmiu9zrskuA",
                    "type": "subscription"
                  }
                ],
                "has_more": false,
                "total_count": 1,
                "url": "/v1/invoices/in_1CrPiZ2sOmf47Nz90A07osuo/lines"
              },
              "livemode": false,
              "metadata": {},
              "next_payment_attempt": null,
              "number": "BCC32B8-0012",
              "paid": true,
              "period_end": 1532435659,
              "period_start": 1532435659,
              "receipt_number": null,
              "starting_balance": 0,
              "statement_descriptor": null,
              "subscription": "sub_DHzhq25tCfbtSI",
              "subtotal": 3000,
              "tax": null,
              "tax_percent": null,
              "total": 3000,
              "webhooks_delivered_at": 1532435660
            }
          ],
          "has_more": true,
          "url": "/v1/invoices"
        }
    http_version: 
  recorded_at: Tue, 24 Jul 2018 12:34:21 GMT
- request:
    method: get
    uri: https://api.stripe.com/v1/customers/cus_8E2ys9zDZgetWX
    body:
      encoding: US-ASCII
      string: ''
    headers:
      Accept:
      - "*/*; q=0.5, application/xml"
      Accept-Encoding:
      - gzip, deflate
      User-Agent:
      - Stripe/v1 RubyBindings/1.30.2
      Authorization:
      - Bearer sk_test_testfaketestfaketestfake
      Content-Type:
      - application/x-www-form-urlencoded
      Stripe-Version:
      - '2015-10-16'
      X-Stripe-Client-User-Agent:
      - '{"bindings_version":"1.30.2","lang":"ruby","lang_version":"2.3.6 p384 (2017-12-14)","platform":"x86_64-linux","engine":"ruby","publisher":"stripe","uname":"Linux
        version 4.15.0-29-generic (buildd@lcy01-amd64-024) (gcc version 5.4.0 20160609
        (Ubuntu 5.4.0-6ubuntu1~16.04.10)) #31~16.04.1-Ubuntu SMP Wed Jul 18 08:54:04
        UTC 2018","hostname":"Sleede-SylvainPC"}'
  response:
    status:
      code: 200
      message: OK
    headers:
      Server:
      - nginx
      Date:
      - Tue, 24 Jul 2018 12:34:22 GMT
      Content-Type:
      - application/json
      Content-Length:
      - '4317'
      Connection:
      - keep-alive
      Access-Control-Allow-Credentials:
      - 'true'
      Access-Control-Allow-Methods:
      - GET, POST, HEAD, OPTIONS, DELETE
      Access-Control-Allow-Origin:
      - "*"
      Access-Control-Expose-Headers:
      - Request-Id, Stripe-Manage-Version, X-Stripe-External-Auth-Required, X-Stripe-Privileged-Session-Required
      Access-Control-Max-Age:
      - '300'
      Cache-Control:
      - no-cache, no-store
      Request-Id:
      - req_gD77Nm7X1hvb4h
      Stripe-Version:
      - '2015-10-16'
      Strict-Transport-Security:
      - max-age=31556926; includeSubDomains; preload
    body:
      encoding: UTF-8
      string: |
        {
          "id": "cus_8E2ys9zDZgetWX",
          "object": "customer",
          "account_balance": 0,
          "created": 1460026822,
          "currency": "usd",
          "default_source": "card_1CrPiX2sOmf47Nz9wzEfS1UE",
          "delinquent": false,
          "description": "Lucile Seguin",
          "discount": null,
          "email": "lucile.seguin@live.fr",
          "invoice_prefix": "BCC32B8",
          "livemode": false,
          "metadata": {},
          "shipping": null,
          "sources": {
            "object": "list",
            "data": [
              {
                "id": "card_1CrPiX2sOmf47Nz9wzEfS1UE",
                "object": "card",
                "address_city": null,
                "address_country": null,
                "address_line1": null,
                "address_line1_check": null,
                "address_line2": null,
                "address_state": null,
                "address_zip": null,
                "address_zip_check": null,
                "brand": "Visa",
                "country": "US",
                "customer": "cus_8E2ys9zDZgetWX",
                "cvc_check": "pass",
                "dynamic_last4": null,
                "exp_month": 4,
                "exp_year": 2019,
                "fingerprint": "o52jybR7bnmNn6AT",
                "funding": "credit",
                "last4": "4242",
                "metadata": {},
                "name": null,
                "tokenization_method": null
              }
            ],
            "has_more": false,
            "total_count": 1,
            "url": "/v1/customers/cus_8E2ys9zDZgetWX/sources"
          },
          "subscriptions": {
            "object": "list",
            "data": [
              {
                "id": "sub_DHzhq25tCfbtSI",
                "object": "subscription",
                "application_fee_percent": null,
                "billing": "charge_automatically",
                "billing_cycle_anchor": 1532435659,
                "cancel_at_period_end": false,
                "canceled_at": null,
                "created": 1532435659,
                "current_period_end": 1535114059,
                "current_period_start": 1532435659,
                "customer": "cus_8E2ys9zDZgetWX",
                "days_until_due": null,
                "discount": null,
                "ended_at": null,
                "items": {
                  "object": "list",
                  "data": [
                    {
                      "id": "si_DHzhmiu9zrskuA",
                      "object": "subscription_item",
                      "created": 1532435660,
                      "metadata": {},
                      "plan": {
                        "id": "mensuel-standard-month-20160404171519",
                        "object": "plan",
                        "active": true,
                        "aggregate_usage": null,
                        "amount": 3000,
                        "billing_scheme": "per_unit",
                        "created": 1459782921,
                        "currency": "usd",
                        "interval": "month",
                        "interval_count": 1,
                        "livemode": false,
                        "metadata": {},
                        "name": "Mensuel - standard, association - month",
                        "nickname": null,
                        "product": "prod_BV0emghsuiUJDn",
                        "statement_descriptor": null,
                        "tiers": null,
                        "tiers_mode": null,
                        "transform_usage": null,
                        "trial_period_days": null,
                        "usage_type": "licensed"
                      },
                      "quantity": 1,
                      "subscription": "sub_DHzhq25tCfbtSI"
                    }
                  ],
                  "has_more": false,
                  "total_count": 1,
                  "url": "/v1/subscription_items?subscription=sub_DHzhq25tCfbtSI"
                },
                "livemode": false,
                "metadata": {},
                "plan": {
                  "id": "mensuel-standard-month-20160404171519",
                  "object": "plan",
                  "active": true,
                  "aggregate_usage": null,
                  "amount": 3000,
                  "billing_scheme": "per_unit",
                  "created": 1459782921,
                  "currency": "usd",
                  "interval": "month",
                  "interval_count": 1,
                  "livemode": false,
                  "metadata": {},
                  "name": "Mensuel - standard, association - month",
                  "nickname": null,
                  "product": "prod_BV0emghsuiUJDn",
                  "statement_descriptor": null,
                  "tiers": null,
                  "tiers_mode": null,
                  "transform_usage": null,
                  "trial_period_days": null,
                  "usage_type": "licensed"
                },
                "quantity": 1,
                "start": 1532435659,
                "status": "active",
                "tax_percent": null,
                "trial_end": null,
                "trial_start": null
              }
            ],
            "has_more": false,
            "total_count": 1,
            "url": "/v1/customers/cus_8E2ys9zDZgetWX/subscriptions"
          }
        }
    http_version: 
  recorded_at: Tue, 24 Jul 2018 12:34:23 GMT
- request:
    method: get
    uri: https://api.stripe.com/v1/customers/cus_8E2ys9zDZgetWX/subscriptions/sub_DHzhq25tCfbtSI
    body:
      encoding: US-ASCII
      string: ''
    headers:
      Accept:
      - "*/*; q=0.5, application/xml"
      Accept-Encoding:
      - gzip, deflate
      User-Agent:
      - Stripe/v1 RubyBindings/1.30.2
      Authorization:
      - Bearer sk_test_testfaketestfaketestfake
      Content-Type:
      - application/x-www-form-urlencoded
      Stripe-Version:
      - '2015-10-16'
      X-Stripe-Client-User-Agent:
      - '{"bindings_version":"1.30.2","lang":"ruby","lang_version":"2.3.6 p384 (2017-12-14)","platform":"x86_64-linux","engine":"ruby","publisher":"stripe","uname":"Linux
        version 4.15.0-29-generic (buildd@lcy01-amd64-024) (gcc version 5.4.0 20160609
        (Ubuntu 5.4.0-6ubuntu1~16.04.10)) #31~16.04.1-Ubuntu SMP Wed Jul 18 08:54:04
        UTC 2018","hostname":"Sleede-SylvainPC"}'
  response:
    status:
      code: 200
      message: OK
    headers:
      Server:
      - nginx
      Date:
      - Tue, 24 Jul 2018 12:34:23 GMT
      Content-Type:
      - application/json
      Content-Length:
      - '2355'
      Connection:
      - keep-alive
      Access-Control-Allow-Credentials:
      - 'true'
      Access-Control-Allow-Methods:
      - GET, POST, HEAD, OPTIONS, DELETE
      Access-Control-Allow-Origin:
      - "*"
      Access-Control-Expose-Headers:
      - Request-Id, Stripe-Manage-Version, X-Stripe-External-Auth-Required, X-Stripe-Privileged-Session-Required
      Access-Control-Max-Age:
      - '300'
      Cache-Control:
      - no-cache, no-store
      Request-Id:
      - req_PRPHcGdKEmeuzS
      Stripe-Version:
      - '2015-10-16'
      Strict-Transport-Security:
      - max-age=31556926; includeSubDomains; preload
    body:
      encoding: UTF-8
      string: |
        {
          "id": "sub_DHzhq25tCfbtSI",
          "object": "subscription",
          "application_fee_percent": null,
          "billing": "charge_automatically",
          "billing_cycle_anchor": 1532435659,
          "cancel_at_period_end": false,
          "canceled_at": null,
          "created": 1532435659,
          "current_period_end": 1535114059,
          "current_period_start": 1532435659,
          "customer": "cus_8E2ys9zDZgetWX",
          "days_until_due": null,
          "discount": null,
          "ended_at": null,
          "items": {
            "object": "list",
            "data": [
              {
                "id": "si_DHzhmiu9zrskuA",
                "object": "subscription_item",
                "created": 1532435660,
                "metadata": {},
                "plan": {
                  "id": "mensuel-standard-month-20160404171519",
                  "object": "plan",
                  "active": true,
                  "aggregate_usage": null,
                  "amount": 3000,
                  "billing_scheme": "per_unit",
                  "created": 1459782921,
                  "currency": "usd",
                  "interval": "month",
                  "interval_count": 1,
                  "livemode": false,
                  "metadata": {},
                  "name": "Mensuel - standard, association - month",
                  "nickname": null,
                  "product": "prod_BV0emghsuiUJDn",
                  "statement_descriptor": null,
                  "tiers": null,
                  "tiers_mode": null,
                  "transform_usage": null,
                  "trial_period_days": null,
                  "usage_type": "licensed"
                },
                "quantity": 1,
                "subscription": "sub_DHzhq25tCfbtSI"
              }
            ],
            "has_more": false,
            "total_count": 1,
            "url": "/v1/subscription_items?subscription=sub_DHzhq25tCfbtSI"
          },
          "livemode": false,
          "metadata": {},
          "plan": {
            "id": "mensuel-standard-month-20160404171519",
            "object": "plan",
            "active": true,
            "aggregate_usage": null,
            "amount": 3000,
            "billing_scheme": "per_unit",
            "created": 1459782921,
            "currency": "usd",
            "interval": "month",
            "interval_count": 1,
            "livemode": false,
            "metadata": {},
            "name": "Mensuel - standard, association - month",
            "nickname": null,
            "product": "prod_BV0emghsuiUJDn",
            "statement_descriptor": null,
            "tiers": null,
            "tiers_mode": null,
            "transform_usage": null,
            "trial_period_days": null,
            "usage_type": "licensed"
          },
          "quantity": 1,
          "start": 1532435659,
          "status": "active",
          "tax_percent": null,
          "trial_end": null,
          "trial_start": null
        }
    http_version: 
  recorded_at: Tue, 24 Jul 2018 12:34:23 GMT
- request:
    method: delete
    uri: https://api.stripe.com/v1/customers/cus_8E2ys9zDZgetWX/subscriptions/sub_DHzhq25tCfbtSI?at_period_end=true
    body:
      encoding: US-ASCII
      string: ''
    headers:
      Accept:
      - "*/*; q=0.5, application/xml"
      Accept-Encoding:
      - gzip, deflate
      User-Agent:
      - Stripe/v1 RubyBindings/1.30.2
      Authorization:
      - Bearer sk_test_testfaketestfaketestfake
      Content-Type:
      - application/x-www-form-urlencoded
      Stripe-Version:
      - '2015-10-16'
      X-Stripe-Client-User-Agent:
      - '{"bindings_version":"1.30.2","lang":"ruby","lang_version":"2.3.6 p384 (2017-12-14)","platform":"x86_64-linux","engine":"ruby","publisher":"stripe","uname":"Linux
        version 4.15.0-29-generic (buildd@lcy01-amd64-024) (gcc version 5.4.0 20160609
        (Ubuntu 5.4.0-6ubuntu1~16.04.10)) #31~16.04.1-Ubuntu SMP Wed Jul 18 08:54:04
        UTC 2018","hostname":"Sleede-SylvainPC"}'
  response:
    status:
      code: 200
      message: OK
    headers:
      Server:
      - nginx
      Date:
      - Tue, 24 Jul 2018 12:34:25 GMT
      Content-Type:
      - application/json
      Content-Length:
      - '2360'
      Connection:
      - keep-alive
      Access-Control-Allow-Credentials:
      - 'true'
      Access-Control-Allow-Methods:
      - GET, POST, HEAD, OPTIONS, DELETE
      Access-Control-Allow-Origin:
      - "*"
      Access-Control-Expose-Headers:
      - Request-Id, Stripe-Manage-Version, X-Stripe-External-Auth-Required, X-Stripe-Privileged-Session-Required
      Access-Control-Max-Age:
      - '300'
      Cache-Control:
      - no-cache, no-store
      Request-Id:
      - req_L3GINysErkqJRo
      Stripe-Version:
      - '2015-10-16'
      Strict-Transport-Security:
      - max-age=31556926; includeSubDomains; preload
    body:
      encoding: UTF-8
      string: |
        {
          "id": "sub_DHzhq25tCfbtSI",
          "object": "subscription",
          "application_fee_percent": null,
          "billing": "charge_automatically",
          "billing_cycle_anchor": 1532435659,
          "cancel_at_period_end": true,
          "canceled_at": 1532435664,
          "created": 1532435659,
          "current_period_end": 1535114059,
          "current_period_start": 1532435659,
          "customer": "cus_8E2ys9zDZgetWX",
          "days_until_due": null,
          "discount": null,
          "ended_at": null,
          "items": {
            "object": "list",
            "data": [
              {
                "id": "si_DHzhmiu9zrskuA",
                "object": "subscription_item",
                "created": 1532435660,
                "metadata": {},
                "plan": {
                  "id": "mensuel-standard-month-20160404171519",
                  "object": "plan",
                  "active": true,
                  "aggregate_usage": null,
                  "amount": 3000,
                  "billing_scheme": "per_unit",
                  "created": 1459782921,
                  "currency": "usd",
                  "interval": "month",
                  "interval_count": 1,
                  "livemode": false,
                  "metadata": {},
                  "name": "Mensuel - standard, association - month",
                  "nickname": null,
                  "product": "prod_BV0emghsuiUJDn",
                  "statement_descriptor": null,
                  "tiers": null,
                  "tiers_mode": null,
                  "transform_usage": null,
                  "trial_period_days": null,
                  "usage_type": "licensed"
                },
                "quantity": 1,
                "subscription": "sub_DHzhq25tCfbtSI"
              }
            ],
            "has_more": false,
            "total_count": 1,
            "url": "/v1/subscription_items?subscription=sub_DHzhq25tCfbtSI"
          },
          "livemode": false,
          "metadata": {},
          "plan": {
            "id": "mensuel-standard-month-20160404171519",
            "object": "plan",
            "active": true,
            "aggregate_usage": null,
            "amount": 3000,
            "billing_scheme": "per_unit",
            "created": 1459782921,
            "currency": "usd",
            "interval": "month",
            "interval_count": 1,
            "livemode": false,
            "metadata": {},
            "name": "Mensuel - standard, association - month",
            "nickname": null,
            "product": "prod_BV0emghsuiUJDn",
            "statement_descriptor": null,
            "tiers": null,
            "tiers_mode": null,
            "transform_usage": null,
            "trial_period_days": null,
            "usage_type": "licensed"
          },
          "quantity": 1,
          "start": 1532435659,
          "status": "active",
          "tax_percent": null,
          "trial_end": null,
          "trial_start": null
        }
    http_version: 
  recorded_at: Tue, 24 Jul 2018 12:34:25 GMT
recorded_with: VCR 3.0.1
